%Warning-WIDTHEXPAND: /mnt/c/Users/26598/Desktop/img_filter_submission/work/vfir-docs-uvm/verification/img_filter_tb.v:165:51: Operator SUB expects 32 bits on the LHS, but LHS's VARXREF 'h_m1_q' generates 12 bits.
                                                                                                                             : ... note: In instance 'img_filter_tb'
  165 |             align_y  = img_filter_tb.u_dut.h_m1_q - img_filter_tb.u_dut.rem_f;
      |                                                   ^
                      ... For warning description see https://verilator.org/warn/WIDTHEXPAND?v=5.050
                      ... Use "/* verilator lint_off WIDTHEXPAND */" and lint_on around source to disable this message.
%Warning-WIDTHEXPAND: /mnt/c/Users/26598/Desktop/img_filter_submission/work/vfir-docs-uvm/verification/img_filter_tb.v:165:51: Operator SUB expects 32 bits on the RHS, but RHS's VARXREF 'rem_f' generates 12 bits.
                                                                                                                             : ... note: In instance 'img_filter_tb'
  165 |             align_y  = img_filter_tb.u_dut.h_m1_q - img_filter_tb.u_dut.rem_f;
      |                                                   ^
%Warning-WIDTHEXPAND: /mnt/c/Users/26598/Desktop/img_filter_submission/work/vfir-docs-uvm/verification/img_filter_tb.v:166:51: Operator ADD expects 32 bits on the LHS, but LHS's VARXREF 'h_m1_q' generates 12 bits.
                                                                                                                             : ... note: In instance 'img_filter_tb'
  166 |             align_h  = img_filter_tb.u_dut.h_m1_q + 1;
      |                                                   ^
%Warning-WIDTHEXPAND: /mnt/c/Users/26598/Desktop/img_filter_submission/work/vfir-docs-uvm/verification/img_filter_tb.v:167:22: Operator ASSIGN expects 32 bits on the Assign RHS, but Assign RHS's VARXREF 'hv_q' generates 5 bits.
                                                                                                                             : ... note: In instance 'img_filter_tb'
  167 |             align_hv = img_filter_tb.u_dut.hv_q;
      |                      ^
%Warning-WIDTHEXPAND: /mnt/c/Users/26598/Desktop/img_filter_submission/work/vfir-docs-uvm/verification/img_filter_tb.v:171:28: Operator ASSIGN expects 32 bits on the Assign RHS, but Assign RHS's ARRAYSEL generates 8 bits.
                                                                                                                             : ... note: In instance 'img_filter_tb'
  171 |                 align_coef = cf[align_k + 24];
      |                            ^
%Warning-WIDTHEXPAND: /mnt/c/Users/26598/Desktop/img_filter_submission/work/vfir-docs-uvm/verification/img_filter_tb.v:193:28: Operator ASSIGN expects 32 bits on the Assign RHS, but Assign RHS's NEQCASE generates 1 bits.
                                                                                                                             : ... note: In instance 'img_filter_tb'
  193 |             align_mismatch = (img_filter_tb.u_dut.cbp_cur !== align_bypass);
      |                            ^
%Warning-WIDTHTRUNC: /mnt/c/Users/26598/Desktop/img_filter_submission/work/vfir-docs-uvm/verification/img_filter_tb.v:203:13: Logical operator IF expects 1 bit on the If, but If's VARREF 'align_mismatch' generates 32 bits.
                                                                                                                            : ... note: In instance 'img_filter_tb'
  203 |             if (align_mismatch) begin
      |             ^~
                     ... For warning description see https://verilator.org/warn/WIDTHTRUNC?v=5.050
                     ... Use "/* verilator lint_off WIDTHTRUNC */" and lint_on around source to disable this message.
%Warning-WIDTHEXPAND: /mnt/c/Users/26598/Desktop/img_filter_submission/work/vfir-docs-uvm/verification/img_filter_tb.v:337:63: Operator ADD expects 32 bits on the RHS, but RHS's ARRAYSEL generates 8 bits.
                                                                                                                             : ... note: In instance 'img_filter_tb'
  337 |             for (k = -hvv; k <= hvv; k = k + 1) sum_c = sum_c + cf[k+24];
      |                                                               ^
%Warning-WIDTHTRUNC: /mnt/c/Users/26598/Desktop/img_filter_submission/work/vfir-docs-uvm/verification/img_filter_tb.v:381:24: Operator ASSIGNDLY expects 11 bits on the Assign RHS, but Assign RHS's SUB generates 32 bits.
                                                                                                                            : ... note: In instance 'img_filter_tb'
  381 |             img_width  <= W - 1;
      |                        ^~
%Warning-WIDTHTRUNC: /mnt/c/Users/26598/Desktop/img_filter_submission/work/vfir-docs-uvm/verification/img_filter_tb.v:382:24: Operator ASSIGNDLY expects 12 bits on the Assign RHS, but Assign RHS's SUB generates 32 bits.
                                                                                                                            : ... note: In instance 'img_filter_tb'
  382 |             img_height <= H - 1;
      |                        ^~
%Warning-WIDTHTRUNC: /mnt/c/Users/26598/Desktop/img_filter_submission/work/vfir-docs-uvm/verification/img_filter_tb.v:383:24: Operator ASSIGNDLY expects 6 bits on the Assign RHS, but Assign RHS's VARREF 'bv' generates 32 bits.
                                                                                                                            : ... note: In instance 'img_filter_tb'
  383 |             blk_v      <= bv;
      |                        ^~
%Warning-WIDTHEXPAND: /mnt/c/Users/26598/Desktop/img_filter_submission/work/vfir-docs-uvm/verification/img_filter_tb.v:403:51: Operator ASSIGN expects 40 bits on the Assign RHS, but Assign RHS's REPLICATE generates 32 bits.
                                                                                                                             : ... note: In instance 'img_filter_tb'
  403 |                                 beat[ll*40 +: 40] = {$random(seed)};
      |                                                   ^
%Warning-WIDTHTRUNC: /mnt/c/Users/26598/Desktop/img_filter_submission/work/vfir-docs-uvm/verification/img_filter_tb.v:400:34: Logical operator IF expects 1 bit on the If, but If's VARREF 'xgarbage' generates 32 bits.
                                                                                                                            : ... note: In instance 'img_filter_tb'
  400 |                             else if (xgarbage)
      |                                  ^~
%Warning-WIDTHTRUNC: /mnt/c/Users/26598/Desktop/img_filter_submission/work/vfir-docs-uvm/verification/img_filter_tb.v:472:33: Logical operator COND expects 1 bit on the Conditional Test, but Conditional Test's VARREF 'with_gaps' generates 32 bits.
                                                                                                                            : ... note: In instance 'img_filter_tb'
  472 |                 gi_ = with_gaps ? ({$random(seed)} % 50) : 0;
      |                                 ^
%Warning-WIDTHTRUNC: /mnt/c/Users/26598/Desktop/img_filter_submission/work/vfir-docs-uvm/verification/img_filter_tb.v:473:33: Logical operator COND expects 1 bit on the Conditional Test, but Conditional Test's VARREF 'with_gaps' generates 32 bits.
                                                                                                                            : ... note: In instance 'img_filter_tb'
  473 |                 go_ = with_gaps ? ({$random(seed)} % 50) : 0;
      |                                 ^
%Warning-UNSIGNED: /home/ibex/vfir-v5-full-20260911/generated/img_filter.v:351:32: Comparison is constant due to unsigned arithmetic
                                                                                 : ... note: In instance 'img_filter_tb.u_dut'
  351 |             wire sel_bot = (gi > thi_c);
      |                                ^
                   ... For warning description see https://verilator.org/warn/UNSIGNED?v=5.050
                   ... Use "/* verilator lint_off UNSIGNED */" and lint_on around source to disable this message.
make: Entering directory '/home/ibex/vfir-v5-full-20260911/obj_dir'
ccache g++ -Os  -I.  -MMD -I/home/ibex/.local/opt/verilator-v5.050/share/verilator/include -I/home/ibex/.local/opt/verilator-v5.050/share/verilator/include/vltstd -DVERILATOR=1 -DVM_COVERAGE=0 -DVM_SC=0 -DVM_TIMING=1 -DVM_TRACE=0 -DVM_TRACE_FST=0 -DVM_TRACE_VCD=0 -DVM_TRACE_SAIF=0 -DVM_VPI=0 -faligned-new -fcf-protection=none -Wno-bool-operation -Wno-int-in-bool-context -Wno-shadow -Wno-sign-compare -Wno-subobject-linkage -Wno-tautological-compare -Wno-uninitialized -Wno-unused-but-set-parameter -Wno-unused-but-set-variable -Wno-unused-parameter -Wno-unused-variable    -DVL_TIME_CONTEXT   -fcoroutines -c -o verilated.o /home/ibex/.local/opt/verilator-v5.050/share/verilator/include/verilated.cpp
ccache g++ -Os  -I.  -MMD -I/home/ibex/.local/opt/verilator-v5.050/share/verilator/include -I/home/ibex/.local/opt/verilator-v5.050/share/verilator/include/vltstd -DVERILATOR=1 -DVM_COVERAGE=0 -DVM_SC=0 -DVM_TIMING=1 -DVM_TRACE=0 -DVM_TRACE_FST=0 -DVM_TRACE_VCD=0 -DVM_TRACE_SAIF=0 -DVM_VPI=0 -faligned-new -fcf-protection=none -Wno-bool-operation -Wno-int-in-bool-context -Wno-shadow -Wno-sign-compare -Wno-subobject-linkage -Wno-tautological-compare -Wno-uninitialized -Wno-unused-but-set-parameter -Wno-unused-but-set-variable -Wno-unused-parameter -Wno-unused-variable    -DVL_TIME_CONTEXT   -fcoroutines -c -o verilated_timing.o /home/ibex/.local/opt/verilator-v5.050/share/verilator/include/verilated_timing.cpp
ccache g++ -Os  -I.  -MMD -I/home/ibex/.local/opt/verilator-v5.050/share/verilator/include -I/home/ibex/.local/opt/verilator-v5.050/share/verilator/include/vltstd -DVERILATOR=1 -DVM_COVERAGE=0 -DVM_SC=0 -DVM_TIMING=1 -DVM_TRACE=0 -DVM_TRACE_FST=0 -DVM_TRACE_VCD=0 -DVM_TRACE_SAIF=0 -DVM_VPI=0 -faligned-new -fcf-protection=none -Wno-bool-operation -Wno-int-in-bool-context -Wno-shadow -Wno-sign-compare -Wno-subobject-linkage -Wno-tautological-compare -Wno-uninitialized -Wno-unused-but-set-parameter -Wno-unused-but-set-variable -Wno-unused-parameter -Wno-unused-variable    -DVL_TIME_CONTEXT   -fcoroutines -c -o verilated_threads.o /home/ibex/.local/opt/verilator-v5.050/share/verilator/include/verilated_threads.cpp
ccache g++ -Os  -I.  -MMD -I/home/ibex/.local/opt/verilator-v5.050/share/verilator/include -I/home/ibex/.local/opt/verilator-v5.050/share/verilator/include/vltstd -DVERILATOR=1 -DVM_COVERAGE=0 -DVM_SC=0 -DVM_TIMING=1 -DVM_TRACE=0 -DVM_TRACE_FST=0 -DVM_TRACE_VCD=0 -DVM_TRACE_SAIF=0 -DVM_VPI=0 -faligned-new -fcf-protection=none -Wno-bool-operation -Wno-int-in-bool-context -Wno-shadow -Wno-sign-compare -Wno-subobject-linkage -Wno-tautological-compare -Wno-uninitialized -Wno-unused-but-set-parameter -Wno-unused-but-set-variable -Wno-unused-parameter -Wno-unused-variable    -DVL_TIME_CONTEXT   -fcoroutines -x c++-header Vimg_filter_tb__pch.h -o Vimg_filter_tb__pch.h.fast.gch
ccache g++   -I.  -MMD -I/home/ibex/.local/opt/verilator-v5.050/share/verilator/include -I/home/ibex/.local/opt/verilator-v5.050/share/verilator/include/vltstd -DVERILATOR=1 -DVM_COVERAGE=0 -DVM_SC=0 -DVM_TIMING=1 -DVM_TRACE=0 -DVM_TRACE_FST=0 -DVM_TRACE_VCD=0 -DVM_TRACE_SAIF=0 -DVM_VPI=0 -faligned-new -fcf-protection=none -Wno-bool-operation -Wno-int-in-bool-context -Wno-shadow -Wno-sign-compare -Wno-subobject-linkage -Wno-tautological-compare -Wno-uninitialized -Wno-unused-but-set-parameter -Wno-unused-but-set-variable -Wno-unused-parameter -Wno-unused-variable    -DVL_TIME_CONTEXT   -fcoroutines -x c++-header Vimg_filter_tb__pch.h -o Vimg_filter_tb__pch.h.slow.gch
ccache g++   -I.  -MMD -I/home/ibex/.local/opt/verilator-v5.050/share/verilator/include -I/home/ibex/.local/opt/verilator-v5.050/share/verilator/include/vltstd -DVERILATOR=1 -DVM_COVERAGE=0 -DVM_SC=0 -DVM_TIMING=1 -DVM_TRACE=0 -DVM_TRACE_FST=0 -DVM_TRACE_VCD=0 -DVM_TRACE_SAIF=0 -DVM_VPI=0 -faligned-new -fcf-protection=none -Wno-bool-operation -Wno-int-in-bool-context -Wno-shadow -Wno-sign-compare -Wno-subobject-linkage -Wno-tautological-compare -Wno-uninitialized -Wno-unused-but-set-parameter -Wno-unused-but-set-variable -Wno-unused-parameter -Wno-unused-variable    -DVL_TIME_CONTEXT   -fcoroutines -include Vimg_filter_tb__pch.h.slow -c Vimg_filter_tb__ConstPool__0__Slow.cpp
ccache g++   -I.  -MMD -I/home/ibex/.local/opt/verilator-v5.050/share/verilator/include -I/home/ibex/.local/opt/verilator-v5.050/share/verilator/include/vltstd -DVERILATOR=1 -DVM_COVERAGE=0 -DVM_SC=0 -DVM_TIMING=1 -DVM_TRACE=0 -DVM_TRACE_FST=0 -DVM_TRACE_VCD=0 -DVM_TRACE_SAIF=0 -DVM_VPI=0 -faligned-new -fcf-protection=none -Wno-bool-operation -Wno-int-in-bool-context -Wno-shadow -Wno-sign-compare -Wno-subobject-linkage -Wno-tautological-compare -Wno-uninitialized -Wno-unused-but-set-parameter -Wno-unused-but-set-variable -Wno-unused-parameter -Wno-unused-variable    -DVL_TIME_CONTEXT   -fcoroutines -include Vimg_filter_tb__pch.h.slow -c Vimg_filter_tb___024root__Slow.cpp
ccache g++   -I.  -MMD -I/home/ibex/.local/opt/verilator-v5.050/share/verilator/include -I/home/ibex/.local/opt/verilator-v5.050/share/verilator/include/vltstd -DVERILATOR=1 -DVM_COVERAGE=0 -DVM_SC=0 -DVM_TIMING=1 -DVM_TRACE=0 -DVM_TRACE_FST=0 -DVM_TRACE_VCD=0 -DVM_TRACE_SAIF=0 -DVM_VPI=0 -faligned-new -fcf-protection=none -Wno-bool-operation -Wno-int-in-bool-context -Wno-shadow -Wno-sign-compare -Wno-subobject-linkage -Wno-tautological-compare -Wno-uninitialized -Wno-unused-but-set-parameter -Wno-unused-but-set-variable -Wno-unused-parameter -Wno-unused-variable    -DVL_TIME_CONTEXT   -fcoroutines -include Vimg_filter_tb__pch.h.slow -c Vimg_filter_tb___024root__0__Slow.cpp
ccache g++   -I.  -MMD -I/home/ibex/.local/opt/verilator-v5.050/share/verilator/include -I/home/ibex/.local/opt/verilator-v5.050/share/verilator/include/vltstd -DVERILATOR=1 -DVM_COVERAGE=0 -DVM_SC=0 -DVM_TIMING=1 -DVM_TRACE=0 -DVM_TRACE_FST=0 -DVM_TRACE_VCD=0 -DVM_TRACE_SAIF=0 -DVM_VPI=0 -faligned-new -fcf-protection=none -Wno-bool-operation -Wno-int-in-bool-context -Wno-shadow -Wno-sign-compare -Wno-subobject-linkage -Wno-tautological-compare -Wno-uninitialized -Wno-unused-but-set-parameter -Wno-unused-but-set-variable -Wno-unused-parameter -Wno-unused-variable    -DVL_TIME_CONTEXT   -fcoroutines -include Vimg_filter_tb__pch.h.slow -c Vimg_filter_tb___024root__1__Slow.cpp
ccache g++   -I.  -MMD -I/home/ibex/.local/opt/verilator-v5.050/share/verilator/include -I/home/ibex/.local/opt/verilator-v5.050/share/verilator/include/vltstd -DVERILATOR=1 -DVM_COVERAGE=0 -DVM_SC=0 -DVM_TIMING=1 -DVM_TRACE=0 -DVM_TRACE_FST=0 -DVM_TRACE_VCD=0 -DVM_TRACE_SAIF=0 -DVM_VPI=0 -faligned-new -fcf-protection=none -Wno-bool-operation -Wno-int-in-bool-context -Wno-shadow -Wno-sign-compare -Wno-subobject-linkage -Wno-tautological-compare -Wno-uninitialized -Wno-unused-but-set-parameter -Wno-unused-but-set-variable -Wno-unused-parameter -Wno-unused-variable    -DVL_TIME_CONTEXT   -fcoroutines -include Vimg_filter_tb__pch.h.slow -c Vimg_filter_tb___024root__2__Slow.cpp
ccache g++   -I.  -MMD -I/home/ibex/.local/opt/verilator-v5.050/share/verilator/include -I/home/ibex/.local/opt/verilator-v5.050/share/verilator/include/vltstd -DVERILATOR=1 -DVM_COVERAGE=0 -DVM_SC=0 -DVM_TIMING=1 -DVM_TRACE=0 -DVM_TRACE_FST=0 -DVM_TRACE_VCD=0 -DVM_TRACE_SAIF=0 -DVM_VPI=0 -faligned-new -fcf-protection=none -Wno-bool-operation -Wno-int-in-bool-context -Wno-shadow -Wno-sign-compare -Wno-subobject-linkage -Wno-tautological-compare -Wno-uninitialized -Wno-unused-but-set-parameter -Wno-unused-but-set-variable -Wno-unused-parameter -Wno-unused-variable    -DVL_TIME_CONTEXT   -fcoroutines -include Vimg_filter_tb__pch.h.slow -c Vimg_filter_tb__Syms__Slow.cpp
ccache g++ -Os  -I.  -MMD -I/home/ibex/.local/opt/verilator-v5.050/share/verilator/include -I/home/ibex/.local/opt/verilator-v5.050/share/verilator/include/vltstd -DVERILATOR=1 -DVM_COVERAGE=0 -DVM_SC=0 -DVM_TIMING=1 -DVM_TRACE=0 -DVM_TRACE_FST=0 -DVM_TRACE_VCD=0 -DVM_TRACE_SAIF=0 -DVM_VPI=0 -faligned-new -fcf-protection=none -Wno-bool-operation -Wno-int-in-bool-context -Wno-shadow -Wno-sign-compare -Wno-subobject-linkage -Wno-tautological-compare -Wno-uninitialized -Wno-unused-but-set-parameter -Wno-unused-but-set-variable -Wno-unused-parameter -Wno-unused-variable    -DVL_TIME_CONTEXT   -fcoroutines -include Vimg_filter_tb__pch.h.fast -c Vimg_filter_tb_vm_classes_0.cpp
ccache g++ -Os  -I.  -MMD -I/home/ibex/.local/opt/verilator-v5.050/share/verilator/include -I/home/ibex/.local/opt/verilator-v5.050/share/verilator/include/vltstd -DVERILATOR=1 -DVM_COVERAGE=0 -DVM_SC=0 -DVM_TIMING=1 -DVM_TRACE=0 -DVM_TRACE_FST=0 -DVM_TRACE_VCD=0 -DVM_TRACE_SAIF=0 -DVM_VPI=0 -faligned-new -fcf-protection=none -Wno-bool-operation -Wno-int-in-bool-context -Wno-shadow -Wno-sign-compare -Wno-subobject-linkage -Wno-tautological-compare -Wno-uninitialized -Wno-unused-but-set-parameter -Wno-unused-but-set-variable -Wno-unused-parameter -Wno-unused-variable    -DVL_TIME_CONTEXT   -fcoroutines -include Vimg_filter_tb__pch.h.fast -c Vimg_filter_tb_vm_classes_1.cpp
g++    verilated.o verilated_timing.o verilated_threads.o Vimg_filter_tb__ALL.a    -pthread -lpthread -latomic   -o Vimg_filter_tb
rm Vimg_filter_tb__ALL.verilator_deplist.tmp
make: Leaving directory '/home/ibex/vfir-v5-full-20260911/obj_dir'
- V e r i l a t i o n   R e p o r t: Verilator 5.050 2026-07-01 rev v5.050
- Verilator: Built from 0.171 MB sources in 4 modules, into 7.392 MB in 15 C++ files needing 0.012 MB
- Verilator: Walltime 13.225 s (elab=0.218, cvt=1.453, bld=11.422); cpu 1.866 s on 2 threads; allocated 118.652 MB
