make: Entering directory '/root/ORFS/flow'
OpenROAD 26Q3-1499-g46ab99414e 
Features included (+) or not (-): +GPU +GUI +Python
This program is licensed under the BSD-3 license. See the LICENSE file for details.
Components of this program may be licensed under more restrictive licenses which must be honored.
[INFO ORD-0030] Using 2 thread(s).
mkdir -p ./objects/asap7/gcd/ai_search_0bcf90578847a11f
/root/ORFS/flow/scripts/flow.sh 1_synth synth_syn
Running synth_syn.tcl, stage 1_synth
source /root/ORFS/flow/platforms/asap7/liberty_suppressions.tcl
read_liberty /root/ORFS/flow/platforms/asap7/lib/NLDM/asap7sc7p5t_AO_RVT_FF_nldm_211120.lib.gz
read_liberty /root/ORFS/flow/platforms/asap7/lib/NLDM/asap7sc7p5t_INVBUF_RVT_FF_nldm_220122.lib.gz
read_liberty /root/ORFS/flow/platforms/asap7/lib/NLDM/asap7sc7p5t_OA_RVT_FF_nldm_211120.lib.gz
read_liberty /root/ORFS/flow/platforms/asap7/lib/NLDM/asap7sc7p5t_SIMPLE_RVT_FF_nldm_211120.lib.gz
read_liberty /root/ORFS/flow/platforms/asap7/lib/NLDM/asap7sc7p5t_SEQ_RVT_FF_nldm_220123.lib
read_lef /root/ORFS/flow/platforms/asap7/lef/asap7_tech_1x_201209.lef
[INFO ODB-0227] LEF file: /root/ORFS/flow/platforms/asap7/lef/asap7_tech_1x_201209.lef, created 30 layers, 9 vias
read_lef /root/ORFS/flow/platforms/asap7/lef/asap7sc7p5t_28_R_1x_220121a.lef
[INFO ODB-0227] LEF file: /root/ORFS/flow/platforms/asap7/lef/asap7sc7p5t_28_R_1x_220121a.lef, created 212 library cells
set_dont_use "*x1p*_ASAP7* *xp*_ASAP7* SDF* ICG*"
sv_elaborate -D SYNTHESIS --compat=vcs --ignore-assertions --no-implicit-memories --top gcd /root/ORFS/flow/designs/src/gcd/gcd.v --std=1364-2005
Top level design units:
    gcd

Build succeeded: 0 errors, 0 warnings
syn::stats
  adc: 1 cells, 17 bits
  and: 3 cells, 3 bits
  dff: 3 cells, 34 bits
  eq: 7 cells, 7 bits
  input: 5 cells, 36 bits
  mux: 1 cells, 1 bits
  name (tentative): 143 cells, 0 bits
  not: 20 cells, 20 bits
  output: 3 cells, 0 bits
  ult: 1 cells, 1 bits
  ushr: 29 cells, 230 bits
  total: 216 cells, 349 bits
synthesize
[INFO SYN-0056] liveness: replaced 0 register bits, 0 combinational bits
[INFO SYN-0020] abc_roundtrip: exported 490 ANDs, 70 CIs, 52 COs
[1;37msyn     [0m : i/o =     70/     52  [1;36mand =     490[0m  [1;35mlev =   19[0m [1;35m(14.27)[0m  mem = 0.01 MB
Simulating 4 words for 10 rounds. SAT solving with 1000000 conflicts.
cst =     490  cls =      0  lit =     490  unused =      70  proof =     0
cst =       2  cls =      6  lit =      20  unused =     534  proof =     0
cst =       2  cls =      6  lit =      15  unused =     539  proof =     0
cst =       2  cls =      7  lit =      13  unused =     540  proof =     0
cst =       2  cls =      6  lit =      12  unused =     542  proof =     0
cst =       2  cls =      6  lit =      12  unused =     542  proof =     0
cst =       2  cls =      6  lit =      12  unused =     542  proof =     0
cst =       2  cls =      6  lit =      12  unused =     542  proof =     0
[1;37msyn     [0m : i/o =     70/     11  [1;36mand =     171[0m  [1;35mlev =   15[0m [1;35m(8.36)[0m  mem = 0.00 MB
SAT solver statistics:
CO =       11  AND =      171  Conf = 1000000  MinVar =  2000  MinCalls =   200
Unsat calls      9  ( 81.82 %)   Ave conf =      3.7   Time =     0.00 sec ( 10.26 %)
Sat   calls      2  ( 18.18 %)   Ave conf =      0.0   Time =     0.00 sec (  4.58 %)
Undef calls      0  (  0.00 %)   Ave conf =      0.0   Time =     0.00 sec (  0.00 %)
Total time =     0.00 sec
  1 : P =      3. D =      2. F =     0. M =       0. And =     487. Time =     0.00 sec
[1;37msyn     [0m : i/o =     70/      5  [1;36mand =      46[0m  [1;35mlev =   11[0m [1;35m(8.40)[0m  mem = 0.00 MB
SAT solver statistics:
CO =        5  AND =       46  Conf = 1000000  MinVar =  2000  MinCalls =   200
Unsat calls      4  ( 80.00 %)   Ave conf =      2.0   Time =     0.00 sec (  3.94 %)
Sat   calls      1  ( 20.00 %)   Ave conf =      2.0   Time =     0.00 sec (  4.19 %)
Undef calls      0  (  0.00 %)   Ave conf =      0.0   Time =     0.00 sec (  0.00 %)
Total time =     0.00 sec
  2 : P =      1. D =      1. F =     0. M =       0. And =     484. Time =     0.00 sec
[1;37msyn     [0m : i/o =     70/      3  [1;36mand =      34[0m  [1;35mlev =   10[0m [1;35m(9.33)[0m  mem = 0.00 MB
SAT solver statistics:
CO =        3  AND =       34  Conf = 1000000  MinVar =  2000  MinCalls =   200
Unsat calls      3  (100.00 %)   Ave conf =      1.3   Time =     0.00 sec (  4.41 %)
Sat   calls      0  (  0.00 %)   Ave conf =      0.0   Time =     0.00 sec (  0.00 %)
Undef calls      0  (  0.00 %)   Ave conf =      0.0   Time =     0.00 sec (  0.00 %)
Total time =     0.00 sec
  3 : P =      3. D =      0. F =     0. M =       0. And =     480. Time =     0.00 sec
[1;37msyn     [0m : i/o =     70/      0  [1;36mand =       0[0m  [1;35mlev =    0[0m [1;35m(-nan)[0m  mem = 0.00 MB
Considered all available candidate equivalences.
Performed 10 SAT calls: P = 7  D = 3  F = 0
NBeg = 490. NEnd = 480. (Gain =   2.04 %).  RBeg = 0. REnd = 0. (Gain =   0.00 %).
Sim  =     0.00 sec ( 19.84 %)
Sat  =     0.00 sec ( 71.12 %)
Pat  =     0.00 sec (  0.85 %)
Time =     0.00 sec
[INFO SYN-0023] abc_roundtrip: after ABC: 480 ANDs, 70 CIs, 52 COs
[INFO SYN-0020] abc_roundtrip: exported 480 ANDs, 70 CIs, 52 COs
[1;37msyn     [0m : i/o =     70/     52  [1;36mand =     480[0m  [1;35mlev =   19[0m [1;35m(13.63)[0m  mem = 0.01 MB
Starting:  syn             : pi =    70  po =    52  and =     480  lev =  19
Rewrite:   syn             : pi =    70  po =    52  and =     442  lev =  21
Refactor:  syn             : pi =    70  po =    52  and =     425  lev =  21
Balance:   syn             : pi =    70  po =    52  and =     425  lev =  21
Rewrite:   syn             : pi =    70  po =    52  and =     425  lev =  21
RewriteZ:  syn             : pi =    70  po =    52  and =     423  lev =  21
Balance:   syn             : pi =    70  po =    52  and =     423  lev =  20
RefactorZ: syn             : pi =    70  po =    52  and =     423  lev =  20
RewriteZ:  syn             : pi =    70  po =    52  and =     418  lev =  20
Balance:   syn             : pi =    70  po =    52  and =     418  lev =  19
Starting:  syn             : pi =    70  po =    52  and =     418  lev =  19
Rewrite:   syn             : pi =    70  po =    52  and =     417  lev =  19
Refactor:  syn             : pi =    70  po =    52  and =     417  lev =  19
Balance:   syn             : pi =    70  po =    52  and =     417  lev =  19
Rewrite:   syn             : pi =    70  po =    52  and =     417  lev =  19
RewriteZ:  syn             : pi =    70  po =    52  and =     413  lev =  19
Balance:   syn             : pi =    70  po =    52  and =     413  lev =  18
RefactorZ: syn             : pi =    70  po =    52  and =     413  lev =  18
RewriteZ:  syn             : pi =    70  po =    52  and =     407  lev =  18
Balance:   syn             : pi =    70  po =    52  and =     407  lev =  18
Starting:  syn             : pi =    70  po =    52  and =     464  lev =  13
Rewrite:   syn             : pi =    70  po =    52  and =     424  lev =  17
Refactor:  syn             : pi =    70  po =    52  and =     423  lev =  17
Balance:   syn             : pi =    70  po =    52  and =     423  lev =  17
Rewrite:   syn             : pi =    70  po =    52  and =     421  lev =  17
RewriteZ:  syn             : pi =    70  po =    52  and =     421  lev =  17
Balance:   syn             : pi =    70  po =    52  and =     421  lev =  17
RefactorZ: syn             : pi =    70  po =    52  and =     421  lev =  17
RewriteZ:  syn             : pi =    70  po =    52  and =     421  lev =  17
Balance:   syn             : pi =    70  po =    52  and =     421  lev =  17
Starting:  syn             : pi =    70  po =    52  and =     421  lev =  17
Rewrite:   syn             : pi =    70  po =    52  and =     421  lev =  17
Refactor:  syn             : pi =    70  po =    52  and =     421  lev =  17
Balance:   syn             : pi =    70  po =    52  and =     421  lev =  17
Rewrite:   syn             : pi =    70  po =    52  and =     421  lev =  17
RewriteZ:  syn             : pi =    70  po =    52  and =     421  lev =  17
Balance:   syn             : pi =    70  po =    52  and =     421  lev =  17
RefactorZ: syn             : pi =    70  po =    52  and =     421  lev =  17
RewriteZ:  syn             : pi =    70  po =    52  and =     421  lev =  17
Balance:   syn             : pi =    70  po =    52  and =     420  lev =  17
Starting:  syn             : pi =    70  po =    52  and =     420  lev =  17
Rewrite:   syn             : pi =    70  po =    52  and =     420  lev =  17
Refactor:  syn             : pi =    70  po =    52  and =     420  lev =  17
Balance:   syn             : pi =    70  po =    52  and =     420  lev =  17
Rewrite:   syn             : pi =    70  po =    52  and =     420  lev =  17
RewriteZ:  syn             : pi =    70  po =    52  and =     420  lev =  17
Balance:   syn             : pi =    70  po =    52  and =     420  lev =  17
RefactorZ: syn             : pi =    70  po =    52  and =     420  lev =  17
RewriteZ:  syn             : pi =    70  po =    52  and =     420  lev =  17
Balance:   syn             : pi =    70  po =    52  and =     420  lev =  17
[1;37msyn     [0m : i/o =     70/     52  [1;36mand =     420[0m  [1;35mlev =   17[0m [1;35m(13.42)[0m  mem = 0.01 MB
[INFO SYN-0023] abc_roundtrip: after ABC: 420 ANDs, 70 CIs, 52 COs
[INFO SYN-0017] mapCombinationals: done
[INFO SYN-0040] gatefusion: 0 fusions applied, area delta 0.0000
  input: 5 cells, 36 bits
  name (tentative): 102 cells, 0 bits
  not: 1 cells, 1 bits
  output: 3 cells, 0 bits
  target: AND2x2_ASAP7_75t_R: 3 cells, 3 bits, area 0.26244
  target: AND3x1_ASAP7_75t_R: 3 cells, 3 bits, area 0.26244
  target: AND4x1_ASAP7_75t_R: 1 cells, 1 bits, area 0.10206
  target: AO21x1_ASAP7_75t_R: 17 cells, 17 bits, area 1.48716
  target: AO221x1_ASAP7_75t_R: 18 cells, 18 bits, area 2.6244
  target: AO32x1_ASAP7_75t_R: 2 cells, 2 bits, area 0.23328
  target: AOI21x1_ASAP7_75t_R: 20 cells, 20 bits, area 2.3328
  target: AOI221x1_ASAP7_75t_R: 1 cells, 1 bits, area 0.20412
  target: DFFHQNx1_ASAP7_75t_R: 34 cells, 34 bits, area 9.9144
  target: INVx1_ASAP7_75t_R: 24 cells, 24 bits, area 1.04976
  target: MAJx2_ASAP7_75t_R: 8 cells, 8 bits, area 1.04976
  target: NAND2x1_ASAP7_75t_R: 9 cells, 9 bits, area 0.78732
  target: NAND3x1_ASAP7_75t_R: 2 cells, 2 bits, area 0.32076
  target: NOR2x1_ASAP7_75t_R: 7 cells, 7 bits, area 0.61236
  target: NOR3x1_ASAP7_75t_R: 1 cells, 1 bits, area 0.16038
  target: OA211x2_ASAP7_75t_R: 17 cells, 17 bits, area 1.98288
  target: OA21x2_ASAP7_75t_R: 13 cells, 13 bits, area 1.32678
  target: OAI21x1_ASAP7_75t_R: 24 cells, 24 bits, area 2.79936
  target: OAI22x1_ASAP7_75t_R: 1 cells, 1 bits, area 0.1458
  target: OR2x2_ASAP7_75t_R: 7 cells, 7 bits, area 0.61236
  target: OR3x1_ASAP7_75t_R: 20 cells, 20 bits, area 1.7496
  target: OR4x1_ASAP7_75t_R: 2 cells, 2 bits, area 0.20412
  target: OR5x1_ASAP7_75t_R: 2 cells, 2 bits, area 0.23328
  target: XNOR2x2_ASAP7_75t_R: 6 cells, 6 bits, area 0.96228
  target: XOR2x2_ASAP7_75t_R: 19 cells, 19 bits, area 3.04722
  total: 372 cells, 298 bits, area 34.4671
[INFO SYN-0031] Export to ODB: created 261 instances, 209 nets, 54 ports
read_sdc /root/ORFS/flow/designs/asap7/gcd/constraint.sdc
repair_design -pre_placement
[WARNING EST-0027] no estimated parasitics. Using wire load models.
Iteration |   Area    | Resized | Buffers | Nets repaired | Remaining
---------------------------------------------------------------------
        0 |    +17.4% |       0 |      43 |            49 |       340
    final |    +17.4% |       0 |      43 |            49 |         0
---------------------------------------------------------------------
[INFO RSZ-0038] Inserted 43 buffers in 49 nets.
[INFO RSZ-0504] Runtime: 0.07s
Report metrics stage 1, synth...

==========================================================================
synth report_design_area
--------------------------------------------------------------------------
Design area 40 um^2 100% utilization.
write_db ./results/asap7/gcd/ai_search_0bcf90578847a11f/1_synth.odb
write_sdc -no_timestamp ./results/asap7/gcd/ai_search_0bcf90578847a11f/1_synth.sdc
Elapsed time: 0:01.30[h:]min:sec. CPU time: user 1.14 sys 0.07 (92%). Peak memory: 214984KB.
Log                       Ext     Elapsed/s Peak Memory/MB sha1sum result [0:20)
1_synth                   .v              1            209 b3c65aa67d1b3e82d782
1_synth                   .odb                             9ddbdc029e65dfd5cb14
1_synth                   .sdc                             5011e5aed360886d25f2
/root/ORFS/flow/scripts/flow.sh 2_1_floorplan floorplan
Running floorplan.tcl, stage 2_1_floorplan
source /root/ORFS/flow/platforms/asap7/liberty_suppressions.tcl
read_liberty /root/ORFS/flow/platforms/asap7/lib/NLDM/asap7sc7p5t_AO_RVT_FF_nldm_211120.lib.gz
read_liberty /root/ORFS/flow/platforms/asap7/lib/NLDM/asap7sc7p5t_INVBUF_RVT_FF_nldm_220122.lib.gz
read_liberty /root/ORFS/flow/platforms/asap7/lib/NLDM/asap7sc7p5t_OA_RVT_FF_nldm_211120.lib.gz
read_liberty /root/ORFS/flow/platforms/asap7/lib/NLDM/asap7sc7p5t_SIMPLE_RVT_FF_nldm_211120.lib.gz
read_liberty /root/ORFS/flow/platforms/asap7/lib/NLDM/asap7sc7p5t_SEQ_RVT_FF_nldm_220123.lib
read_db ./results/asap7/gcd/ai_search_0bcf90578847a11f/1_synth.odb
read_sdc ./results/asap7/gcd/ai_search_0bcf90578847a11f/1_synth.sdc
source /root/ORFS/flow/platforms/asap7/setRC.tcl

==========================================================================
Floorplan check_setup
--------------------------------------------------------------------------
number instances in verilog is 304
[INFO IFP-0107] Defining die area using utilization: 20.00% and aspect ratio: 1.
[WARNING IFP-0028] Core area lower left (0.500, 0.500) snapped to (0.540, 0.540).
[INFO IFP-0001] Added 52 rows of 262 site asap7sc7p5t.
[INFO IFP-0100] Die BBox:  (  0.000  0.000 ) ( 15.223 15.223 ) um
[INFO IFP-0101] Core BBox: (  0.540  0.540 ) ( 14.688 14.580 ) um
[INFO IFP-0102] Core area:                          198.638 um^2
[INFO IFP-0103] Total instances area:                40.459 um^2
[INFO IFP-0104] Effective utilization:                0.204
[INFO IFP-0105] Number of instances:                    304
source /root/ORFS/flow/platforms/asap7/openRoad/make_tracks.tcl
source /root/ORFS/flow/platforms/asap7/fastroute.tcl
Repair tie lo fanout...
Repair tie hi fanout...
repair_timing -setup_margin 0 -hold_margin 0 -repair_tns 100 -skip_last_gasp -setup -skip_last_gasp -sequence unbuffer,sizeup,swap,vt_swap -verbose
[WARNING EST-0027] no estimated parasitics. Using wire load models.
[INFO RSZ-0100] Repair move sequence: UnbufferMove SizeUpMove SwapPinsMove 
[INFO RSZ-0094] Found 21 endpoints with setup violations.
[INFO RSZ-0099] Repairing 21 out of 21 (100.00%) violating endpoints...
   Iter   | Removed | Resized | Inserted | Cloned |  Pin  |   Area   |    WNS   |   StTNS    |   EnTNS    |  Viol  |  Worst  
          | Buffers |  Gates  | Buffers  |  Gates | Swaps |          |          |            |            | Endpts | St/EnPt 
------------------------------------------------------------------------------------------------------------------------------
       0* |       0 |       0 |        0 |      0 |     0 |    +0.0% |  -66.659 |     -476.4 |     -506.1 |     21 | resp_msg[15]
      10* |       0 |       3 |        0 |      0 |     6 |    +0.2% |  -67.095 |     -506.3 |     -458.6 |     21 | resp_msg[15]
      12* |       0 |       3 |        0 |      0 |     4 |    +0.2% |  -64.056 |     -466.7 |     -444.9 |     21 | resp_msg[15]
      14* |       0 |       3 |        0 |      0 |     4 |    +0.2% |  -64.056 |     -466.7 |     -444.9 |     21 | resp_msg[15]
      16* |       0 |       3 |        0 |      0 |     5 |    +0.2% |  -63.947 |     -465.2 |     -443.8 |     21 | resp_msg[15]
      18* |       0 |       3 |        0 |      0 |     5 |    +0.2% |  -63.947 |     -465.2 |     -443.8 |     21 | resp_msg[15]
      20* |       0 |       3 |        0 |      0 |     6 |    +0.2% |  -63.995 |     -465.5 |     -433.7 |     21 | resp_msg[15]
      28* |       0 |       3 |        0 |      0 |     5 |    +0.2% |  -63.947 |     -465.2 |     -443.8 |     21 | resp_msg[15]
      30* |       0 |       4 |        0 |      0 |     5 |    +0.3% |  -63.947 |     -465.2 |     -426.2 |     21 | resp_msg[15]
      32* |       0 |       5 |        0 |      0 |     5 |    +0.3% |  -63.947 |     -465.2 |     -400.0 |     21 | resp_msg[15]
      34* |       0 |       5 |        0 |      0 |     5 |    +0.3% |  -63.947 |     -465.2 |     -400.0 |     21 | resp_msg[15]
      36* |       0 |       5 |        0 |      0 |     5 |    +0.3% |  -63.947 |     -465.2 |     -400.0 |     21 | resp_msg[15]
      38* |       0 |       5 |        0 |      0 |     5 |    +0.3% |  -63.947 |     -465.2 |     -400.0 |     21 | resp_msg[15]
      40* |       0 |       5 |        0 |      0 |     6 |    +0.3% |  -63.947 |     -465.2 |     -401.6 |     21 | resp_msg[15]
      40* |       0 |       5 |        0 |      0 |     5 |    +0.3% |  -63.947 |     -465.2 |     -400.0 |     21 | resp_msg[15]
      42* |       0 |       5 |        0 |      0 |     5 |    +0.3% |  -63.947 |     -465.2 |     -400.0 |     21 | resp_msg[15]
      44* |       0 |       5 |        0 |      0 |     5 |    +0.3% |  -63.947 |     -465.2 |     -400.0 |     21 | resp_msg[15]
      46* |       0 |       5 |        0 |      0 |     5 |    +0.3% |  -63.947 |     -465.2 |     -400.0 |     21 | resp_msg[15]
      48* |       0 |       5 |        0 |      0 |     5 |    +0.3% |  -63.947 |     -465.2 |     -400.0 |     21 | resp_msg[15]
      50* |       0 |       5 |        0 |      0 |     6 |    +0.3% |  -63.947 |     -465.2 |     -401.6 |     21 | resp_msg[15]
      50* |       0 |       5 |        0 |      0 |     5 |    +0.3% |  -63.947 |     -465.2 |     -400.0 |     21 | resp_msg[15]
      52* |       0 |       5 |        0 |      0 |     5 |    +0.3% |  -63.947 |     -465.2 |     -400.0 |     21 | resp_msg[15]
      54* |       0 |       5 |        0 |      0 |     5 |    +0.3% |  -63.947 |     -465.2 |     -400.0 |     21 | resp_msg[15]
      56* |       0 |       5 |        0 |      0 |     5 |    +0.3% |  -63.947 |     -465.2 |     -400.0 |     21 | resp_msg[15]
      58* |       0 |       5 |        0 |      0 |     5 |    +0.3% |  -63.947 |     -465.2 |     -400.0 |     21 | resp_msg[15]
      60* |       0 |       6 |        0 |      0 |     5 |    +0.5% |  -63.947 |     -465.2 |     -407.0 |     21 | resp_msg[15]
      60* |       0 |       6 |        0 |      0 |     5 |    +0.5% |  -63.947 |     -465.2 |     -407.0 |     21 | resp_msg[15]
      61* |       0 |       6 |        0 |      0 |     5 |    +0.5% |  -63.947 |     -465.2 |     -407.0 |     21 | resp_msg[15]
      61* |       0 |       6 |        0 |      0 |     5 |    +0.5% |  -63.947 |     -465.2 |     -407.0 |     21 | resp_msg[15]
    final |       0 |       6 |        0 |      0 |     5 |    +0.5% |  -63.947 |     -465.2 |     -407.0 |     19 | resp_msg[15]
------------------------------------------------------------------------------------------------------------------------------
[INFO RSZ-0051] Resized 6 instances: 6 up, 0 up match, 0 down, 0 VT
[INFO RSZ-0043] Swapped pins on 5 instances.
[WARNING RSZ-0062] Unable to repair all setup violations.
[INFO RSZ-0505] Runtime: 0.29s
Default units for flow
 time 1ps
 capacitance 1fF
 resistance 1kohm
 voltage 1v
 current 1mA
 power 1pW
 distance 1um
   Layer   | Unit Resistance | Unit Capacitance 
           |       (kohm/um) |          (fF/um)
------------------------------------------------
        M1 |        7.04e-02 |         1.00e-10
        M2 |        2.97e-02 |         1.75e-01
        M3 |        3.13e-02 |         1.56e-01
        M4 |        1.80e-02 |         1.78e-01
        M5 |        1.90e-02 |         1.64e-01
        M6 |        1.19e-02 |         1.87e-01
        M7 |        1.25e-02 |         1.63e-01
        M8 |        8.45e-03 |         1.04e-01
        M9 |        8.90e-03 |         9.28e-02
       Pad |        0.00e+00 |         0.00e+00
------------------------------------------------

   Layer   | Via Resistance 
           |         (kohm) 
----------------------------
        V1 |       1.72e-02 
        V2 |       1.72e-02 
        V3 |       1.72e-02 
        V4 |       1.18e-02 
        V5 |       1.18e-02 
        V6 |       8.20e-03 
        V7 |       8.20e-03 
        V8 |       6.30e-03 
        V9 |       6.30e-03 
----------------------------
Report metrics stage 2, floorplan final...

==========================================================================
floorplan final report_design_area
--------------------------------------------------------------------------
Design area 41 um^2 20% utilization.
write_db ./results/asap7/gcd/ai_search_0bcf90578847a11f/2_1_floorplan.odb
write_sdc -no_timestamp ./results/asap7/gcd/ai_search_0bcf90578847a11f/2_1_floorplan.sdc
Elapsed time: 0:01.41[h:]min:sec. CPU time: user 1.17 sys 0.20 (96%). Peak memory: 223744KB.
Log                       Ext     Elapsed/s Peak Memory/MB sha1sum result [0:20)
2_1_floorplan             .odb            1            218 5180736485d258b6fae3
2_1_floorplan             .sdc                             5011e5aed360886d25f2
/root/ORFS/flow/scripts/flow.sh 2_2_floorplan_macro macro_place
Running macro_place.tcl, stage 2_2_floorplan_macro
source /root/ORFS/flow/platforms/asap7/liberty_suppressions.tcl
read_liberty /root/ORFS/flow/platforms/asap7/lib/NLDM/asap7sc7p5t_AO_RVT_FF_nldm_211120.lib.gz
read_liberty /root/ORFS/flow/platforms/asap7/lib/NLDM/asap7sc7p5t_INVBUF_RVT_FF_nldm_220122.lib.gz
read_liberty /root/ORFS/flow/platforms/asap7/lib/NLDM/asap7sc7p5t_OA_RVT_FF_nldm_211120.lib.gz
read_liberty /root/ORFS/flow/platforms/asap7/lib/NLDM/asap7sc7p5t_SIMPLE_RVT_FF_nldm_211120.lib.gz
read_liberty /root/ORFS/flow/platforms/asap7/lib/NLDM/asap7sc7p5t_SEQ_RVT_FF_nldm_220123.lib
read_db ./results/asap7/gcd/ai_search_0bcf90578847a11f/2_1_floorplan.odb
read_sdc ./results/asap7/gcd/ai_search_0bcf90578847a11f/2_1_floorplan.sdc
source /root/ORFS/flow/platforms/asap7/setRC.tcl
No macros found: Skipping macro_placement
Design area 41 um^2 20% utilization.
write_db ./results/asap7/gcd/ai_search_0bcf90578847a11f/2_2_floorplan_macro.odb
Elapsed time: 0:01.10[h:]min:sec. CPU time: user 0.95 sys 0.06 (91%). Peak memory: 203172KB.
Log                       Ext     Elapsed/s Peak Memory/MB sha1sum result [0:20)
2_2_floorplan_macro       .odb            1            198 5180736485d258b6fae3
/root/ORFS/flow/scripts/flow.sh 2_3_floorplan_tapcell tapcell
Running tapcell.tcl, stage 2_3_floorplan_tapcell
source /root/ORFS/flow/platforms/asap7/liberty_suppressions.tcl
read_liberty /root/ORFS/flow/platforms/asap7/lib/NLDM/asap7sc7p5t_AO_RVT_FF_nldm_211120.lib.gz
read_liberty /root/ORFS/flow/platforms/asap7/lib/NLDM/asap7sc7p5t_INVBUF_RVT_FF_nldm_220122.lib.gz
read_liberty /root/ORFS/flow/platforms/asap7/lib/NLDM/asap7sc7p5t_OA_RVT_FF_nldm_211120.lib.gz
read_liberty /root/ORFS/flow/platforms/asap7/lib/NLDM/asap7sc7p5t_SIMPLE_RVT_FF_nldm_211120.lib.gz
read_liberty /root/ORFS/flow/platforms/asap7/lib/NLDM/asap7sc7p5t_SEQ_RVT_FF_nldm_220123.lib
read_db ./results/asap7/gcd/ai_search_0bcf90578847a11f/2_2_floorplan_macro.odb
read_sdc ./results/asap7/gcd/ai_search_0bcf90578847a11f/2_1_floorplan.sdc
source /root/ORFS/flow/platforms/asap7/setRC.tcl
Tap and End Cap cell insertion
  TAP Cell          : TAPCELL_ASAP7_75t_R
  ENDCAP Cell       : TAPCELL_ASAP7_75t_R
  Halo Around Macro : 2 2
  TAP Cell Distance : 25
[INFO TAP-0004] Inserted 104 endcaps.
[INFO TAP-0005] Inserted 0 tapcells.
Design area 44 um^2 22% utilization.
write_db ./results/asap7/gcd/ai_search_0bcf90578847a11f/2_3_floorplan_tapcell.odb
Elapsed time: 0:01.12[h:]min:sec. CPU time: user 0.99 sys 0.05 (92%). Peak memory: 202896KB.
Log                       Ext     Elapsed/s Peak Memory/MB sha1sum result [0:20)
2_3_floorplan_tapcell     .odb            1            198 038024c42a5c902be99c
/root/ORFS/flow/scripts/flow.sh 2_4_floorplan_pdn pdn
Running pdn.tcl, stage 2_4_floorplan_pdn
source /root/ORFS/flow/platforms/asap7/liberty_suppressions.tcl
read_liberty /root/ORFS/flow/platforms/asap7/lib/NLDM/asap7sc7p5t_AO_RVT_FF_nldm_211120.lib.gz
read_liberty /root/ORFS/flow/platforms/asap7/lib/NLDM/asap7sc7p5t_INVBUF_RVT_FF_nldm_220122.lib.gz
read_liberty /root/ORFS/flow/platforms/asap7/lib/NLDM/asap7sc7p5t_OA_RVT_FF_nldm_211120.lib.gz
read_liberty /root/ORFS/flow/platforms/asap7/lib/NLDM/asap7sc7p5t_SIMPLE_RVT_FF_nldm_211120.lib.gz
read_liberty /root/ORFS/flow/platforms/asap7/lib/NLDM/asap7sc7p5t_SEQ_RVT_FF_nldm_220123.lib
read_db ./results/asap7/gcd/ai_search_0bcf90578847a11f/2_3_floorplan_tapcell.odb
read_sdc ./results/asap7/gcd/ai_search_0bcf90578847a11f/2_1_floorplan.sdc
source /root/ORFS/flow/platforms/asap7/setRC.tcl
[WARNING PDN-1051] No instances found for grid (CORE_macro_grid_1).
[WARNING PDN-1051] No instances found for grid (CORE_macro_grid_2).
[INFO PDN-0001] Inserting grid: top
[INFO PDN-0500] Runtime: 0.00s
Design area 44 um^2 22% utilization.
write_db ./results/asap7/gcd/ai_search_0bcf90578847a11f/2_4_floorplan_pdn.odb
Elapsed time: 0:01.10[h:]min:sec. CPU time: user 0.94 sys 0.07 (91%). Peak memory: 205492KB.
Log                       Ext     Elapsed/s Peak Memory/MB sha1sum result [0:20)
2_4_floorplan_pdn         .odb            1            200 2a1fe986fc29895fa55f
cp ./results/asap7/gcd/ai_search_0bcf90578847a11f/2_4_floorplan_pdn.odb ./results/asap7/gcd/ai_search_0bcf90578847a11f/2_floorplan.odb
cp ./results/asap7/gcd/ai_search_0bcf90578847a11f/2_1_floorplan.sdc ./results/asap7/gcd/ai_search_0bcf90578847a11f/2_floorplan.sdc
/root/ORFS/flow/scripts/flow.sh 3_1_place_gp_skip_io global_place_skip_io
Running global_place_skip_io.tcl, stage 3_1_place_gp_skip_io
source /root/ORFS/flow/platforms/asap7/liberty_suppressions.tcl
read_liberty /root/ORFS/flow/platforms/asap7/lib/NLDM/asap7sc7p5t_AO_RVT_FF_nldm_211120.lib.gz
read_liberty /root/ORFS/flow/platforms/asap7/lib/NLDM/asap7sc7p5t_INVBUF_RVT_FF_nldm_220122.lib.gz
read_liberty /root/ORFS/flow/platforms/asap7/lib/NLDM/asap7sc7p5t_OA_RVT_FF_nldm_211120.lib.gz
read_liberty /root/ORFS/flow/platforms/asap7/lib/NLDM/asap7sc7p5t_SIMPLE_RVT_FF_nldm_211120.lib.gz
read_liberty /root/ORFS/flow/platforms/asap7/lib/NLDM/asap7sc7p5t_SEQ_RVT_FF_nldm_220123.lib
read_db ./results/asap7/gcd/ai_search_0bcf90578847a11f/2_floorplan.odb
read_sdc ./results/asap7/gcd/ai_search_0bcf90578847a11f/2_floorplan.sdc
source /root/ORFS/flow/platforms/asap7/setRC.tcl
global_placement -skip_io -density 0.65 -pad_left 0 -pad_right 0
[INFO GPL-0001] ---- Initialize GPL Main Data Structures
[INFO GPL-0002] DBU: 1000
[INFO GPL-0003] SiteSize: (  0.054  0.270 ) um
[INFO GPL-0004] CoreBBox: (  0.540  0.540 ) ( 14.688 14.580 ) um
[INFO GPL-0016] Core area:                     198.638 um^2
[INFO GPL-0036] Movable instances area:         40.649 um^2
[INFO GPL-0037] Total instances area:           43.682 um^2
[INFO GPL-0035] Pin density area adjust:         5.312 um^2
[INFO GPL-0032] ---- Initialize Region: Top-level
[INFO GPL-0006] Number of instances:               408
[INFO GPL-0007] Movable instances:                 304
[INFO GPL-0008] Fixed instances:                   104
[INFO GPL-0009] Dummy instances:                     0
[INFO GPL-0010] Number of nets:                    340
[INFO GPL-0011] Number of pins:                   1064
[INFO GPL-0012] Die BBox:       (  0.000  0.000 ) ( 15.223 15.223 ) um
[INFO GPL-0013] Placement BBox: (  0.540  0.540 ) ( 14.688 14.580 ) um
[INFO GPL-0014] Region name: top-level.
[INFO GPL-0015] Region area:                   198.638 um^2
[INFO GPL-0017] Fixed instances area:            3.033 um^2
[INFO GPL-0018] Movable instances area:         45.961 um^2
[INFO GPL-0019] Utilization:                    23.497 %
[INFO GPL-0020] Standard cells area:            45.961 um^2
[INFO GPL-0021] Large instances area:            0.000 um^2
[INFO GPL-0005] ---- Execute Conjugate Gradient Initial Placement.
[INFO GPL-0051] Source of initial instance position counters:
	Odb location = 43	Core center = 261	Region center = 0
[INFO GPL-0033] ---- Initialize Nesterov Region: Top-level
[INFO GPL-0023] Placement target density:       0.6500
[INFO GPL-0024] Movable insts average area:      0.151 um^2
[INFO GPL-0025] Ideal bin area:                  0.233 um^2
[INFO GPL-0026] Ideal bin count:                   854
[INFO GPL-0027] Total bin area:                198.638 um^2
[INFO GPL-0028] Bin count (X, Y):          16 ,     16
[INFO GPL-0029] Bin size (W * H):       0.884 *  0.877 um
[INFO GPL-0030] Number of bins:                    256
[INFO GPL-0084] ---- Execute Nesterov Global Placement.
[INFO GPL-0031] HPWL: Half-Perimeter Wirelength
Iteration | Overflow |     HPWL (um) |  HPWL(%) |   Penalty | Group
---------------------------------------------------------------
        0 |   0.8239 |  4.338140e+02 |   +0.00% |  2.25e-11 |      
       10 |   0.8972 |  8.188400e+01 |  -81.12% |  3.66e-11 |      
       20 |   0.8940 |  7.366600e+01 |  -10.04% |  5.96e-11 |      
       30 |   0.8969 |  7.254600e+01 |   -1.52% |  9.71e-11 |      
       40 |   0.8964 |  7.275900e+01 |   +0.29% |  1.58e-10 |      
       50 |   0.8946 |  7.311600e+01 |   +0.49% |  2.58e-10 |      
       60 |   0.8934 |  7.381500e+01 |   +0.96% |  4.20e-10 |      
       70 |   0.8921 |  7.488900e+01 |   +1.45% |  6.84e-10 |      
       80 |   0.8902 |  7.575200e+01 |   +1.15% |  1.11e-09 |      
       90 |   0.8874 |  7.627700e+01 |   +0.69% |  1.81e-09 |      
      100 |   0.8820 |  7.612900e+01 |   -0.19% |  2.96e-09 |      
      110 |   0.8753 |  7.824400e+01 |   +2.78% |  4.81e-09 |      
      120 |   0.8542 |  9.647200e+01 |  +23.30% |  7.84e-09 |      
      130 |   0.8326 |  1.215020e+02 |  +25.95% |  1.28e-08 |      
      140 |   0.7959 |  1.560660e+02 |  +28.45% |  2.08e-08 |      
      150 |   0.7593 |  1.786690e+02 |  +14.48% |  3.39e-08 |      
      160 |   0.7115 |  2.004060e+02 |  +12.17% |  5.52e-08 |      
      170 |   0.6693 |  2.199550e+02 |   +9.75% |  8.99e-08 |      
      180 |   0.6275 |  2.429330e+02 |  +10.45% |  1.46e-07 |      
      190 |   0.5768 |  2.586760e+02 |   +6.48% |  2.39e-07 |      
      200 |   0.5259 |  2.774320e+02 |   +7.25% |  3.89e-07 |      
      210 |   0.4737 |  2.977480e+02 |   +7.32% |  6.33e-07 |      
      220 |   0.4257 |  3.170570e+02 |   +6.49% |  1.03e-06 |      
      230 |   0.3753 |  3.317100e+02 |   +4.62% |  1.68e-06 |      
      240 |   0.3310 |  3.423920e+02 |   +3.22% |  2.65e-06 |      
      250 |   0.2925 |  3.475850e+02 |   +1.52% |  3.91e-06 |      
      260 |   0.2551 |  3.542790e+02 |   +1.93% |  5.76e-06 |      
      270 |   0.2212 |  3.594950e+02 |   +1.47% |  8.49e-06 |      
      280 |   0.1860 |  3.649400e+02 |   +1.51% |  1.25e-05 |      
      290 |   0.1626 |  3.688660e+02 |   +1.08% |  1.84e-05 |      
      300 |   0.1382 |  3.717030e+02 |   +0.77% |  2.71e-05 |      
      310 |   0.1140 |  3.757200e+02 |   +1.08% |  4.00e-05 |      
      317 |   0.0990 |  3.785330e+02 |          |  5.45e-05 |      
---------------------------------------------------------------
[INFO GPL-1001] Global placement finished at iteration 317
[INFO GPL-1002] Placed Cell Area               45.9611
[INFO GPL-1003] Available Free Area           195.6053
[INFO GPL-1004] Minimum Feasible Density        0.2400 (cell_area / free_area)
[INFO GPL-1006]   Suggested Target Densities:
[INFO GPL-1007]     - For 90% usage of free space: 0.2611
[INFO GPL-1008]     - For 80% usage of free space: 0.2937
[INFO GPL-1009]     - For 50% usage of free space: 0.4699
[INFO GPL-1014] Final placement area: 45.96 (+0.00%)
Design area 44 um^2 22% utilization.
write_db ./results/asap7/gcd/ai_search_0bcf90578847a11f/3_1_place_gp_skip_io.odb
Elapsed time: 0:01.15[h:]min:sec. CPU time: user 1.04 sys 0.06 (95%). Peak memory: 205460KB.
Log                       Ext     Elapsed/s Peak Memory/MB sha1sum result [0:20)
3_1_place_gp_skip_io      .odb            1            200 210c14a9bba4f73e4d41
/root/ORFS/flow/scripts/flow.sh 3_2_place_iop io_placement
Running io_placement.tcl, stage 3_2_place_iop
source /root/ORFS/flow/platforms/asap7/liberty_suppressions.tcl
read_liberty /root/ORFS/flow/platforms/asap7/lib/NLDM/asap7sc7p5t_AO_RVT_FF_nldm_211120.lib.gz
read_liberty /root/ORFS/flow/platforms/asap7/lib/NLDM/asap7sc7p5t_INVBUF_RVT_FF_nldm_220122.lib.gz
read_liberty /root/ORFS/flow/platforms/asap7/lib/NLDM/asap7sc7p5t_OA_RVT_FF_nldm_211120.lib.gz
read_liberty /root/ORFS/flow/platforms/asap7/lib/NLDM/asap7sc7p5t_SIMPLE_RVT_FF_nldm_211120.lib.gz
read_liberty /root/ORFS/flow/platforms/asap7/lib/NLDM/asap7sc7p5t_SEQ_RVT_FF_nldm_220123.lib
read_db ./results/asap7/gcd/ai_search_0bcf90578847a11f/3_1_place_gp_skip_io.odb
read_sdc ./results/asap7/gcd/ai_search_0bcf90578847a11f/2_floorplan.sdc
source /root/ORFS/flow/platforms/asap7/setRC.tcl
place_pins -hor_layers M4 -ver_layers M5
Found 0 macro blocks.
Using 2 tracks default min distance between IO pins.
[INFO PPL-0001] Number of available slots 572
[INFO PPL-0002] Number of I/O             54
[INFO PPL-0003] Number of I/O w/sink      54
[INFO PPL-0004] Number of I/O w/o sink    0
[INFO PPL-0005] Slots per section         200
[INFO PPL-0008] Successfully assigned pins to sections.
[INFO PPL-0012] I/O nets HPWL: 286.16 um.
Design area 44 um^2 22% utilization.
write_db ./results/asap7/gcd/ai_search_0bcf90578847a11f/3_2_place_iop.odb
Elapsed time: 0:01.13[h:]min:sec. CPU time: user 0.95 sys 0.08 (92%). Peak memory: 204440KB.
Log                       Ext     Elapsed/s Peak Memory/MB sha1sum result [0:20)
3_2_place_iop             .odb            1            199 aa8733c980b362af5368
/root/ORFS/flow/scripts/flow.sh 3_3_place_gp global_place
Running global_place.tcl, stage 3_3_place_gp
source /root/ORFS/flow/platforms/asap7/liberty_suppressions.tcl
read_liberty /root/ORFS/flow/platforms/asap7/lib/NLDM/asap7sc7p5t_AO_RVT_FF_nldm_211120.lib.gz
read_liberty /root/ORFS/flow/platforms/asap7/lib/NLDM/asap7sc7p5t_INVBUF_RVT_FF_nldm_220122.lib.gz
read_liberty /root/ORFS/flow/platforms/asap7/lib/NLDM/asap7sc7p5t_OA_RVT_FF_nldm_211120.lib.gz
read_liberty /root/ORFS/flow/platforms/asap7/lib/NLDM/asap7sc7p5t_SIMPLE_RVT_FF_nldm_211120.lib.gz
read_liberty /root/ORFS/flow/platforms/asap7/lib/NLDM/asap7sc7p5t_SEQ_RVT_FF_nldm_220123.lib
read_db ./results/asap7/gcd/ai_search_0bcf90578847a11f/3_2_place_iop.odb
read_sdc ./results/asap7/gcd/ai_search_0bcf90578847a11f/2_floorplan.sdc
source /root/ORFS/flow/platforms/asap7/setRC.tcl
[INFO RSZ-0026] Removed 43 buffers.
Perform port buffering...
[INFO RSZ-0027] Inserted 35 BUFx2_ASAP7_75t_R input buffers.
[INFO RSZ-0028] Inserted 18 BUFx2_ASAP7_75t_R output buffers.
global_placement -density 0.65 -pad_left 0 -pad_right 0 -routability_driven -timing_driven -force_center_initial_place -min_phi_coef 0.95 -max_phi_coef 1.05
[INFO GPL-0001] ---- Initialize GPL Main Data Structures
[INFO GPL-0002] DBU: 1000
[INFO GPL-0003] SiteSize: (  0.054  0.270 ) um
[INFO GPL-0004] CoreBBox: (  0.540  0.540 ) ( 14.688 14.580 ) um
[INFO GPL-0016] Core area:                     198.638 um^2
[INFO GPL-0036] Movable instances area:         38.885 um^2
[INFO GPL-0037] Total instances area:           41.917 um^2
[INFO GPL-0035] Pin density area adjust:         4.567 um^2
[INFO GPL-0032] ---- Initialize Region: Top-level
[INFO GPL-0006] Number of instances:               418
[INFO GPL-0007] Movable instances:                 314
[INFO GPL-0008] Fixed instances:                   104
[INFO GPL-0009] Dummy instances:                     0
[INFO GPL-0010] Number of nets:                    350
[INFO GPL-0011] Number of pins:                   1138
[INFO GPL-0012] Die BBox:       (  0.000  0.000 ) ( 15.223 15.223 ) um
[INFO GPL-0013] Placement BBox: (  0.540  0.540 ) ( 14.688 14.580 ) um
[INFO GPL-0014] Region name: top-level.
[INFO GPL-0015] Region area:                   198.638 um^2
[INFO GPL-0017] Fixed instances area:            3.033 um^2
[INFO GPL-0018] Movable instances area:         43.452 um^2
[INFO GPL-0019] Utilization:                    22.214 %
[INFO GPL-0020] Standard cells area:            43.452 um^2
[INFO GPL-0021] Large instances area:            0.000 um^2
[INFO GPL-0005] ---- Execute Conjugate Gradient Initial Placement.
[INFO GPL-0051] Source of initial instance position counters:
	Odb location = 0	Core center = 314	Region center = 0
[InitialPlace]  Iter: 1 conjugate gradient residual: 0.00000012 HPWL: 889756
[InitialPlace]  Iter: 2 conjugate gradient residual: 0.00000006 HPWL: 802786
[InitialPlace]  Iter: 3 conjugate gradient residual: 0.00000010 HPWL: 811234
[InitialPlace]  Iter: 4 conjugate gradient residual: 0.00000008 HPWL: 835085
[InitialPlace]  Iter: 5 conjugate gradient residual: 0.00000008 HPWL: 826148
[INFO GPL-0033] ---- Initialize Nesterov Region: Top-level
[INFO GPL-0023] Placement target density:       0.6500
[INFO GPL-0024] Movable insts average area:      0.138 um^2
[INFO GPL-0025] Ideal bin area:                  0.213 um^2
[INFO GPL-0026] Ideal bin count:                   933
[INFO GPL-0027] Total bin area:                198.638 um^2
[INFO GPL-0028] Bin count (X, Y):          16 ,     16
[INFO GPL-0029] Bin size (W * H):       0.884 *  0.877 um
[INFO GPL-0030] Number of bins:                    256
[INFO GPL-0084] ---- Execute Nesterov Global Placement.
[INFO GPL-0031] HPWL: Half-Perimeter Wirelength
Iteration | Overflow |     HPWL (um) |  HPWL(%) |   Penalty | Group
---------------------------------------------------------------
        0 |   0.4445 |  5.998680e+02 |   +0.00% |  2.88e-11 |      
[INFO GPL-0100] Timing-driven iteration 1/2, virtual: false.
[INFO GPL-0101]    Iter: 1, overflow: 0.445, keep resizer changes at: 1, HPWL: 599868
Iteration |   Area    | Resized | Buffers | Nets repaired | Remaining
---------------------------------------------------------------------
        0 |     +0.0% |       0 |       0 |             0 |       350
    final |     +0.0% |       0 |       0 |             0 |         0
---------------------------------------------------------------------
   Iter   |    Area   | Removed | Inserted |   Pins
          |           | Buffers | Buffers  | Remaining
-------------------------------------------------------
        0 |     +0.0% |       0 |        0 |       314
       31 |     +0.0% |       0 |        0 |       283
       62 |     +0.0% |       0 |        0 |       252
       93 |     +2.2% |       0 |        8 |       221
      124 |     +2.9% |       0 |       11 |       190
      155 |     +3.7% |       0 |       15 |       159
      186 |     +5.1% |       0 |       22 |       128
      217 |     +6.8% |       0 |       30 |        97
      248 |     +7.4% |       0 |       33 |        66
      279 |    +11.8% |       0 |       54 |        35
      310 |    +11.8% |       0 |       54 |         4
    final |    +11.8% |       0 |       54 |         0
-------------------------------------------------------
[INFO GPL-0106] Timing-driven: worst slack -3.754287e-11
[INFO GPL-0107] Timing-driven: repair_design delta area: 4.957 um^2 (+11.41%)
[INFO GPL-0108] Timing-driven: repair_design, gpl delta gcells: 54 (+17.20%)
[INFO GPL-0109] Timing-driven: repair_design, gcells created: 54, deleted: 0
[INFO GPL-0110] Timing-driven: new target density: 0.67534286
[INFO GPL-0038] Routability snapshot saved at iter = 1
        0 |   0.4445 |  6.555290e+02 |          |           |      
Iteration | Overflow |     HPWL (um) |  HPWL(%) |   Penalty | Group
---------------------------------------------------------------
       10 |   0.4916 |  6.552340e+02 |   +9.23% |  4.68e-11 |      
       20 |   0.4962 |  6.579980e+02 |   +0.42% |  7.63e-11 |      
       30 |   0.5029 |  6.546190e+02 |   -0.51% |  1.24e-10 |      
       40 |   0.5018 |  6.539180e+02 |   -0.11% |  2.02e-10 |      
       50 |   0.4918 |  6.523920e+02 |   -0.23% |  3.30e-10 |      
       60 |   0.4935 |  6.516030e+02 |   -0.12% |  5.37e-10 |      
       70 |   0.4979 |  6.522450e+02 |   +0.10% |  8.75e-10 |      
       80 |   0.5002 |  6.524730e+02 |   +0.03% |  1.43e-09 |      
       90 |   0.4998 |  6.523140e+02 |   -0.02% |  2.32e-09 |      
      100 |   0.4971 |  6.522200e+02 |   -0.01% |  3.78e-09 |      
      110 |   0.4933 |  6.521590e+02 |   -0.01% |  6.16e-09 |      
      120 |   0.4903 |  6.524200e+02 |   +0.04% |  1.00e-08 |      
      130 |   0.4875 |  6.530620e+02 |   +0.10% |  1.63e-08 |      
      140 |   0.4842 |  6.538990e+02 |   +0.13% |  2.66e-08 |      
      150 |   0.4794 |  6.549650e+02 |   +0.16% |  4.34e-08 |      
      160 |   0.4719 |  6.559710e+02 |   +0.15% |  7.06e-08 |      
      170 |   0.4611 |  6.567540e+02 |   +0.12% |  1.15e-07 |      
      180 |   0.4440 |  6.579690e+02 |   +0.19% |  1.87e-07 |      
      190 |   0.4219 |  6.612170e+02 |   +0.49% |  3.05e-07 |      
      200 |   0.3941 |  6.634620e+02 |   +0.34% |  4.97e-07 |      
      210 |   0.3585 |  6.662190e+02 |   +0.42% |  8.10e-07 |      
      220 |   0.3272 |  6.671750e+02 |   +0.14% |  1.24e-06 |      
      230 |   0.3037 |  6.697010e+02 |   +0.38% |  1.83e-06 |      
[INFO GPL-0040] Routability iteration: 1
[INFO GPL-0041] Total routing overflow: 0.0000
[INFO GPL-0042] Number of overflowed tiles: 0 (0.00%)
[INFO GPL-0043] Average top 0.5% routing congestion: 0.5668
[INFO GPL-0044] Average top 1.0% routing congestion: 0.5540
[INFO GPL-0045] Average top 2.0% routing congestion: 0.5304
[INFO GPL-0046] Average top 5.0% routing congestion: 0.4993
[INFO GPL-0047] Routability iteration weighted routing congestion: 0.5604
[INFO GPL-0050] Weighted routing congestion is lower than target routing congestion(1.0100), end routability optimization.
[INFO GPL-0090] Routability finished. Target routing congestion achieved succesfully.
Iteration | Overflow |     HPWL (um) |  HPWL(%) |   Penalty | Group
---------------------------------------------------------------
      240 |   0.2799 |  6.732390e+02 |   +0.53% |  2.70e-06 |      
      250 |   0.2588 |  6.787020e+02 |   +0.81% |  3.97e-06 |      
      260 |   0.2348 |  6.814530e+02 |   +0.41% |  5.85e-06 |      
      270 |   0.2075 |  6.839070e+02 |   +0.36% |  8.62e-06 |      
[INFO GPL-0100] Timing-driven iteration 2/2, virtual: false.
[INFO GPL-0101]    Iter: 275, overflow: 0.195, keep resizer changes at: 1, HPWL: 685620
Iteration |   Area    | Resized | Buffers | Nets repaired | Remaining
---------------------------------------------------------------------
        0 |     +0.0% |       0 |       0 |             0 |       404
    final |     +0.0% |       0 |       0 |             0 |         0
---------------------------------------------------------------------
   Iter   |    Area   | Removed | Inserted |   Pins
          |           | Buffers | Buffers  | Remaining
-------------------------------------------------------
        0 |     +0.0% |       0 |        0 |       314
       31 |     +0.0% |       0 |        0 |       283
       62 |     +0.0% |       0 |        0 |       252
       93 |     -1.2% |       8 |        4 |       221
      124 |     -1.2% |      11 |        7 |       190
      155 |     -1.8% |      15 |        8 |       159
      186 |     -2.0% |      22 |       14 |       128
      217 |     -2.9% |      30 |       17 |        97
      248 |     -2.7% |      33 |       21 |        66
      279 |     -2.9% |      54 |       41 |        35
      310 |     -2.9% |      54 |       41 |         4
    final |     -2.9% |      54 |       41 |         0
-------------------------------------------------------
[INFO GPL-0106] Timing-driven: worst slack -3.690588e-11
[INFO GPL-0107] Timing-driven: repair_design delta area: -1.371 um^2 (-2.83%)
[INFO GPL-0108] Timing-driven: repair_design, gpl delta gcells: -13 (-3.53%)
[INFO GPL-0109] Timing-driven: repair_design, gcells created: 41, deleted: 54
[INFO GPL-0110] Timing-driven: new target density: 0.6683363
Iteration | Overflow |     HPWL (um) |  HPWL(%) |   Penalty | Group
---------------------------------------------------------------
      280 |   0.1729 |  6.683080e+02 |   -2.28% |  1.27e-05 |      
      290 |   0.1337 |  6.625370e+02 |   -0.86% |  1.87e-05 |      
      300 |   0.1173 |  6.616930e+02 |   -0.13% |  2.76e-05 |      
      309 |   0.0993 |  6.619640e+02 |          |  4.06e-05 |      
---------------------------------------------------------------
[INFO GPL-1001] Global placement finished at iteration 309
[INFO GPL-1017] Routability mode iteration count: 231
[INFO GPL-1005] Routability final weighted congestion: 0.5464
[INFO GPL-1002] Placed Cell Area               47.0387
[INFO GPL-1003] Available Free Area           195.6053
[INFO GPL-1004] Minimum Feasible Density        0.2300 (cell_area / free_area)
[INFO GPL-1006]   Suggested Target Densities:
[INFO GPL-1007]     - For 90% usage of free space: 0.2672
[INFO GPL-1008]     - For 80% usage of free space: 0.3006
[INFO GPL-1009]     - For 50% usage of free space: 0.4810
[INFO GPL-1011] Original area (um^2): 43.45
[INFO GPL-1012] Total routability artificial inflation: 0.00 (+0.00%)
[INFO GPL-1013] Total timing-driven delta area: 3.59 (+8.25%)
[INFO GPL-1014] Final placement area: 47.04 (+8.25%)
estimate_parasitics -placement
Report metrics stage 3, global place...

==========================================================================
global place report_design_area
--------------------------------------------------------------------------
Design area 46 um^2 23% utilization.
write_db ./results/asap7/gcd/ai_search_0bcf90578847a11f/3_3_place_gp.odb
Elapsed time: 0:01.57[h:]min:sec. CPU time: user 1.42 sys 0.17 (100%). Peak memory: 335404KB.
Log                       Ext     Elapsed/s Peak Memory/MB sha1sum result [0:20)
3_3_place_gp              .odb            1            327 de6e36befbfe318a56e8
/root/ORFS/flow/scripts/flow.sh 3_4_place_resized resize
Running resize.tcl, stage 3_4_place_resized
source /root/ORFS/flow/platforms/asap7/liberty_suppressions.tcl
read_liberty /root/ORFS/flow/platforms/asap7/lib/NLDM/asap7sc7p5t_AO_RVT_FF_nldm_211120.lib.gz
read_liberty /root/ORFS/flow/platforms/asap7/lib/NLDM/asap7sc7p5t_INVBUF_RVT_FF_nldm_220122.lib.gz
read_liberty /root/ORFS/flow/platforms/asap7/lib/NLDM/asap7sc7p5t_OA_RVT_FF_nldm_211120.lib.gz
read_liberty /root/ORFS/flow/platforms/asap7/lib/NLDM/asap7sc7p5t_SIMPLE_RVT_FF_nldm_211120.lib.gz
read_liberty /root/ORFS/flow/platforms/asap7/lib/NLDM/asap7sc7p5t_SEQ_RVT_FF_nldm_220123.lib
read_db ./results/asap7/gcd/ai_search_0bcf90578847a11f/3_3_place_gp.odb
read_sdc ./results/asap7/gcd/ai_search_0bcf90578847a11f/2_floorplan.sdc
source /root/ORFS/flow/platforms/asap7/setRC.tcl
estimate_parasitics -placement
Perform buffer insertion and gate resizing...
repair_design -verbose
Iteration |   Area    | Resized | Buffers | Nets repaired | Remaining
---------------------------------------------------------------------
        0 |     +0.0% |       0 |       0 |             0 |       391
       10 |     +0.0% |       0 |       0 |             0 |       381
       20 |     +0.0% |       0 |       0 |             0 |       371
       30 |     +0.0% |       0 |       0 |             0 |       361
       40 |     +0.0% |       0 |       0 |             0 |       351
       50 |     +0.0% |       0 |       0 |             0 |       341
       60 |     +0.0% |       0 |       0 |             0 |       331
       70 |     +0.0% |       0 |       0 |             0 |       321
       80 |     +0.0% |       0 |       0 |             0 |       311
       90 |     +0.0% |       0 |       0 |             0 |       301
      100 |     +0.0% |       0 |       0 |             0 |       291
      110 |     +0.0% |       0 |       0 |             0 |       281
      120 |     +0.0% |       0 |       0 |             0 |       271
      130 |     +0.0% |       0 |       0 |             0 |       261
      140 |     +0.0% |       0 |       0 |             0 |       251
      150 |     +0.0% |       0 |       0 |             0 |       241
      160 |     +0.0% |       0 |       0 |             0 |       231
      170 |     +0.0% |       0 |       0 |             0 |       221
      180 |     +0.0% |       0 |       0 |             0 |       211
      190 |     +0.0% |       0 |       0 |             0 |       201
      200 |     +0.0% |       0 |       0 |             0 |       191
      210 |     +0.0% |       0 |       0 |             0 |       181
      220 |     +0.0% |       0 |       0 |             0 |       171
      230 |     +0.0% |       0 |       0 |             0 |       161
      240 |     +0.0% |       0 |       0 |             0 |       151
      250 |     +0.0% |       0 |       0 |             0 |       141
      260 |     +0.0% |       0 |       0 |             0 |       131
      270 |     +0.0% |       0 |       0 |             0 |       121
      280 |     +0.0% |       0 |       0 |             0 |       111
      290 |     +0.0% |       0 |       0 |             0 |       101
      300 |     +0.0% |       0 |       0 |             0 |        91
      310 |     +0.0% |       0 |       0 |             0 |        81
      320 |     +0.0% |       0 |       0 |             0 |        71
      330 |     +0.0% |       0 |       0 |             0 |        61
      340 |     +0.0% |       0 |       0 |             0 |        51
      350 |     +0.0% |       0 |       0 |             0 |        41
      360 |     +0.0% |       0 |       0 |             0 |        31
      370 |     +0.0% |       0 |       0 |             0 |        21
      380 |     +0.0% |       0 |       0 |             0 |        11
      390 |     +0.0% |       0 |       0 |             0 |         1
    final |     +0.0% |       0 |       0 |             0 |         0
---------------------------------------------------------------------
[INFO RSZ-0504] Runtime: 0.03s
Floating nets: 
Report metrics stage 3, resizer...

==========================================================================
resizer report_design_area
--------------------------------------------------------------------------
Design area 46 um^2 23% utilization.
Instance count before 459, after 459
Pin count before 1166, after 1166
write_db ./results/asap7/gcd/ai_search_0bcf90578847a11f/3_4_place_resized.odb
Elapsed time: 0:01.32[h:]min:sec. CPU time: user 1.13 sys 0.10 (92%). Peak memory: 222804KB.
Log                       Ext     Elapsed/s Peak Memory/MB sha1sum result [0:20)
3_4_place_resized         .odb            1            217 de6e36befbfe318a56e8
/root/ORFS/flow/scripts/flow.sh 3_5_place_dp detail_place
Running detail_place.tcl, stage 3_5_place_dp
source /root/ORFS/flow/platforms/asap7/liberty_suppressions.tcl
read_liberty /root/ORFS/flow/platforms/asap7/lib/NLDM/asap7sc7p5t_AO_RVT_FF_nldm_211120.lib.gz
read_liberty /root/ORFS/flow/platforms/asap7/lib/NLDM/asap7sc7p5t_INVBUF_RVT_FF_nldm_220122.lib.gz
read_liberty /root/ORFS/flow/platforms/asap7/lib/NLDM/asap7sc7p5t_OA_RVT_FF_nldm_211120.lib.gz
read_liberty /root/ORFS/flow/platforms/asap7/lib/NLDM/asap7sc7p5t_SIMPLE_RVT_FF_nldm_211120.lib.gz
read_liberty /root/ORFS/flow/platforms/asap7/lib/NLDM/asap7sc7p5t_SEQ_RVT_FF_nldm_220123.lib
read_db ./results/asap7/gcd/ai_search_0bcf90578847a11f/3_4_place_resized.odb
read_sdc ./results/asap7/gcd/ai_search_0bcf90578847a11f/2_floorplan.sdc
source /root/ORFS/flow/platforms/asap7/setRC.tcl
detailed_placement
[INFO DPL-0006] Core area: 198.64 um^2
[INFO DPL-0007] Movable instances area: 42.47 um^2
[INFO DPL-0008] Fixed instances area within core: 3.03 um^2
[INFO DPL-0009] Utilization: 22.9%
[INFO DPL-0005] Diamond search max displacement: +/- 500 sites horizontally, +/- 100 rows vertically.
[INFO DPL-1102] Legalizing using negotiation legalizer.
[INFO DPL-1103] Negotiation base search window: +/-20 sites horizontally, +/-5 rows vertically 
	Automatic search window extension enabled.
	Search window extendable up to the max displacement cap of +/-500 sites, +/-100 rows near walls.
[INFO DPL-1104] NegotiationLegalizer DRC penalty: 5.
[INFO DPL-0392] Negotiation cell height distribution (1 unique row-count(s)):
[INFO DPL-0393]   height 1 row(s): 459 cells
          |      Total |  Illegal |  Illegal
Iteration | Violations |    Cells |    Sites
---------------------------------------------
        0 |          0 |         0 |         0
Negotiation phase 1 converged at iteration 0.
[INFO DPL-0500] Runtime: 0.00s
Placement Analysis
---------------------------------
total displacement        137.1 u
average displacement        0.3 u
max displacement            1.7 u
original HPWL             663.0 u
legalized HPWL            820.7 u
delta HPWL                   24 %

improve_placement -max_displacement "5 1"
Detailed placement improvement.
[INFO DPL-0401] Setting random seed to 1.
[INFO DPL-0402] Setting maximum displacement 5 1 to 1350 270 units.
[INFO DPL-0320] Collected 158 fixed cells.
[INFO DPL-0318] Collected 355 single height cells.
[INFO DPL-0321] Collected 0 wide cells.
[INFO DPL-0322] Image (540, 540) - (14688, 14580)
[INFO DPL-0310] Assigned 355 cells into segments.  Movement in X-direction is 0.000000, movement in Y-direction is 0.000000.
[INFO DPL-0313] Found 0 cells in wrong regions.
[INFO DPL-0315] Found 0 row alignment problems.
[INFO DPL-0314] Found 0 site alignment problems.
[INFO DPL-0311] Found 0 overlaps between adjacent cells.
[INFO DPL-0312] Found 0 edge spacing violations and 0 padding violations.
[INFO DPL-0303] Running algorithm for independent set matching.
[INFO DPL-0300] Set matching objective is wirelength.
[INFO DPL-0301] Pass   1 of matching; objective is 8.194920e+05.
[INFO DPL-0302] End of matching; objective is 8.155480e+05, improvement is 0.48 percent.
[INFO DPL-0303] Running algorithm for global swaps.
[INFO DPL-0306] Pass   1 of global swaps; hpwl is 7.968970e+05.
[INFO DPL-0306] Pass   2 of global swaps; hpwl is 7.951990e+05.
[INFO DPL-0307] End of global swaps; objective is 7.951990e+05, improvement is 2.50 percent.
[INFO DPL-0303] Running algorithm for vertical swaps.
[INFO DPL-0308] Pass   1 of vertical swaps; hpwl is 7.905590e+05.
[INFO DPL-0309] End of vertical swaps; objective is 7.905590e+05, improvement is 0.58 percent.
[INFO DPL-0303] Running algorithm for reordering.
[INFO DPL-0304] Pass   1 of reordering; objective is 7.892100e+05.
[INFO DPL-0305] End of reordering; objective is 7.892100e+05, improvement is 0.17 percent.
[INFO DPL-0303] Running algorithm for random improvement.
[INFO DPL-0324] Random improver is using random generator.
[INFO DPL-0325] Random improver is using hpwl objective.
[INFO DPL-0326] Random improver cost string is (a).
[INFO DPL-0332] End of pass, Generator random called 7100 times.
[INFO DPL-0335] Generator random, Cumulative attempts 7100, swaps 772, moves  2345 since last reset.
[INFO DPL-0333] End of pass, Objective hpwl, Initial cost 7.892100e+05, Scratch cost 7.765900e+05, Incremental cost 7.765900e+05, Mismatch? N
[INFO DPL-0338] End of pass, Total cost is 7.765900e+05.
[INFO DPL-0327] Pass   1 of random improver; improvement in cost is 1.60 percent.
[INFO DPL-0332] End of pass, Generator random called 7100 times.
[INFO DPL-0335] Generator random, Cumulative attempts 14200, swaps 1537, moves  4713 since last reset.
[INFO DPL-0333] End of pass, Objective hpwl, Initial cost 7.765900e+05, Scratch cost 7.730270e+05, Incremental cost 7.730270e+05, Mismatch? N
[INFO DPL-0338] End of pass, Total cost is 7.730270e+05.
[INFO DPL-0327] Pass   2 of random improver; improvement in cost is 0.46 percent.
[INFO DPL-0328] End of random improver; improvement is 2.050532 percent.
[INFO DPL-0380] Cell flipping.
[INFO DPL-0382] Changed 0 cell orientations for row compatibility.
[INFO DPL-0383] Performed 104 cell flips.
[INFO DPL-0384] End of flipping; objective is 7.517350e+05, improvement is 2.75 percent.
[INFO DPL-0313] Found 0 cells in wrong regions.
[INFO DPL-0315] Found 0 row alignment problems.
[INFO DPL-0314] Found 0 site alignment problems.
[INFO DPL-0311] Found 0 overlaps between adjacent cells.
[INFO DPL-0312] Found 0 edge spacing violations and 0 padding violations.
Detailed Improvement Results
------------------------------------------
Original HPWL              820.7 u (     383.2,      437.6)
Final HPWL                 750.7 u (     370.2,      380.5)
Delta HPWL                  -8.5 % (      -3.4,      -13.0)

optimize_mirroring
[INFO DPL-0020] Mirrored 53 instances
[INFO DPL-0021] HPWL before             750.7 u
[INFO DPL-0022] HPWL after              749.7 u
[INFO DPL-0023] HPWL delta               -0.1 %
[INFO FLW-0012] Placement violations .
estimate_parasitics -placement
Report metrics stage 3, detailed place...

==========================================================================
detailed place report_design_area
--------------------------------------------------------------------------
Design area 46 um^2 23% utilization.
write_db ./results/asap7/gcd/ai_search_0bcf90578847a11f/3_5_place_dp.odb
write_sdc -no_timestamp ./results/asap7/gcd/ai_search_0bcf90578847a11f/3_place.sdc
Elapsed time: 0:01.26[h:]min:sec. CPU time: user 1.09 sys 0.08 (93%). Peak memory: 208904KB.
Log                       Ext     Elapsed/s Peak Memory/MB sha1sum result [0:20)
3_5_place_dp              .odb            1            204 793ee86ee8a059476c4f
cp ./results/asap7/gcd/ai_search_0bcf90578847a11f/3_5_place_dp.odb ./results/asap7/gcd/ai_search_0bcf90578847a11f/3_place.odb
make: Leaving directory '/root/ORFS/flow'
