make: Entering directory '/root/ORFS/flow'
OpenROAD 26Q3-1499-g46ab99414e 
Features included (+) or not (-): +GPU +GUI +Python
This program is licensed under the BSD-3 license. See the LICENSE file for details.
Components of this program may be licensed under more restrictive licenses which must be honored.
[INFO ORD-0030] Using 2 thread(s).
mkdir -p ./objects/asap7/gcd/ai_search_1de0b95117261e35
/root/ORFS/flow/scripts/flow.sh 1_synth synth_syn
Running synth_syn.tcl, stage 1_synth
source /root/ORFS/flow/platforms/asap7/liberty_suppressions.tcl
read_liberty /root/ORFS/flow/platforms/asap7/lib/NLDM/asap7sc7p5t_AO_RVT_FF_nldm_211120.lib.gz
read_liberty /root/ORFS/flow/platforms/asap7/lib/NLDM/asap7sc7p5t_INVBUF_RVT_FF_nldm_220122.lib.gz
read_liberty /root/ORFS/flow/platforms/asap7/lib/NLDM/asap7sc7p5t_OA_RVT_FF_nldm_211120.lib.gz
read_liberty /root/ORFS/flow/platforms/asap7/lib/NLDM/asap7sc7p5t_SIMPLE_RVT_FF_nldm_211120.lib.gz
read_liberty /root/ORFS/flow/platforms/asap7/lib/NLDM/asap7sc7p5t_SEQ_RVT_FF_nldm_220123.lib
read_lef /root/ORFS/flow/platforms/asap7/lef/asap7_tech_1x_201209.lef
[INFO ODB-0227] LEF file: /root/ORFS/flow/platforms/asap7/lef/asap7_tech_1x_201209.lef, created 30 layers, 9 vias
read_lef /root/ORFS/flow/platforms/asap7/lef/asap7sc7p5t_28_R_1x_220121a.lef
[INFO ODB-0227] LEF file: /root/ORFS/flow/platforms/asap7/lef/asap7sc7p5t_28_R_1x_220121a.lef, created 212 library cells
set_dont_use "*x1p*_ASAP7* *xp*_ASAP7* SDF* ICG*"
sv_elaborate -D SYNTHESIS --compat=vcs --ignore-assertions --no-implicit-memories --top gcd /root/ORFS/flow/designs/src/gcd/gcd.v --std=1364-2005
Top level design units:
    gcd

Build succeeded: 0 errors, 0 warnings
syn::stats
  adc: 1 cells, 17 bits
  and: 3 cells, 3 bits
  dff: 3 cells, 34 bits
  eq: 7 cells, 7 bits
  input: 5 cells, 36 bits
  mux: 1 cells, 1 bits
  name (tentative): 143 cells, 0 bits
  not: 20 cells, 20 bits
  output: 3 cells, 0 bits
  ult: 1 cells, 1 bits
  ushr: 29 cells, 230 bits
  total: 216 cells, 349 bits
synthesize
[INFO SYN-0056] liveness: replaced 0 register bits, 0 combinational bits
[INFO SYN-0020] abc_roundtrip: exported 490 ANDs, 70 CIs, 52 COs
[1;37msyn     [0m : i/o =     70/     52  [1;36mand =     490[0m  [1;35mlev =   19[0m [1;35m(14.27)[0m  mem = 0.01 MB
Simulating 4 words for 10 rounds. SAT solving with 1000000 conflicts.
cst =     490  cls =      0  lit =     490  unused =      70  proof =     0
cst =       2  cls =      6  lit =      20  unused =     534  proof =     0
cst =       2  cls =      6  lit =      15  unused =     539  proof =     0
cst =       2  cls =      7  lit =      13  unused =     540  proof =     0
cst =       2  cls =      6  lit =      12  unused =     542  proof =     0
cst =       2  cls =      6  lit =      12  unused =     542  proof =     0
cst =       2  cls =      6  lit =      12  unused =     542  proof =     0
cst =       2  cls =      6  lit =      12  unused =     542  proof =     0
[1;37msyn     [0m : i/o =     70/     11  [1;36mand =     171[0m  [1;35mlev =   15[0m [1;35m(8.36)[0m  mem = 0.00 MB
SAT solver statistics:
CO =       11  AND =      171  Conf = 1000000  MinVar =  2000  MinCalls =   200
Unsat calls      9  ( 81.82 %)   Ave conf =      3.7   Time =     0.00 sec (  7.38 %)
Sat   calls      2  ( 18.18 %)   Ave conf =      0.0   Time =     0.00 sec (  2.93 %)
Undef calls      0  (  0.00 %)   Ave conf =      0.0   Time =     0.00 sec (  0.00 %)
Total time =     0.00 sec
  1 : P =      3. D =      2. F =     0. M =       0. And =     487. Time =     0.00 sec
[1;37msyn     [0m : i/o =     70/      5  [1;36mand =      46[0m  [1;35mlev =   11[0m [1;35m(8.40)[0m  mem = 0.00 MB
SAT solver statistics:
CO =        5  AND =       46  Conf = 1000000  MinVar =  2000  MinCalls =   200
Unsat calls      4  ( 80.00 %)   Ave conf =      2.0   Time =     0.00 sec (  4.25 %)
Sat   calls      1  ( 20.00 %)   Ave conf =      2.0   Time =     0.00 sec (  5.41 %)
Undef calls      0  (  0.00 %)   Ave conf =      0.0   Time =     0.00 sec (  0.00 %)
Total time =     0.00 sec
  2 : P =      1. D =      1. F =     0. M =       0. And =     484. Time =     0.00 sec
[1;37msyn     [0m : i/o =     70/      3  [1;36mand =      34[0m  [1;35mlev =   10[0m [1;35m(9.33)[0m  mem = 0.00 MB
SAT solver statistics:
CO =        3  AND =       34  Conf = 1000000  MinVar =  2000  MinCalls =   200
Unsat calls      3  (100.00 %)   Ave conf =      1.3   Time =     0.00 sec (  4.51 %)
Sat   calls      0  (  0.00 %)   Ave conf =      0.0   Time =     0.00 sec (  0.00 %)
Undef calls      0  (  0.00 %)   Ave conf =      0.0   Time =     0.00 sec (  0.00 %)
Total time =     0.00 sec
  3 : P =      3. D =      0. F =     0. M =       0. And =     480. Time =     0.00 sec
[1;37msyn     [0m : i/o =     70/      0  [1;36mand =       0[0m  [1;35mlev =    0[0m [1;35m(-nan)[0m  mem = 0.00 MB
Considered all available candidate equivalences.
Performed 10 SAT calls: P = 7  D = 3  F = 0
NBeg = 490. NEnd = 480. (Gain =   2.04 %).  RBeg = 0. REnd = 0. (Gain =   0.00 %).
Sim  =     0.00 sec ( 22.23 %)
Sat  =     0.00 sec ( 70.24 %)
Pat  =     0.00 sec (  0.76 %)
Time =     0.00 sec
[INFO SYN-0023] abc_roundtrip: after ABC: 480 ANDs, 70 CIs, 52 COs
[INFO SYN-0020] abc_roundtrip: exported 480 ANDs, 70 CIs, 52 COs
[1;37msyn     [0m : i/o =     70/     52  [1;36mand =     480[0m  [1;35mlev =   19[0m [1;35m(13.63)[0m  mem = 0.01 MB
Starting:  syn             : pi =    70  po =    52  and =     480  lev =  19
Rewrite:   syn             : pi =    70  po =    52  and =     442  lev =  21
Refactor:  syn             : pi =    70  po =    52  and =     425  lev =  21
Balance:   syn             : pi =    70  po =    52  and =     425  lev =  21
Rewrite:   syn             : pi =    70  po =    52  and =     425  lev =  21
RewriteZ:  syn             : pi =    70  po =    52  and =     423  lev =  21
Balance:   syn             : pi =    70  po =    52  and =     423  lev =  20
RefactorZ: syn             : pi =    70  po =    52  and =     423  lev =  20
RewriteZ:  syn             : pi =    70  po =    52  and =     418  lev =  20
Balance:   syn             : pi =    70  po =    52  and =     418  lev =  19
Starting:  syn             : pi =    70  po =    52  and =     418  lev =  19
Rewrite:   syn             : pi =    70  po =    52  and =     417  lev =  19
Refactor:  syn             : pi =    70  po =    52  and =     417  lev =  19
Balance:   syn             : pi =    70  po =    52  and =     417  lev =  19
Rewrite:   syn             : pi =    70  po =    52  and =     417  lev =  19
RewriteZ:  syn             : pi =    70  po =    52  and =     413  lev =  19
Balance:   syn             : pi =    70  po =    52  and =     413  lev =  18
RefactorZ: syn             : pi =    70  po =    52  and =     413  lev =  18
RewriteZ:  syn             : pi =    70  po =    52  and =     407  lev =  18
Balance:   syn             : pi =    70  po =    52  and =     407  lev =  18
Starting:  syn             : pi =    70  po =    52  and =     464  lev =  13
Rewrite:   syn             : pi =    70  po =    52  and =     424  lev =  17
Refactor:  syn             : pi =    70  po =    52  and =     423  lev =  17
Balance:   syn             : pi =    70  po =    52  and =     423  lev =  17
Rewrite:   syn             : pi =    70  po =    52  and =     421  lev =  17
RewriteZ:  syn             : pi =    70  po =    52  and =     421  lev =  17
Balance:   syn             : pi =    70  po =    52  and =     421  lev =  17
RefactorZ: syn             : pi =    70  po =    52  and =     421  lev =  17
RewriteZ:  syn             : pi =    70  po =    52  and =     421  lev =  17
Balance:   syn             : pi =    70  po =    52  and =     421  lev =  17
Starting:  syn             : pi =    70  po =    52  and =     421  lev =  17
Rewrite:   syn             : pi =    70  po =    52  and =     421  lev =  17
Refactor:  syn             : pi =    70  po =    52  and =     421  lev =  17
Balance:   syn             : pi =    70  po =    52  and =     421  lev =  17
Rewrite:   syn             : pi =    70  po =    52  and =     421  lev =  17
RewriteZ:  syn             : pi =    70  po =    52  and =     421  lev =  17
Balance:   syn             : pi =    70  po =    52  and =     421  lev =  17
RefactorZ: syn             : pi =    70  po =    52  and =     421  lev =  17
RewriteZ:  syn             : pi =    70  po =    52  and =     421  lev =  17
Balance:   syn             : pi =    70  po =    52  and =     420  lev =  17
Starting:  syn             : pi =    70  po =    52  and =     420  lev =  17
Rewrite:   syn             : pi =    70  po =    52  and =     420  lev =  17
Refactor:  syn             : pi =    70  po =    52  and =     420  lev =  17
Balance:   syn             : pi =    70  po =    52  and =     420  lev =  17
Rewrite:   syn             : pi =    70  po =    52  and =     420  lev =  17
RewriteZ:  syn             : pi =    70  po =    52  and =     420  lev =  17
Balance:   syn             : pi =    70  po =    52  and =     420  lev =  17
RefactorZ: syn             : pi =    70  po =    52  and =     420  lev =  17
RewriteZ:  syn             : pi =    70  po =    52  and =     420  lev =  17
Balance:   syn             : pi =    70  po =    52  and =     420  lev =  17
[1;37msyn     [0m : i/o =     70/     52  [1;36mand =     420[0m  [1;35mlev =   17[0m [1;35m(13.42)[0m  mem = 0.01 MB
[INFO SYN-0023] abc_roundtrip: after ABC: 420 ANDs, 70 CIs, 52 COs
[INFO SYN-0017] mapCombinationals: done
[INFO SYN-0040] gatefusion: 0 fusions applied, area delta 0.0000
  input: 5 cells, 36 bits
  name (tentative): 102 cells, 0 bits
  not: 1 cells, 1 bits
  output: 3 cells, 0 bits
  target: AND2x2_ASAP7_75t_R: 3 cells, 3 bits, area 0.26244
  target: AND3x1_ASAP7_75t_R: 3 cells, 3 bits, area 0.26244
  target: AND4x1_ASAP7_75t_R: 1 cells, 1 bits, area 0.10206
  target: AO21x1_ASAP7_75t_R: 17 cells, 17 bits, area 1.48716
  target: AO221x1_ASAP7_75t_R: 18 cells, 18 bits, area 2.6244
  target: AO32x1_ASAP7_75t_R: 2 cells, 2 bits, area 0.23328
  target: AOI21x1_ASAP7_75t_R: 20 cells, 20 bits, area 2.3328
  target: AOI221x1_ASAP7_75t_R: 1 cells, 1 bits, area 0.20412
  target: DFFHQNx1_ASAP7_75t_R: 34 cells, 34 bits, area 9.9144
  target: INVx1_ASAP7_75t_R: 24 cells, 24 bits, area 1.04976
  target: MAJx2_ASAP7_75t_R: 8 cells, 8 bits, area 1.04976
  target: NAND2x1_ASAP7_75t_R: 9 cells, 9 bits, area 0.78732
  target: NAND3x1_ASAP7_75t_R: 2 cells, 2 bits, area 0.32076
  target: NOR2x1_ASAP7_75t_R: 7 cells, 7 bits, area 0.61236
  target: NOR3x1_ASAP7_75t_R: 1 cells, 1 bits, area 0.16038
  target: OA211x2_ASAP7_75t_R: 17 cells, 17 bits, area 1.98288
  target: OA21x2_ASAP7_75t_R: 13 cells, 13 bits, area 1.32678
  target: OAI21x1_ASAP7_75t_R: 24 cells, 24 bits, area 2.79936
  target: OAI22x1_ASAP7_75t_R: 1 cells, 1 bits, area 0.1458
  target: OR2x2_ASAP7_75t_R: 7 cells, 7 bits, area 0.61236
  target: OR3x1_ASAP7_75t_R: 20 cells, 20 bits, area 1.7496
  target: OR4x1_ASAP7_75t_R: 2 cells, 2 bits, area 0.20412
  target: OR5x1_ASAP7_75t_R: 2 cells, 2 bits, area 0.23328
  target: XNOR2x2_ASAP7_75t_R: 6 cells, 6 bits, area 0.96228
  target: XOR2x2_ASAP7_75t_R: 19 cells, 19 bits, area 3.04722
  total: 372 cells, 298 bits, area 34.4671
[INFO SYN-0031] Export to ODB: created 261 instances, 209 nets, 54 ports
read_sdc /root/ORFS/flow/designs/asap7/gcd/constraint.sdc
repair_design -pre_placement
[WARNING EST-0027] no estimated parasitics. Using wire load models.
Iteration |   Area    | Resized | Buffers | Nets repaired | Remaining
---------------------------------------------------------------------
        0 |    +17.4% |       0 |      43 |            49 |       340
    final |    +17.4% |       0 |      43 |            49 |         0
---------------------------------------------------------------------
[INFO RSZ-0038] Inserted 43 buffers in 49 nets.
[INFO RSZ-0504] Runtime: 0.06s
Report metrics stage 1, synth...

==========================================================================
synth report_design_area
--------------------------------------------------------------------------
Design area 40 um^2 100% utilization.
write_db ./results/asap7/gcd/ai_search_1de0b95117261e35/1_synth.odb
write_sdc -no_timestamp ./results/asap7/gcd/ai_search_1de0b95117261e35/1_synth.sdc
Elapsed time: 0:01.20[h:]min:sec. CPU time: user 1.10 sys 0.10 (100%). Peak memory: 214780KB.
Log                       Ext     Elapsed/s Peak Memory/MB sha1sum result [0:20)
1_synth                   .v              1            209 b3c65aa67d1b3e82d782
1_synth                   .odb                             9ddbdc029e65dfd5cb14
1_synth                   .sdc                             5011e5aed360886d25f2
/root/ORFS/flow/scripts/flow.sh 2_1_floorplan floorplan
Running floorplan.tcl, stage 2_1_floorplan
source /root/ORFS/flow/platforms/asap7/liberty_suppressions.tcl
read_liberty /root/ORFS/flow/platforms/asap7/lib/NLDM/asap7sc7p5t_AO_RVT_FF_nldm_211120.lib.gz
read_liberty /root/ORFS/flow/platforms/asap7/lib/NLDM/asap7sc7p5t_INVBUF_RVT_FF_nldm_220122.lib.gz
read_liberty /root/ORFS/flow/platforms/asap7/lib/NLDM/asap7sc7p5t_OA_RVT_FF_nldm_211120.lib.gz
read_liberty /root/ORFS/flow/platforms/asap7/lib/NLDM/asap7sc7p5t_SIMPLE_RVT_FF_nldm_211120.lib.gz
read_liberty /root/ORFS/flow/platforms/asap7/lib/NLDM/asap7sc7p5t_SEQ_RVT_FF_nldm_220123.lib
read_db ./results/asap7/gcd/ai_search_1de0b95117261e35/1_synth.odb
read_sdc ./results/asap7/gcd/ai_search_1de0b95117261e35/1_synth.sdc
source /root/ORFS/flow/platforms/asap7/setRC.tcl

==========================================================================
Floorplan check_setup
--------------------------------------------------------------------------
number instances in verilog is 304
[INFO IFP-0107] Defining die area using utilization: 30.00% and aspect ratio: 1.
[WARNING IFP-0028] Core area lower left (0.500, 0.500) snapped to (0.540, 0.540).
[INFO IFP-0001] Added 42 rows of 214 site asap7sc7p5t.
[INFO IFP-0100] Die BBox:  (  0.000  0.000 ) ( 12.613 12.613 ) um
[INFO IFP-0101] Core BBox: (  0.540  0.540 ) ( 12.096 11.880 ) um
[INFO IFP-0102] Core area:                          131.045 um^2
[INFO IFP-0103] Total instances area:                40.459 um^2
[INFO IFP-0104] Effective utilization:                0.309
[INFO IFP-0105] Number of instances:                    304
source /root/ORFS/flow/platforms/asap7/openRoad/make_tracks.tcl
source /root/ORFS/flow/platforms/asap7/fastroute.tcl
Repair tie lo fanout...
Repair tie hi fanout...
repair_timing -setup_margin 0 -hold_margin 0 -repair_tns 100 -skip_last_gasp -setup -skip_last_gasp -sequence unbuffer,sizeup,swap,vt_swap -verbose
[WARNING EST-0027] no estimated parasitics. Using wire load models.
[INFO RSZ-0100] Repair move sequence: UnbufferMove SizeUpMove SwapPinsMove 
[INFO RSZ-0094] Found 21 endpoints with setup violations.
[INFO RSZ-0099] Repairing 21 out of 21 (100.00%) violating endpoints...
   Iter   | Removed | Resized | Inserted | Cloned |  Pin  |   Area   |    WNS   |   StTNS    |   EnTNS    |  Viol  |  Worst  
          | Buffers |  Gates  | Buffers  |  Gates | Swaps |          |          |            |            | Endpts | St/EnPt 
------------------------------------------------------------------------------------------------------------------------------
       0* |       0 |       0 |        0 |      0 |     0 |    +0.0% |  -66.659 |     -476.4 |     -506.1 |     21 | resp_msg[15]
      10* |       0 |       3 |        0 |      0 |     6 |    +0.2% |  -67.095 |     -506.3 |     -458.6 |     21 | resp_msg[15]
      12* |       0 |       3 |        0 |      0 |     4 |    +0.2% |  -64.056 |     -466.7 |     -444.9 |     21 | resp_msg[15]
      14* |       0 |       3 |        0 |      0 |     4 |    +0.2% |  -64.056 |     -466.7 |     -444.9 |     21 | resp_msg[15]
      16* |       0 |       3 |        0 |      0 |     5 |    +0.2% |  -63.947 |     -465.2 |     -443.8 |     21 | resp_msg[15]
      18* |       0 |       3 |        0 |      0 |     5 |    +0.2% |  -63.947 |     -465.2 |     -443.8 |     21 | resp_msg[15]
      20* |       0 |       3 |        0 |      0 |     6 |    +0.2% |  -63.995 |     -465.5 |     -433.7 |     21 | resp_msg[15]
      28* |       0 |       3 |        0 |      0 |     5 |    +0.2% |  -63.947 |     -465.2 |     -443.8 |     21 | resp_msg[15]
      30* |       0 |       4 |        0 |      0 |     5 |    +0.3% |  -63.947 |     -465.2 |     -426.2 |     21 | resp_msg[15]
      32* |       0 |       5 |        0 |      0 |     5 |    +0.3% |  -63.947 |     -465.2 |     -400.0 |     21 | resp_msg[15]
      34* |       0 |       5 |        0 |      0 |     5 |    +0.3% |  -63.947 |     -465.2 |     -400.0 |     21 | resp_msg[15]
      36* |       0 |       5 |        0 |      0 |     5 |    +0.3% |  -63.947 |     -465.2 |     -400.0 |     21 | resp_msg[15]
      38* |       0 |       5 |        0 |      0 |     5 |    +0.3% |  -63.947 |     -465.2 |     -400.0 |     21 | resp_msg[15]
      40* |       0 |       5 |        0 |      0 |     6 |    +0.3% |  -63.947 |     -465.2 |     -401.6 |     21 | resp_msg[15]
      40* |       0 |       5 |        0 |      0 |     5 |    +0.3% |  -63.947 |     -465.2 |     -400.0 |     21 | resp_msg[15]
      42* |       0 |       5 |        0 |      0 |     5 |    +0.3% |  -63.947 |     -465.2 |     -400.0 |     21 | resp_msg[15]
      44* |       0 |       5 |        0 |      0 |     5 |    +0.3% |  -63.947 |     -465.2 |     -400.0 |     21 | resp_msg[15]
      46* |       0 |       5 |        0 |      0 |     5 |    +0.3% |  -63.947 |     -465.2 |     -400.0 |     21 | resp_msg[15]
      48* |       0 |       5 |        0 |      0 |     5 |    +0.3% |  -63.947 |     -465.2 |     -400.0 |     21 | resp_msg[15]
      50* |       0 |       5 |        0 |      0 |     6 |    +0.3% |  -63.947 |     -465.2 |     -401.6 |     21 | resp_msg[15]
      50* |       0 |       5 |        0 |      0 |     5 |    +0.3% |  -63.947 |     -465.2 |     -400.0 |     21 | resp_msg[15]
      52* |       0 |       5 |        0 |      0 |     5 |    +0.3% |  -63.947 |     -465.2 |     -400.0 |     21 | resp_msg[15]
      54* |       0 |       5 |        0 |      0 |     5 |    +0.3% |  -63.947 |     -465.2 |     -400.0 |     21 | resp_msg[15]
      56* |       0 |       5 |        0 |      0 |     5 |    +0.3% |  -63.947 |     -465.2 |     -400.0 |     21 | resp_msg[15]
      58* |       0 |       5 |        0 |      0 |     5 |    +0.3% |  -63.947 |     -465.2 |     -400.0 |     21 | resp_msg[15]
      60* |       0 |       6 |        0 |      0 |     5 |    +0.5% |  -63.947 |     -465.2 |     -407.0 |     21 | resp_msg[15]
      60* |       0 |       6 |        0 |      0 |     5 |    +0.5% |  -63.947 |     -465.2 |     -407.0 |     21 | resp_msg[15]
      61* |       0 |       6 |        0 |      0 |     5 |    +0.5% |  -63.947 |     -465.2 |     -407.0 |     21 | resp_msg[15]
      61* |       0 |       6 |        0 |      0 |     5 |    +0.5% |  -63.947 |     -465.2 |     -407.0 |     21 | resp_msg[15]
    final |       0 |       6 |        0 |      0 |     5 |    +0.5% |  -63.947 |     -465.2 |     -407.0 |     19 | resp_msg[15]
------------------------------------------------------------------------------------------------------------------------------
[INFO RSZ-0051] Resized 6 instances: 6 up, 0 up match, 0 down, 0 VT
[INFO RSZ-0043] Swapped pins on 5 instances.
[WARNING RSZ-0062] Unable to repair all setup violations.
[INFO RSZ-0505] Runtime: 0.27s
Default units for flow
 time 1ps
 capacitance 1fF
 resistance 1kohm
 voltage 1v
 current 1mA
 power 1pW
 distance 1um
   Layer   | Unit Resistance | Unit Capacitance 
           |       (kohm/um) |          (fF/um)
------------------------------------------------
        M1 |        7.04e-02 |         1.00e-10
        M2 |        2.97e-02 |         1.75e-01
        M3 |        3.13e-02 |         1.56e-01
        M4 |        1.80e-02 |         1.78e-01
        M5 |        1.90e-02 |         1.64e-01
        M6 |        1.19e-02 |         1.87e-01
        M7 |        1.25e-02 |         1.63e-01
        M8 |        8.45e-03 |         1.04e-01
        M9 |        8.90e-03 |         9.28e-02
       Pad |        0.00e+00 |         0.00e+00
------------------------------------------------

   Layer   | Via Resistance 
           |         (kohm) 
----------------------------
        V1 |       1.72e-02 
        V2 |       1.72e-02 
        V3 |       1.72e-02 
        V4 |       1.18e-02 
        V5 |       1.18e-02 
        V6 |       8.20e-03 
        V7 |       8.20e-03 
        V8 |       6.30e-03 
        V9 |       6.30e-03 
----------------------------
Report metrics stage 2, floorplan final...

==========================================================================
floorplan final report_design_area
--------------------------------------------------------------------------
Design area 41 um^2 31% utilization.
write_db ./results/asap7/gcd/ai_search_1de0b95117261e35/2_1_floorplan.odb
write_sdc -no_timestamp ./results/asap7/gcd/ai_search_1de0b95117261e35/2_1_floorplan.sdc
Elapsed time: 0:01.33[h:]min:sec. CPU time: user 1.22 sys 0.16 (104%). Peak memory: 223940KB.
Log                       Ext     Elapsed/s Peak Memory/MB sha1sum result [0:20)
2_1_floorplan             .odb            1            218 e5f1b8868110e62d20e9
2_1_floorplan             .sdc                             5011e5aed360886d25f2
/root/ORFS/flow/scripts/flow.sh 2_2_floorplan_macro macro_place
Running macro_place.tcl, stage 2_2_floorplan_macro
source /root/ORFS/flow/platforms/asap7/liberty_suppressions.tcl
read_liberty /root/ORFS/flow/platforms/asap7/lib/NLDM/asap7sc7p5t_AO_RVT_FF_nldm_211120.lib.gz
read_liberty /root/ORFS/flow/platforms/asap7/lib/NLDM/asap7sc7p5t_INVBUF_RVT_FF_nldm_220122.lib.gz
read_liberty /root/ORFS/flow/platforms/asap7/lib/NLDM/asap7sc7p5t_OA_RVT_FF_nldm_211120.lib.gz
read_liberty /root/ORFS/flow/platforms/asap7/lib/NLDM/asap7sc7p5t_SIMPLE_RVT_FF_nldm_211120.lib.gz
read_liberty /root/ORFS/flow/platforms/asap7/lib/NLDM/asap7sc7p5t_SEQ_RVT_FF_nldm_220123.lib
read_db ./results/asap7/gcd/ai_search_1de0b95117261e35/2_1_floorplan.odb
read_sdc ./results/asap7/gcd/ai_search_1de0b95117261e35/2_1_floorplan.sdc
source /root/ORFS/flow/platforms/asap7/setRC.tcl
No macros found: Skipping macro_placement
Design area 41 um^2 31% utilization.
write_db ./results/asap7/gcd/ai_search_1de0b95117261e35/2_2_floorplan_macro.odb
Elapsed time: 0:01.01[h:]min:sec. CPU time: user 0.96 sys 0.04 (99%). Peak memory: 203456KB.
Log                       Ext     Elapsed/s Peak Memory/MB sha1sum result [0:20)
2_2_floorplan_macro       .odb            1            198 e5f1b8868110e62d20e9
/root/ORFS/flow/scripts/flow.sh 2_3_floorplan_tapcell tapcell
Running tapcell.tcl, stage 2_3_floorplan_tapcell
source /root/ORFS/flow/platforms/asap7/liberty_suppressions.tcl
read_liberty /root/ORFS/flow/platforms/asap7/lib/NLDM/asap7sc7p5t_AO_RVT_FF_nldm_211120.lib.gz
read_liberty /root/ORFS/flow/platforms/asap7/lib/NLDM/asap7sc7p5t_INVBUF_RVT_FF_nldm_220122.lib.gz
read_liberty /root/ORFS/flow/platforms/asap7/lib/NLDM/asap7sc7p5t_OA_RVT_FF_nldm_211120.lib.gz
read_liberty /root/ORFS/flow/platforms/asap7/lib/NLDM/asap7sc7p5t_SIMPLE_RVT_FF_nldm_211120.lib.gz
read_liberty /root/ORFS/flow/platforms/asap7/lib/NLDM/asap7sc7p5t_SEQ_RVT_FF_nldm_220123.lib
read_db ./results/asap7/gcd/ai_search_1de0b95117261e35/2_2_floorplan_macro.odb
read_sdc ./results/asap7/gcd/ai_search_1de0b95117261e35/2_1_floorplan.sdc
source /root/ORFS/flow/platforms/asap7/setRC.tcl
Tap and End Cap cell insertion
  TAP Cell          : TAPCELL_ASAP7_75t_R
  ENDCAP Cell       : TAPCELL_ASAP7_75t_R
  Halo Around Macro : 2 2
  TAP Cell Distance : 25
[INFO TAP-0004] Inserted 84 endcaps.
[INFO TAP-0005] Inserted 0 tapcells.
Design area 43 um^2 33% utilization.
write_db ./results/asap7/gcd/ai_search_1de0b95117261e35/2_3_floorplan_tapcell.odb
Elapsed time: 0:01.01[h:]min:sec. CPU time: user 0.96 sys 0.04 (99%). Peak memory: 203672KB.
Log                       Ext     Elapsed/s Peak Memory/MB sha1sum result [0:20)
2_3_floorplan_tapcell     .odb            1            198 b271aa6d6be052dc9cea
/root/ORFS/flow/scripts/flow.sh 2_4_floorplan_pdn pdn
Running pdn.tcl, stage 2_4_floorplan_pdn
source /root/ORFS/flow/platforms/asap7/liberty_suppressions.tcl
read_liberty /root/ORFS/flow/platforms/asap7/lib/NLDM/asap7sc7p5t_AO_RVT_FF_nldm_211120.lib.gz
read_liberty /root/ORFS/flow/platforms/asap7/lib/NLDM/asap7sc7p5t_INVBUF_RVT_FF_nldm_220122.lib.gz
read_liberty /root/ORFS/flow/platforms/asap7/lib/NLDM/asap7sc7p5t_OA_RVT_FF_nldm_211120.lib.gz
read_liberty /root/ORFS/flow/platforms/asap7/lib/NLDM/asap7sc7p5t_SIMPLE_RVT_FF_nldm_211120.lib.gz
read_liberty /root/ORFS/flow/platforms/asap7/lib/NLDM/asap7sc7p5t_SEQ_RVT_FF_nldm_220123.lib
read_db ./results/asap7/gcd/ai_search_1de0b95117261e35/2_3_floorplan_tapcell.odb
read_sdc ./results/asap7/gcd/ai_search_1de0b95117261e35/2_1_floorplan.sdc
source /root/ORFS/flow/platforms/asap7/setRC.tcl
[WARNING PDN-1051] No instances found for grid (CORE_macro_grid_1).
[WARNING PDN-1051] No instances found for grid (CORE_macro_grid_2).
[INFO PDN-0001] Inserting grid: top
[INFO PDN-0500] Runtime: 0.00s
Design area 43 um^2 33% utilization.
write_db ./results/asap7/gcd/ai_search_1de0b95117261e35/2_4_floorplan_pdn.odb
Elapsed time: 0:01.03[h:]min:sec. CPU time: user 0.97 sys 0.06 (99%). Peak memory: 205732KB.
Log                       Ext     Elapsed/s Peak Memory/MB sha1sum result [0:20)
2_4_floorplan_pdn         .odb            1            200 f0d133da5438f248a549
cp ./results/asap7/gcd/ai_search_1de0b95117261e35/2_4_floorplan_pdn.odb ./results/asap7/gcd/ai_search_1de0b95117261e35/2_floorplan.odb
cp ./results/asap7/gcd/ai_search_1de0b95117261e35/2_1_floorplan.sdc ./results/asap7/gcd/ai_search_1de0b95117261e35/2_floorplan.sdc
/root/ORFS/flow/scripts/flow.sh 3_1_place_gp_skip_io global_place_skip_io
Running global_place_skip_io.tcl, stage 3_1_place_gp_skip_io
source /root/ORFS/flow/platforms/asap7/liberty_suppressions.tcl
read_liberty /root/ORFS/flow/platforms/asap7/lib/NLDM/asap7sc7p5t_AO_RVT_FF_nldm_211120.lib.gz
read_liberty /root/ORFS/flow/platforms/asap7/lib/NLDM/asap7sc7p5t_INVBUF_RVT_FF_nldm_220122.lib.gz
read_liberty /root/ORFS/flow/platforms/asap7/lib/NLDM/asap7sc7p5t_OA_RVT_FF_nldm_211120.lib.gz
read_liberty /root/ORFS/flow/platforms/asap7/lib/NLDM/asap7sc7p5t_SIMPLE_RVT_FF_nldm_211120.lib.gz
read_liberty /root/ORFS/flow/platforms/asap7/lib/NLDM/asap7sc7p5t_SEQ_RVT_FF_nldm_220123.lib
read_db ./results/asap7/gcd/ai_search_1de0b95117261e35/2_floorplan.odb
read_sdc ./results/asap7/gcd/ai_search_1de0b95117261e35/2_floorplan.sdc
source /root/ORFS/flow/platforms/asap7/setRC.tcl
global_placement -skip_io -density 0.55 -pad_left 0 -pad_right 0
[INFO GPL-0001] ---- Initialize GPL Main Data Structures
[INFO GPL-0002] DBU: 1000
[INFO GPL-0003] SiteSize: (  0.054  0.270 ) um
[INFO GPL-0004] CoreBBox: (  0.540  0.540 ) ( 12.096 11.880 ) um
[INFO GPL-0016] Core area:                     131.045 um^2
[INFO GPL-0036] Movable instances area:         40.649 um^2
[INFO GPL-0037] Total instances area:           43.098 um^2
[INFO GPL-0035] Pin density area adjust:         5.312 um^2
[INFO GPL-0032] ---- Initialize Region: Top-level
[INFO GPL-0006] Number of instances:               388
[INFO GPL-0007] Movable instances:                 304
[INFO GPL-0008] Fixed instances:                    84
[INFO GPL-0009] Dummy instances:                     0
[INFO GPL-0010] Number of nets:                    340
[INFO GPL-0011] Number of pins:                   1064
[INFO GPL-0012] Die BBox:       (  0.000  0.000 ) ( 12.613 12.613 ) um
[INFO GPL-0013] Placement BBox: (  0.540  0.540 ) ( 12.096 11.880 ) um
[INFO GPL-0014] Region name: top-level.
[INFO GPL-0015] Region area:                   131.045 um^2
[INFO GPL-0017] Fixed instances area:            2.449 um^2
[INFO GPL-0018] Movable instances area:         45.961 um^2
[INFO GPL-0019] Utilization:                    35.741 %
[INFO GPL-0020] Standard cells area:            45.961 um^2
[INFO GPL-0021] Large instances area:            0.000 um^2
[INFO GPL-0005] ---- Execute Conjugate Gradient Initial Placement.
[INFO GPL-0051] Source of initial instance position counters:
	Odb location = 43	Core center = 261	Region center = 0
[INFO GPL-0033] ---- Initialize Nesterov Region: Top-level
[INFO GPL-0023] Placement target density:       0.5500
[INFO GPL-0024] Movable insts average area:      0.151 um^2
[INFO GPL-0025] Ideal bin area:                  0.275 um^2
[INFO GPL-0026] Ideal bin count:                   476
[INFO GPL-0027] Total bin area:                131.045 um^2
[INFO GPL-0028] Bin count (X, Y):          16 ,     16
[INFO GPL-0029] Bin size (W * H):       0.722 *  0.709 um
[INFO GPL-0030] Number of bins:                    256
[INFO GPL-0084] ---- Execute Nesterov Global Placement.
[INFO GPL-0031] HPWL: Half-Perimeter Wirelength
Iteration | Overflow |     HPWL (um) |  HPWL(%) |   Penalty | Group
---------------------------------------------------------------
        0 |   0.8773 |  3.571730e+02 |   +0.00% |  1.97e-11 |      
       10 |   0.9351 |  7.954500e+01 |  -77.73% |  3.20e-11 |      
       20 |   0.9323 |  7.333000e+01 |   -7.81% |  5.22e-11 |      
       30 |   0.9336 |  7.249100e+01 |   -1.14% |  8.50e-11 |      
       40 |   0.9334 |  7.259500e+01 |   +0.14% |  1.38e-10 |      
       50 |   0.9326 |  7.279100e+01 |   +0.27% |  2.26e-10 |      
       60 |   0.9321 |  7.318600e+01 |   +0.54% |  3.67e-10 |      
       70 |   0.9308 |  7.388700e+01 |   +0.96% |  5.98e-10 |      
       80 |   0.9285 |  7.465400e+01 |   +1.04% |  9.75e-10 |      
       90 |   0.9249 |  7.578400e+01 |   +1.51% |  1.59e-09 |      
      100 |   0.9168 |  8.124700e+01 |   +7.21% |  2.59e-09 |      
      110 |   0.9016 |  9.902200e+01 |  +21.88% |  4.21e-09 |      
      120 |   0.8852 |  1.199690e+02 |  +21.15% |  6.86e-09 |      
      130 |   0.8545 |  1.494130e+02 |  +24.54% |  1.12e-08 |      
      140 |   0.8151 |  1.708110e+02 |  +14.32% |  1.82e-08 |      
      150 |   0.7783 |  2.004700e+02 |  +17.36% |  2.97e-08 |      
      160 |   0.7349 |  2.226720e+02 |  +11.07% |  4.83e-08 |      
      170 |   0.6906 |  2.470540e+02 |  +10.95% |  7.87e-08 |      
      180 |   0.6386 |  2.642420e+02 |   +6.96% |  1.28e-07 |      
      190 |   0.5997 |  2.866360e+02 |   +8.47% |  2.09e-07 |      
      200 |   0.5537 |  3.110130e+02 |   +8.50% |  3.40e-07 |      
      210 |   0.5038 |  3.367280e+02 |   +8.27% |  5.54e-07 |      
      220 |   0.4548 |  3.541270e+02 |   +5.17% |  9.02e-07 |      
      230 |   0.4050 |  3.668890e+02 |   +3.60% |  1.47e-06 |      
      240 |   0.3578 |  3.785870e+02 |   +3.19% |  2.39e-06 |      
      250 |   0.3129 |  3.874630e+02 |   +2.34% |  3.64e-06 |      
      260 |   0.2774 |  3.963530e+02 |   +2.29% |  5.35e-06 |      
      270 |   0.2402 |  4.008390e+02 |   +1.13% |  7.89e-06 |      
      280 |   0.2074 |  4.070570e+02 |   +1.55% |  1.16e-05 |      
      290 |   0.1778 |  4.112630e+02 |   +1.03% |  1.71e-05 |      
      300 |   0.1482 |  4.155120e+02 |   +1.03% |  2.52e-05 |      
      310 |   0.1270 |  4.210170e+02 |   +1.32% |  3.72e-05 |      
      320 |   0.1047 |  4.247770e+02 |   +0.89% |  5.47e-05 |      
      321 |   0.0998 |  4.250220e+02 |          |  5.91e-05 |      
---------------------------------------------------------------
[INFO GPL-1001] Global placement finished at iteration 321
[INFO GPL-1002] Placed Cell Area               45.9611
[INFO GPL-1003] Available Free Area           128.5956
[INFO GPL-1004] Minimum Feasible Density        0.3600 (cell_area / free_area)
[INFO GPL-1006]   Suggested Target Densities:
[INFO GPL-1007]     - For 90% usage of free space: 0.3971
[INFO GPL-1008]     - For 80% usage of free space: 0.4468
[INFO GPL-1009]     - For 50% usage of free space: 0.7148
[INFO GPL-1014] Final placement area: 45.96 (+0.00%)
Design area 43 um^2 33% utilization.
write_db ./results/asap7/gcd/ai_search_1de0b95117261e35/3_1_place_gp_skip_io.odb
Elapsed time: 0:01.11[h:]min:sec. CPU time: user 1.07 sys 0.07 (103%). Peak memory: 204780KB.
Log                       Ext     Elapsed/s Peak Memory/MB sha1sum result [0:20)
3_1_place_gp_skip_io      .odb            1            199 928f4577f732e1c6e5f4
/root/ORFS/flow/scripts/flow.sh 3_2_place_iop io_placement
Running io_placement.tcl, stage 3_2_place_iop
source /root/ORFS/flow/platforms/asap7/liberty_suppressions.tcl
read_liberty /root/ORFS/flow/platforms/asap7/lib/NLDM/asap7sc7p5t_AO_RVT_FF_nldm_211120.lib.gz
read_liberty /root/ORFS/flow/platforms/asap7/lib/NLDM/asap7sc7p5t_INVBUF_RVT_FF_nldm_220122.lib.gz
read_liberty /root/ORFS/flow/platforms/asap7/lib/NLDM/asap7sc7p5t_OA_RVT_FF_nldm_211120.lib.gz
read_liberty /root/ORFS/flow/platforms/asap7/lib/NLDM/asap7sc7p5t_SIMPLE_RVT_FF_nldm_211120.lib.gz
read_liberty /root/ORFS/flow/platforms/asap7/lib/NLDM/asap7sc7p5t_SEQ_RVT_FF_nldm_220123.lib
read_db ./results/asap7/gcd/ai_search_1de0b95117261e35/3_1_place_gp_skip_io.odb
read_sdc ./results/asap7/gcd/ai_search_1de0b95117261e35/2_floorplan.sdc
source /root/ORFS/flow/platforms/asap7/setRC.tcl
place_pins -hor_layers M4 -ver_layers M5
Found 0 macro blocks.
Using 2 tracks default min distance between IO pins.
[INFO PPL-0001] Number of available slots 464
[INFO PPL-0002] Number of I/O             54
[INFO PPL-0003] Number of I/O w/sink      54
[INFO PPL-0004] Number of I/O w/o sink    0
[INFO PPL-0005] Slots per section         200
[INFO PPL-0008] Successfully assigned pins to sections.
[INFO PPL-0012] I/O nets HPWL: 199.73 um.
Design area 43 um^2 33% utilization.
write_db ./results/asap7/gcd/ai_search_1de0b95117261e35/3_2_place_iop.odb
Elapsed time: 0:01.02[h:]min:sec. CPU time: user 0.94 sys 0.08 (99%). Peak memory: 203980KB.
Log                       Ext     Elapsed/s Peak Memory/MB sha1sum result [0:20)
3_2_place_iop             .odb            1            199 3537cd9f65c38325dae2
/root/ORFS/flow/scripts/flow.sh 3_3_place_gp global_place
Running global_place.tcl, stage 3_3_place_gp
source /root/ORFS/flow/platforms/asap7/liberty_suppressions.tcl
read_liberty /root/ORFS/flow/platforms/asap7/lib/NLDM/asap7sc7p5t_AO_RVT_FF_nldm_211120.lib.gz
read_liberty /root/ORFS/flow/platforms/asap7/lib/NLDM/asap7sc7p5t_INVBUF_RVT_FF_nldm_220122.lib.gz
read_liberty /root/ORFS/flow/platforms/asap7/lib/NLDM/asap7sc7p5t_OA_RVT_FF_nldm_211120.lib.gz
read_liberty /root/ORFS/flow/platforms/asap7/lib/NLDM/asap7sc7p5t_SIMPLE_RVT_FF_nldm_211120.lib.gz
read_liberty /root/ORFS/flow/platforms/asap7/lib/NLDM/asap7sc7p5t_SEQ_RVT_FF_nldm_220123.lib
read_db ./results/asap7/gcd/ai_search_1de0b95117261e35/3_2_place_iop.odb
read_sdc ./results/asap7/gcd/ai_search_1de0b95117261e35/2_floorplan.sdc
source /root/ORFS/flow/platforms/asap7/setRC.tcl
[INFO RSZ-0026] Removed 43 buffers.
Perform port buffering...
[INFO RSZ-0027] Inserted 35 BUFx2_ASAP7_75t_R input buffers.
[INFO RSZ-0028] Inserted 18 BUFx2_ASAP7_75t_R output buffers.
global_placement -density 0.55 -pad_left 0 -pad_right 0 -routability_driven -timing_driven -force_center_initial_place -min_phi_coef 0.95 -max_phi_coef 1.05
[INFO GPL-0001] ---- Initialize GPL Main Data Structures
[INFO GPL-0002] DBU: 1000
[INFO GPL-0003] SiteSize: (  0.054  0.270 ) um
[INFO GPL-0004] CoreBBox: (  0.540  0.540 ) ( 12.096 11.880 ) um
[INFO GPL-0016] Core area:                     131.045 um^2
[INFO GPL-0036] Movable instances area:         38.885 um^2
[INFO GPL-0037] Total instances area:           41.334 um^2
[INFO GPL-0035] Pin density area adjust:         4.567 um^2
[INFO GPL-0032] ---- Initialize Region: Top-level
[INFO GPL-0006] Number of instances:               398
[INFO GPL-0007] Movable instances:                 314
[INFO GPL-0008] Fixed instances:                    84
[INFO GPL-0009] Dummy instances:                     0
[INFO GPL-0010] Number of nets:                    350
[INFO GPL-0011] Number of pins:                   1138
[INFO GPL-0012] Die BBox:       (  0.000  0.000 ) ( 12.613 12.613 ) um
[INFO GPL-0013] Placement BBox: (  0.540  0.540 ) ( 12.096 11.880 ) um
[INFO GPL-0014] Region name: top-level.
[INFO GPL-0015] Region area:                   131.045 um^2
[INFO GPL-0017] Fixed instances area:            2.449 um^2
[INFO GPL-0018] Movable instances area:         43.452 um^2
[INFO GPL-0019] Utilization:                    33.790 %
[INFO GPL-0020] Standard cells area:            43.452 um^2
[INFO GPL-0021] Large instances area:            0.000 um^2
[INFO GPL-0005] ---- Execute Conjugate Gradient Initial Placement.
[INFO GPL-0051] Source of initial instance position counters:
	Odb location = 0	Core center = 314	Region center = 0
[InitialPlace]  Iter: 1 conjugate gradient residual: 0.00000004 HPWL: 854727
[InitialPlace]  Iter: 2 conjugate gradient residual: 0.00000007 HPWL: 733331
[InitialPlace]  Iter: 3 conjugate gradient residual: 0.00000012 HPWL: 746884
[InitialPlace]  Iter: 4 conjugate gradient residual: 0.00000010 HPWL: 756258
[InitialPlace]  Iter: 5 conjugate gradient residual: 0.00000009 HPWL: 756334
[INFO GPL-0033] ---- Initialize Nesterov Region: Top-level
[INFO GPL-0023] Placement target density:       0.5500
[INFO GPL-0024] Movable insts average area:      0.138 um^2
[INFO GPL-0025] Ideal bin area:                  0.252 um^2
[INFO GPL-0026] Ideal bin count:                   520
[INFO GPL-0027] Total bin area:                131.045 um^2
[INFO GPL-0028] Bin count (X, Y):          16 ,     16
[INFO GPL-0029] Bin size (W * H):       0.722 *  0.709 um
[INFO GPL-0030] Number of bins:                    256
[INFO GPL-0084] ---- Execute Nesterov Global Placement.
[INFO GPL-0031] HPWL: Half-Perimeter Wirelength
Iteration | Overflow |     HPWL (um) |  HPWL(%) |   Penalty | Group
---------------------------------------------------------------
        0 |   0.5096 |  5.216830e+02 |   +0.00% |  3.57e-11 |      
[INFO GPL-0100] Timing-driven iteration 1/2, virtual: false.
[INFO GPL-0101]    Iter: 1, overflow: 0.510, keep resizer changes at: 1, HPWL: 521683
Iteration |   Area    | Resized | Buffers | Nets repaired | Remaining
---------------------------------------------------------------------
        0 |     +0.0% |       0 |       0 |             0 |       350
    final |     +0.0% |       0 |       0 |             0 |         0
---------------------------------------------------------------------
   Iter   |    Area   | Removed | Inserted |   Pins
          |           | Buffers | Buffers  | Remaining
-------------------------------------------------------
        0 |     +0.0% |       0 |        0 |       314
       31 |     +0.0% |       0 |        0 |       283
       62 |     +0.0% |       0 |        0 |       252
       93 |     +2.3% |       0 |        8 |       221
      124 |     +3.1% |       0 |       12 |       190
      155 |     +4.0% |       0 |       16 |       159
      186 |     +5.6% |       0 |       24 |       128
      217 |     +7.1% |       0 |       31 |        97
      248 |     +8.0% |       0 |       35 |        66
      279 |    +12.4% |       0 |       56 |        35
      310 |    +12.4% |       0 |       56 |         4
    final |    +12.4% |       0 |       56 |         0
-------------------------------------------------------
[INFO GPL-0106] Timing-driven: worst slack -3.745408e-11
[INFO GPL-0107] Timing-driven: repair_design delta area: 5.132 um^2 (+11.81%)
[INFO GPL-0108] Timing-driven: repair_design, gpl delta gcells: 56 (+17.83%)
[INFO GPL-0109] Timing-driven: repair_design, gcells created: 56, deleted: 0
[INFO GPL-0110] Timing-driven: new target density: 0.5899093
[INFO GPL-0038] Routability snapshot saved at iter = 1
        0 |   0.5096 |  5.883540e+02 |          |           |      
Iteration | Overflow |     HPWL (um) |  HPWL(%) |   Penalty | Group
---------------------------------------------------------------
       10 |   0.5421 |  5.849730e+02 |  +12.13% |  5.81e-11 |      
       20 |   0.5665 |  5.830630e+02 |   -0.33% |  9.46e-11 |      
       30 |   0.5887 |  5.803290e+02 |   -0.47% |  1.54e-10 |      
       40 |   0.5924 |  5.803630e+02 |   +0.01% |  2.51e-10 |      
       50 |   0.5875 |  5.806840e+02 |   +0.06% |  4.09e-10 |      
       60 |   0.5817 |  5.812970e+02 |   +0.11% |  6.66e-10 |      
       70 |   0.5776 |  5.816750e+02 |   +0.07% |  1.08e-09 |      
       80 |   0.5771 |  5.817920e+02 |   +0.02% |  1.77e-09 |      
       90 |   0.5775 |  5.818150e+02 |   +0.00% |  2.88e-09 |      
      100 |   0.5767 |  5.818460e+02 |   +0.01% |  4.69e-09 |      
      110 |   0.5756 |  5.820960e+02 |   +0.04% |  7.64e-09 |      
      120 |   0.5725 |  5.827240e+02 |   +0.11% |  1.24e-08 |      
      130 |   0.5670 |  5.838090e+02 |   +0.19% |  2.03e-08 |      
      140 |   0.5583 |  5.853380e+02 |   +0.26% |  3.30e-08 |      
      150 |   0.5453 |  5.873510e+02 |   +0.34% |  5.38e-08 |      
      160 |   0.5326 |  5.902170e+02 |   +0.49% |  8.76e-08 |      
      170 |   0.5159 |  5.949820e+02 |   +0.81% |  1.43e-07 |      
      180 |   0.4895 |  6.005190e+02 |   +0.93% |  2.32e-07 |      
      190 |   0.4607 |  6.054810e+02 |   +0.83% |  3.79e-07 |      
      200 |   0.4324 |  6.130770e+02 |   +1.25% |  6.17e-07 |      
      210 |   0.3886 |  6.194170e+02 |   +1.03% |  1.00e-06 |      
      220 |   0.3534 |  6.259190e+02 |   +1.05% |  1.64e-06 |      
      230 |   0.3196 |  6.308660e+02 |   +0.79% |  2.46e-06 |      
[INFO GPL-0040] Routability iteration: 1
[INFO GPL-0041] Total routing overflow: 0.0000
[INFO GPL-0042] Number of overflowed tiles: 0 (0.00%)
[INFO GPL-0043] Average top 0.5% routing congestion: 0.5355
[INFO GPL-0044] Average top 1.0% routing congestion: 0.5312
[INFO GPL-0045] Average top 2.0% routing congestion: 0.5148
[INFO GPL-0046] Average top 5.0% routing congestion: 0.4920
[INFO GPL-0047] Routability iteration weighted routing congestion: 0.5334
[INFO GPL-0050] Weighted routing congestion is lower than target routing congestion(1.0100), end routability optimization.
[INFO GPL-0090] Routability finished. Target routing congestion achieved succesfully.
Iteration | Overflow |     HPWL (um) |  HPWL(%) |   Penalty | Group
---------------------------------------------------------------
      240 |   0.2894 |  6.357560e+02 |   +0.78% |  3.62e-06 |      
      250 |   0.2583 |  6.396680e+02 |   +0.62% |  5.34e-06 |      
      260 |   0.2294 |  6.455310e+02 |   +0.92% |  7.86e-06 |      
      270 |   0.1986 |  6.499410e+02 |   +0.68% |  1.16e-05 |      
[INFO GPL-0100] Timing-driven iteration 2/2, virtual: false.
[INFO GPL-0101]    Iter: 273, overflow: 0.194, keep resizer changes at: 1, HPWL: 650612
Iteration |   Area    | Resized | Buffers | Nets repaired | Remaining
---------------------------------------------------------------------
        0 |     +0.0% |       0 |       0 |             0 |       406
    final |     +0.0% |       0 |       0 |             0 |         0
---------------------------------------------------------------------
   Iter   |    Area   | Removed | Inserted |   Pins
          |           | Buffers | Buffers  | Remaining
-------------------------------------------------------
        0 |     +0.0% |       0 |        0 |       314
       31 |     +0.0% |       0 |        0 |       283
       62 |     +0.0% |       0 |        0 |       252
       93 |     -1.1% |       8 |        5 |       221
      124 |     -1.3% |      12 |        8 |       190
      155 |     -1.8% |      16 |        9 |       159
      186 |     -2.2% |      24 |       15 |       128
      217 |     -2.9% |      31 |       18 |        97
      248 |     -2.9% |      35 |       22 |        66
      279 |     -3.1% |      56 |       42 |        35
      310 |     -3.1% |      56 |       42 |         4
    final |     -3.1% |      56 |       42 |         0
-------------------------------------------------------
[INFO GPL-0106] Timing-driven: worst slack -3.575859e-11
[INFO GPL-0107] Timing-driven: repair_design delta area: -1.458 um^2 (-3.00%)
[INFO GPL-0108] Timing-driven: repair_design, gpl delta gcells: -14 (-3.78%)
[INFO GPL-0109] Timing-driven: repair_design, gcells created: 42, deleted: 56
[INFO GPL-0110] Timing-driven: new target density: 0.57857144
Iteration | Overflow |     HPWL (um) |  HPWL(%) |   Penalty | Group
---------------------------------------------------------------
      280 |   0.1678 |  6.249710e+02 |   -3.84% |  1.71e-05 |      
      290 |   0.1526 |  6.281390e+02 |   +0.51% |  2.51e-05 |      
      300 |   0.1282 |  6.316550e+02 |   +0.56% |  3.70e-05 |      
      310 |   0.1098 |  6.328460e+02 |   +0.19% |  5.45e-05 |      
      316 |   0.0996 |  6.355710e+02 |          |  7.15e-05 |      
---------------------------------------------------------------
[INFO GPL-1001] Global placement finished at iteration 316
[INFO GPL-1017] Routability mode iteration count: 237
[INFO GPL-1005] Routability final weighted congestion: 0.5201
[INFO GPL-1002] Placed Cell Area               47.1262
[INFO GPL-1003] Available Free Area           128.5956
[INFO GPL-1004] Minimum Feasible Density        0.3400 (cell_area / free_area)
[INFO GPL-1006]   Suggested Target Densities:
[INFO GPL-1007]     - For 90% usage of free space: 0.4072
[INFO GPL-1008]     - For 80% usage of free space: 0.4581
[INFO GPL-1009]     - For 50% usage of free space: 0.7329
[INFO GPL-1011] Original area (um^2): 43.45
[INFO GPL-1012] Total routability artificial inflation: 0.00 (+0.00%)
[INFO GPL-1013] Total timing-driven delta area: 3.67 (+8.46%)
[INFO GPL-1014] Final placement area: 47.13 (+8.46%)
estimate_parasitics -placement
Report metrics stage 3, global place...

==========================================================================
global place report_design_area
--------------------------------------------------------------------------
Design area 45 um^2 34% utilization.
write_db ./results/asap7/gcd/ai_search_1de0b95117261e35/3_3_place_gp.odb
Elapsed time: 0:01.45[h:]min:sec. CPU time: user 1.42 sys 0.16 (108%). Peak memory: 334724KB.
Log                       Ext     Elapsed/s Peak Memory/MB sha1sum result [0:20)
3_3_place_gp              .odb            1            326 45de75a9de26870f4e3f
/root/ORFS/flow/scripts/flow.sh 3_4_place_resized resize
Running resize.tcl, stage 3_4_place_resized
source /root/ORFS/flow/platforms/asap7/liberty_suppressions.tcl
read_liberty /root/ORFS/flow/platforms/asap7/lib/NLDM/asap7sc7p5t_AO_RVT_FF_nldm_211120.lib.gz
read_liberty /root/ORFS/flow/platforms/asap7/lib/NLDM/asap7sc7p5t_INVBUF_RVT_FF_nldm_220122.lib.gz
read_liberty /root/ORFS/flow/platforms/asap7/lib/NLDM/asap7sc7p5t_OA_RVT_FF_nldm_211120.lib.gz
read_liberty /root/ORFS/flow/platforms/asap7/lib/NLDM/asap7sc7p5t_SIMPLE_RVT_FF_nldm_211120.lib.gz
read_liberty /root/ORFS/flow/platforms/asap7/lib/NLDM/asap7sc7p5t_SEQ_RVT_FF_nldm_220123.lib
read_db ./results/asap7/gcd/ai_search_1de0b95117261e35/3_3_place_gp.odb
read_sdc ./results/asap7/gcd/ai_search_1de0b95117261e35/2_floorplan.sdc
source /root/ORFS/flow/platforms/asap7/setRC.tcl
estimate_parasitics -placement
Perform buffer insertion and gate resizing...
repair_design -verbose
Iteration |   Area    | Resized | Buffers | Nets repaired | Remaining
---------------------------------------------------------------------
        0 |     +0.0% |       0 |       0 |             0 |       392
       10 |     +0.0% |       0 |       0 |             0 |       382
       20 |     +0.0% |       0 |       0 |             0 |       372
       30 |     +0.0% |       0 |       0 |             0 |       362
       40 |     +0.0% |       0 |       0 |             0 |       352
       50 |     +0.0% |       0 |       0 |             0 |       342
       60 |     +0.0% |       0 |       0 |             0 |       332
       70 |     +0.0% |       0 |       0 |             0 |       322
       80 |     +0.0% |       0 |       0 |             0 |       312
       90 |     +0.0% |       0 |       0 |             0 |       302
      100 |     +0.0% |       0 |       0 |             0 |       292
      110 |     +0.0% |       0 |       0 |             0 |       282
      120 |     +0.0% |       0 |       0 |             0 |       272
      130 |     +0.0% |       0 |       0 |             0 |       262
      140 |     +0.0% |       0 |       0 |             0 |       252
      150 |     +0.0% |       0 |       0 |             0 |       242
      160 |     +0.0% |       0 |       0 |             0 |       232
      170 |     +0.0% |       0 |       0 |             0 |       222
      180 |     +0.0% |       0 |       0 |             0 |       212
      190 |     +0.0% |       0 |       0 |             0 |       202
      200 |     +0.0% |       0 |       0 |             0 |       192
      210 |     +0.0% |       0 |       0 |             0 |       182
      220 |     +0.0% |       0 |       0 |             0 |       172
      230 |     +0.0% |       0 |       0 |             0 |       162
      240 |     +0.0% |       0 |       0 |             0 |       152
      250 |     +0.0% |       0 |       0 |             0 |       142
      260 |     +0.0% |       0 |       0 |             0 |       132
      270 |     +0.0% |       0 |       0 |             0 |       122
      280 |     +0.0% |       0 |       0 |             0 |       112
      290 |     +0.0% |       0 |       0 |             0 |       102
      300 |     +0.0% |       0 |       0 |             0 |        92
      310 |     +0.0% |       0 |       0 |             0 |        82
      320 |     +0.0% |       0 |       0 |             0 |        72
      330 |     +0.0% |       0 |       0 |             0 |        62
      340 |     +0.0% |       0 |       0 |             0 |        52
      350 |     +0.0% |       0 |       0 |             0 |        42
      360 |     +0.0% |       0 |       0 |             0 |        32
      370 |     +0.0% |       0 |       0 |             0 |        22
      380 |     +0.0% |       0 |       0 |             0 |        12
      390 |     +0.0% |       0 |       0 |             0 |         2
    final |     +0.0% |       0 |       0 |             0 |         0
---------------------------------------------------------------------
[INFO RSZ-0504] Runtime: 0.03s
Floating nets: 
Report metrics stage 3, resizer...

==========================================================================
resizer report_design_area
--------------------------------------------------------------------------
Design area 45 um^2 34% utilization.
Instance count before 440, after 440
Pin count before 1168, after 1168
write_db ./results/asap7/gcd/ai_search_1de0b95117261e35/3_4_place_resized.odb
Elapsed time: 0:01.20[h:]min:sec. CPU time: user 1.09 sys 0.09 (98%). Peak memory: 228432KB.
Log                       Ext     Elapsed/s Peak Memory/MB sha1sum result [0:20)
3_4_place_resized         .odb            1            223 45de75a9de26870f4e3f
/root/ORFS/flow/scripts/flow.sh 3_5_place_dp detail_place
Running detail_place.tcl, stage 3_5_place_dp
source /root/ORFS/flow/platforms/asap7/liberty_suppressions.tcl
read_liberty /root/ORFS/flow/platforms/asap7/lib/NLDM/asap7sc7p5t_AO_RVT_FF_nldm_211120.lib.gz
read_liberty /root/ORFS/flow/platforms/asap7/lib/NLDM/asap7sc7p5t_INVBUF_RVT_FF_nldm_220122.lib.gz
read_liberty /root/ORFS/flow/platforms/asap7/lib/NLDM/asap7sc7p5t_OA_RVT_FF_nldm_211120.lib.gz
read_liberty /root/ORFS/flow/platforms/asap7/lib/NLDM/asap7sc7p5t_SIMPLE_RVT_FF_nldm_211120.lib.gz
read_liberty /root/ORFS/flow/platforms/asap7/lib/NLDM/asap7sc7p5t_SEQ_RVT_FF_nldm_220123.lib
read_db ./results/asap7/gcd/ai_search_1de0b95117261e35/3_4_place_resized.odb
read_sdc ./results/asap7/gcd/ai_search_1de0b95117261e35/2_floorplan.sdc
source /root/ORFS/flow/platforms/asap7/setRC.tcl
detailed_placement
[INFO DPL-0006] Core area: 131.05 um^2
[INFO DPL-0007] Movable instances area: 42.56 um^2
[INFO DPL-0008] Fixed instances area within core: 2.45 um^2
[INFO DPL-0009] Utilization: 34.3%
[INFO DPL-0005] Diamond search max displacement: +/- 500 sites horizontally, +/- 100 rows vertically.
[INFO DPL-1102] Legalizing using negotiation legalizer.
[INFO DPL-1103] Negotiation base search window: +/-20 sites horizontally, +/-5 rows vertically 
	Automatic search window extension enabled.
	Search window extendable up to the max displacement cap of +/-500 sites, +/-100 rows near walls.
[INFO DPL-1104] NegotiationLegalizer DRC penalty: 5.
[INFO DPL-0392] Negotiation cell height distribution (1 unique row-count(s)):
[INFO DPL-0393]   height 1 row(s): 440 cells
          |      Total |  Illegal |  Illegal
Iteration | Violations |    Cells |    Sites
---------------------------------------------
        0 |          0 |         0 |         0
Negotiation phase 1 converged at iteration 0.
[INFO DPL-0500] Runtime: 0.00s
Placement Analysis
---------------------------------
total displacement        113.6 u
average displacement        0.3 u
max displacement            1.3 u
original HPWL             637.8 u
legalized HPWL            732.3 u
delta HPWL                   15 %

improve_placement -max_displacement "5 1"
Detailed placement improvement.
[INFO DPL-0401] Setting random seed to 1.
[INFO DPL-0402] Setting maximum displacement 5 1 to 1350 270 units.
[INFO DPL-0320] Collected 138 fixed cells.
[INFO DPL-0318] Collected 356 single height cells.
[INFO DPL-0321] Collected 0 wide cells.
[INFO DPL-0322] Image (540, 540) - (12096, 11880)
[INFO DPL-0310] Assigned 356 cells into segments.  Movement in X-direction is 0.000000, movement in Y-direction is 0.000000.
[INFO DPL-0313] Found 0 cells in wrong regions.
[INFO DPL-0315] Found 0 row alignment problems.
[INFO DPL-0314] Found 0 site alignment problems.
[INFO DPL-0311] Found 0 overlaps between adjacent cells.
[INFO DPL-0312] Found 0 edge spacing violations and 0 padding violations.
[INFO DPL-0303] Running algorithm for independent set matching.
[INFO DPL-0300] Set matching objective is wirelength.
[INFO DPL-0301] Pass   1 of matching; objective is 7.303560e+05.
[INFO DPL-0302] End of matching; objective is 7.301240e+05, improvement is 0.03 percent.
[INFO DPL-0303] Running algorithm for global swaps.
[INFO DPL-0306] Pass   1 of global swaps; hpwl is 7.125700e+05.
[INFO DPL-0306] Pass   2 of global swaps; hpwl is 7.101580e+05.
[INFO DPL-0307] End of global swaps; objective is 7.101580e+05, improvement is 2.73 percent.
[INFO DPL-0303] Running algorithm for vertical swaps.
[INFO DPL-0308] Pass   1 of vertical swaps; hpwl is 7.032240e+05.
[INFO DPL-0309] End of vertical swaps; objective is 7.032240e+05, improvement is 0.98 percent.
[INFO DPL-0303] Running algorithm for reordering.
[INFO DPL-0304] Pass   1 of reordering; objective is 7.026740e+05.
[INFO DPL-0305] End of reordering; objective is 7.026740e+05, improvement is 0.08 percent.
[INFO DPL-0303] Running algorithm for random improvement.
[INFO DPL-0324] Random improver is using random generator.
[INFO DPL-0325] Random improver is using hpwl objective.
[INFO DPL-0326] Random improver cost string is (a).
[INFO DPL-0332] End of pass, Generator random called 7120 times.
[INFO DPL-0335] Generator random, Cumulative attempts 7120, swaps 596, moves  2714 since last reset.
[INFO DPL-0333] End of pass, Objective hpwl, Initial cost 7.026740e+05, Scratch cost 6.971110e+05, Incremental cost 6.971110e+05, Mismatch? N
[INFO DPL-0338] End of pass, Total cost is 6.971110e+05.
[INFO DPL-0327] Pass   1 of random improver; improvement in cost is 0.79 percent.
[INFO DPL-0328] End of random improver; improvement is 0.791690 percent.
[INFO DPL-0380] Cell flipping.
[INFO DPL-0382] Changed 0 cell orientations for row compatibility.
[INFO DPL-0383] Performed 99 cell flips.
[INFO DPL-0384] End of flipping; objective is 6.763750e+05, improvement is 2.97 percent.
[INFO DPL-0313] Found 0 cells in wrong regions.
[INFO DPL-0315] Found 0 row alignment problems.
[INFO DPL-0314] Found 0 site alignment problems.
[INFO DPL-0311] Found 0 overlaps between adjacent cells.
[INFO DPL-0312] Found 0 edge spacing violations and 0 padding violations.
Detailed Improvement Results
------------------------------------------
Original HPWL              732.3 u (     334.5,      397.7)
Final HPWL                 675.4 u (     315.6,      359.8)
Delta HPWL                  -7.8 % (      -5.7,       -9.5)

optimize_mirroring
[INFO DPL-0020] Mirrored 59 instances
[INFO DPL-0021] HPWL before             675.4 u
[INFO DPL-0022] HPWL after              674.3 u
[INFO DPL-0023] HPWL delta               -0.2 %
[INFO FLW-0012] Placement violations .
estimate_parasitics -placement
Report metrics stage 3, detailed place...

==========================================================================
detailed place report_design_area
--------------------------------------------------------------------------
Design area 45 um^2 34% utilization.
write_db ./results/asap7/gcd/ai_search_1de0b95117261e35/3_5_place_dp.odb
write_sdc -no_timestamp ./results/asap7/gcd/ai_search_1de0b95117261e35/3_place.sdc
Elapsed time: 0:01.18[h:]min:sec. CPU time: user 1.03 sys 0.07 (93%). Peak memory: 208576KB.
Log                       Ext     Elapsed/s Peak Memory/MB sha1sum result [0:20)
3_5_place_dp              .odb            1            203 a059051fbae5b55fe50d
cp ./results/asap7/gcd/ai_search_1de0b95117261e35/3_5_place_dp.odb ./results/asap7/gcd/ai_search_1de0b95117261e35/3_place.odb
make: Leaving directory '/root/ORFS/flow'
