make: Entering directory '/root/ORFS/flow'
OpenROAD 26Q3-1499-g46ab99414e 
Features included (+) or not (-): +GPU +GUI +Python
This program is licensed under the BSD-3 license. See the LICENSE file for details.
Components of this program may be licensed under more restrictive licenses which must be honored.
[INFO ORD-0030] Using 2 thread(s).
mkdir -p ./objects/asap7/gcd/ai_search_996c36c7e5702924
/root/ORFS/flow/scripts/flow.sh 1_synth synth_syn
Running synth_syn.tcl, stage 1_synth
source /root/ORFS/flow/platforms/asap7/liberty_suppressions.tcl
read_liberty /root/ORFS/flow/platforms/asap7/lib/NLDM/asap7sc7p5t_AO_RVT_FF_nldm_211120.lib.gz
read_liberty /root/ORFS/flow/platforms/asap7/lib/NLDM/asap7sc7p5t_INVBUF_RVT_FF_nldm_220122.lib.gz
read_liberty /root/ORFS/flow/platforms/asap7/lib/NLDM/asap7sc7p5t_OA_RVT_FF_nldm_211120.lib.gz
read_liberty /root/ORFS/flow/platforms/asap7/lib/NLDM/asap7sc7p5t_SIMPLE_RVT_FF_nldm_211120.lib.gz
read_liberty /root/ORFS/flow/platforms/asap7/lib/NLDM/asap7sc7p5t_SEQ_RVT_FF_nldm_220123.lib
read_lef /root/ORFS/flow/platforms/asap7/lef/asap7_tech_1x_201209.lef
[INFO ODB-0227] LEF file: /root/ORFS/flow/platforms/asap7/lef/asap7_tech_1x_201209.lef, created 30 layers, 9 vias
read_lef /root/ORFS/flow/platforms/asap7/lef/asap7sc7p5t_28_R_1x_220121a.lef
[INFO ODB-0227] LEF file: /root/ORFS/flow/platforms/asap7/lef/asap7sc7p5t_28_R_1x_220121a.lef, created 212 library cells
set_dont_use "*x1p*_ASAP7* *xp*_ASAP7* SDF* ICG*"
sv_elaborate -D SYNTHESIS --compat=vcs --ignore-assertions --no-implicit-memories --top gcd /root/ORFS/flow/designs/src/gcd/gcd.v --std=1364-2005
Top level design units:
    gcd

Build succeeded: 0 errors, 0 warnings
syn::stats
  adc: 1 cells, 17 bits
  and: 3 cells, 3 bits
  dff: 3 cells, 34 bits
  eq: 7 cells, 7 bits
  input: 5 cells, 36 bits
  mux: 1 cells, 1 bits
  name (tentative): 143 cells, 0 bits
  not: 20 cells, 20 bits
  output: 3 cells, 0 bits
  ult: 1 cells, 1 bits
  ushr: 29 cells, 230 bits
  total: 216 cells, 349 bits
synthesize
[INFO SYN-0056] liveness: replaced 0 register bits, 0 combinational bits
[INFO SYN-0020] abc_roundtrip: exported 490 ANDs, 70 CIs, 52 COs
[1;37msyn     [0m : i/o =     70/     52  [1;36mand =     490[0m  [1;35mlev =   19[0m [1;35m(14.27)[0m  mem = 0.01 MB
Simulating 4 words for 10 rounds. SAT solving with 1000000 conflicts.
cst =     490  cls =      0  lit =     490  unused =      70  proof =     0
cst =       2  cls =      6  lit =      20  unused =     534  proof =     0
cst =       2  cls =      6  lit =      15  unused =     539  proof =     0
cst =       2  cls =      7  lit =      13  unused =     540  proof =     0
cst =       2  cls =      6  lit =      12  unused =     542  proof =     0
cst =       2  cls =      6  lit =      12  unused =     542  proof =     0
cst =       2  cls =      6  lit =      12  unused =     542  proof =     0
cst =       2  cls =      6  lit =      12  unused =     542  proof =     0
[1;37msyn     [0m : i/o =     70/     11  [1;36mand =     171[0m  [1;35mlev =   15[0m [1;35m(8.36)[0m  mem = 0.00 MB
SAT solver statistics:
CO =       11  AND =      171  Conf = 1000000  MinVar =  2000  MinCalls =   200
Unsat calls      9  ( 81.82 %)   Ave conf =      3.7   Time =     0.00 sec (  7.21 %)
Sat   calls      2  ( 18.18 %)   Ave conf =      0.0   Time =     0.00 sec (  3.01 %)
Undef calls      0  (  0.00 %)   Ave conf =      0.0   Time =     0.00 sec (  0.00 %)
Total time =     0.00 sec
  1 : P =      3. D =      2. F =     0. M =       0. And =     487. Time =     0.00 sec
[1;37msyn     [0m : i/o =     70/      5  [1;36mand =      46[0m  [1;35mlev =   11[0m [1;35m(8.40)[0m  mem = 0.00 MB
SAT solver statistics:
CO =        5  AND =       46  Conf = 1000000  MinVar =  2000  MinCalls =   200
Unsat calls      4  ( 80.00 %)   Ave conf =      2.0   Time =     0.00 sec (  7.74 %)
Sat   calls      1  ( 20.00 %)   Ave conf =      2.0   Time =     0.00 sec ( 24.33 %)
Undef calls      0  (  0.00 %)   Ave conf =      0.0   Time =     0.00 sec (  0.00 %)
Total time =     0.00 sec
  2 : P =      1. D =      1. F =     0. M =       0. And =     484. Time =     0.00 sec
[1;37msyn     [0m : i/o =     70/      3  [1;36mand =      34[0m  [1;35mlev =   10[0m [1;35m(9.33)[0m  mem = 0.00 MB
SAT solver statistics:
CO =        3  AND =       34  Conf = 1000000  MinVar =  2000  MinCalls =   200
Unsat calls      3  (100.00 %)   Ave conf =      1.3   Time =     0.00 sec (  4.34 %)
Sat   calls      0  (  0.00 %)   Ave conf =      0.0   Time =     0.00 sec (  0.00 %)
Undef calls      0  (  0.00 %)   Ave conf =      0.0   Time =     0.00 sec (  0.00 %)
Total time =     0.00 sec
  3 : P =      3. D =      0. F =     0. M =       0. And =     480. Time =     0.00 sec
[1;37msyn     [0m : i/o =     70/      0  [1;36mand =       0[0m  [1;35mlev =    0[0m [1;35m(-nan)[0m  mem = 0.00 MB
Considered all available candidate equivalences.
Performed 10 SAT calls: P = 7  D = 3  F = 0
NBeg = 490. NEnd = 480. (Gain =   2.04 %).  RBeg = 0. REnd = 0. (Gain =   0.00 %).
Sim  =     0.00 sec ( 19.61 %)
Sat  =     0.00 sec ( 73.40 %)
Pat  =     0.00 sec (  0.68 %)
Time =     0.00 sec
[INFO SYN-0023] abc_roundtrip: after ABC: 480 ANDs, 70 CIs, 52 COs
[INFO SYN-0020] abc_roundtrip: exported 480 ANDs, 70 CIs, 52 COs
[1;37msyn     [0m : i/o =     70/     52  [1;36mand =     480[0m  [1;35mlev =   19[0m [1;35m(13.63)[0m  mem = 0.01 MB
Starting:  syn             : pi =    70  po =    52  and =     480  lev =  19
Rewrite:   syn             : pi =    70  po =    52  and =     442  lev =  21
Refactor:  syn             : pi =    70  po =    52  and =     425  lev =  21
Balance:   syn             : pi =    70  po =    52  and =     425  lev =  21
Rewrite:   syn             : pi =    70  po =    52  and =     425  lev =  21
RewriteZ:  syn             : pi =    70  po =    52  and =     423  lev =  21
Balance:   syn             : pi =    70  po =    52  and =     423  lev =  20
RefactorZ: syn             : pi =    70  po =    52  and =     423  lev =  20
RewriteZ:  syn             : pi =    70  po =    52  and =     418  lev =  20
Balance:   syn             : pi =    70  po =    52  and =     418  lev =  19
Starting:  syn             : pi =    70  po =    52  and =     418  lev =  19
Rewrite:   syn             : pi =    70  po =    52  and =     417  lev =  19
Refactor:  syn             : pi =    70  po =    52  and =     417  lev =  19
Balance:   syn             : pi =    70  po =    52  and =     417  lev =  19
Rewrite:   syn             : pi =    70  po =    52  and =     417  lev =  19
RewriteZ:  syn             : pi =    70  po =    52  and =     413  lev =  19
Balance:   syn             : pi =    70  po =    52  and =     413  lev =  18
RefactorZ: syn             : pi =    70  po =    52  and =     413  lev =  18
RewriteZ:  syn             : pi =    70  po =    52  and =     407  lev =  18
Balance:   syn             : pi =    70  po =    52  and =     407  lev =  18
Starting:  syn             : pi =    70  po =    52  and =     464  lev =  13
Rewrite:   syn             : pi =    70  po =    52  and =     424  lev =  17
Refactor:  syn             : pi =    70  po =    52  and =     423  lev =  17
Balance:   syn             : pi =    70  po =    52  and =     423  lev =  17
Rewrite:   syn             : pi =    70  po =    52  and =     421  lev =  17
RewriteZ:  syn             : pi =    70  po =    52  and =     421  lev =  17
Balance:   syn             : pi =    70  po =    52  and =     421  lev =  17
RefactorZ: syn             : pi =    70  po =    52  and =     421  lev =  17
RewriteZ:  syn             : pi =    70  po =    52  and =     421  lev =  17
Balance:   syn             : pi =    70  po =    52  and =     421  lev =  17
Starting:  syn             : pi =    70  po =    52  and =     421  lev =  17
Rewrite:   syn             : pi =    70  po =    52  and =     421  lev =  17
Refactor:  syn             : pi =    70  po =    52  and =     421  lev =  17
Balance:   syn             : pi =    70  po =    52  and =     421  lev =  17
Rewrite:   syn             : pi =    70  po =    52  and =     421  lev =  17
RewriteZ:  syn             : pi =    70  po =    52  and =     421  lev =  17
Balance:   syn             : pi =    70  po =    52  and =     421  lev =  17
RefactorZ: syn             : pi =    70  po =    52  and =     421  lev =  17
RewriteZ:  syn             : pi =    70  po =    52  and =     421  lev =  17
Balance:   syn             : pi =    70  po =    52  and =     420  lev =  17
Starting:  syn             : pi =    70  po =    52  and =     420  lev =  17
Rewrite:   syn             : pi =    70  po =    52  and =     420  lev =  17
Refactor:  syn             : pi =    70  po =    52  and =     420  lev =  17
Balance:   syn             : pi =    70  po =    52  and =     420  lev =  17
Rewrite:   syn             : pi =    70  po =    52  and =     420  lev =  17
RewriteZ:  syn             : pi =    70  po =    52  and =     420  lev =  17
Balance:   syn             : pi =    70  po =    52  and =     420  lev =  17
RefactorZ: syn             : pi =    70  po =    52  and =     420  lev =  17
RewriteZ:  syn             : pi =    70  po =    52  and =     420  lev =  17
Balance:   syn             : pi =    70  po =    52  and =     420  lev =  17
[1;37msyn     [0m : i/o =     70/     52  [1;36mand =     420[0m  [1;35mlev =   17[0m [1;35m(13.42)[0m  mem = 0.01 MB
[INFO SYN-0023] abc_roundtrip: after ABC: 420 ANDs, 70 CIs, 52 COs
[INFO SYN-0017] mapCombinationals: done
[INFO SYN-0040] gatefusion: 0 fusions applied, area delta 0.0000
  input: 5 cells, 36 bits
  name (tentative): 102 cells, 0 bits
  not: 1 cells, 1 bits
  output: 3 cells, 0 bits
  target: AND2x2_ASAP7_75t_R: 3 cells, 3 bits, area 0.26244
  target: AND3x1_ASAP7_75t_R: 3 cells, 3 bits, area 0.26244
  target: AND4x1_ASAP7_75t_R: 1 cells, 1 bits, area 0.10206
  target: AO21x1_ASAP7_75t_R: 17 cells, 17 bits, area 1.48716
  target: AO221x1_ASAP7_75t_R: 18 cells, 18 bits, area 2.6244
  target: AO32x1_ASAP7_75t_R: 2 cells, 2 bits, area 0.23328
  target: AOI21x1_ASAP7_75t_R: 20 cells, 20 bits, area 2.3328
  target: AOI221x1_ASAP7_75t_R: 1 cells, 1 bits, area 0.20412
  target: DFFHQNx1_ASAP7_75t_R: 34 cells, 34 bits, area 9.9144
  target: INVx1_ASAP7_75t_R: 24 cells, 24 bits, area 1.04976
  target: MAJx2_ASAP7_75t_R: 8 cells, 8 bits, area 1.04976
  target: NAND2x1_ASAP7_75t_R: 9 cells, 9 bits, area 0.78732
  target: NAND3x1_ASAP7_75t_R: 2 cells, 2 bits, area 0.32076
  target: NOR2x1_ASAP7_75t_R: 7 cells, 7 bits, area 0.61236
  target: NOR3x1_ASAP7_75t_R: 1 cells, 1 bits, area 0.16038
  target: OA211x2_ASAP7_75t_R: 17 cells, 17 bits, area 1.98288
  target: OA21x2_ASAP7_75t_R: 13 cells, 13 bits, area 1.32678
  target: OAI21x1_ASAP7_75t_R: 24 cells, 24 bits, area 2.79936
  target: OAI22x1_ASAP7_75t_R: 1 cells, 1 bits, area 0.1458
  target: OR2x2_ASAP7_75t_R: 7 cells, 7 bits, area 0.61236
  target: OR3x1_ASAP7_75t_R: 20 cells, 20 bits, area 1.7496
  target: OR4x1_ASAP7_75t_R: 2 cells, 2 bits, area 0.20412
  target: OR5x1_ASAP7_75t_R: 2 cells, 2 bits, area 0.23328
  target: XNOR2x2_ASAP7_75t_R: 6 cells, 6 bits, area 0.96228
  target: XOR2x2_ASAP7_75t_R: 19 cells, 19 bits, area 3.04722
  total: 372 cells, 298 bits, area 34.4671
[INFO SYN-0031] Export to ODB: created 261 instances, 209 nets, 54 ports
read_sdc /root/ORFS/flow/designs/asap7/gcd/constraint.sdc
repair_design -pre_placement
[WARNING EST-0027] no estimated parasitics. Using wire load models.
Iteration |   Area    | Resized | Buffers | Nets repaired | Remaining
---------------------------------------------------------------------
        0 |    +17.4% |       0 |      43 |            49 |       340
    final |    +17.4% |       0 |      43 |            49 |         0
---------------------------------------------------------------------
[INFO RSZ-0038] Inserted 43 buffers in 49 nets.
[INFO RSZ-0504] Runtime: 0.06s
Report metrics stage 1, synth...

==========================================================================
synth report_design_area
--------------------------------------------------------------------------
Design area 40 um^2 100% utilization.
write_db ./results/asap7/gcd/ai_search_996c36c7e5702924/1_synth.odb
write_sdc -no_timestamp ./results/asap7/gcd/ai_search_996c36c7e5702924/1_synth.sdc
Elapsed time: 0:01.24[h:]min:sec. CPU time: user 1.15 sys 0.10 (100%). Peak memory: 214036KB.
Log                       Ext     Elapsed/s Peak Memory/MB sha1sum result [0:20)
1_synth                   .v              1            209 b3c65aa67d1b3e82d782
1_synth                   .odb                             9ddbdc029e65dfd5cb14
1_synth                   .sdc                             5011e5aed360886d25f2
/root/ORFS/flow/scripts/flow.sh 2_1_floorplan floorplan
Running floorplan.tcl, stage 2_1_floorplan
source /root/ORFS/flow/platforms/asap7/liberty_suppressions.tcl
read_liberty /root/ORFS/flow/platforms/asap7/lib/NLDM/asap7sc7p5t_AO_RVT_FF_nldm_211120.lib.gz
read_liberty /root/ORFS/flow/platforms/asap7/lib/NLDM/asap7sc7p5t_INVBUF_RVT_FF_nldm_220122.lib.gz
read_liberty /root/ORFS/flow/platforms/asap7/lib/NLDM/asap7sc7p5t_OA_RVT_FF_nldm_211120.lib.gz
read_liberty /root/ORFS/flow/platforms/asap7/lib/NLDM/asap7sc7p5t_SIMPLE_RVT_FF_nldm_211120.lib.gz
read_liberty /root/ORFS/flow/platforms/asap7/lib/NLDM/asap7sc7p5t_SEQ_RVT_FF_nldm_220123.lib
read_db ./results/asap7/gcd/ai_search_996c36c7e5702924/1_synth.odb
read_sdc ./results/asap7/gcd/ai_search_996c36c7e5702924/1_synth.sdc
source /root/ORFS/flow/platforms/asap7/setRC.tcl

==========================================================================
Floorplan check_setup
--------------------------------------------------------------------------
number instances in verilog is 304
[INFO IFP-0107] Defining die area using utilization: 30.00% and aspect ratio: 1.
[WARNING IFP-0028] Core area lower left (0.500, 0.500) snapped to (0.540, 0.540).
[INFO IFP-0001] Added 42 rows of 214 site asap7sc7p5t.
[INFO IFP-0100] Die BBox:  (  0.000  0.000 ) ( 12.613 12.613 ) um
[INFO IFP-0101] Core BBox: (  0.540  0.540 ) ( 12.096 11.880 ) um
[INFO IFP-0102] Core area:                          131.045 um^2
[INFO IFP-0103] Total instances area:                40.459 um^2
[INFO IFP-0104] Effective utilization:                0.309
[INFO IFP-0105] Number of instances:                    304
source /root/ORFS/flow/platforms/asap7/openRoad/make_tracks.tcl
source /root/ORFS/flow/platforms/asap7/fastroute.tcl
Repair tie lo fanout...
Repair tie hi fanout...
repair_timing -setup_margin 0 -hold_margin 0 -repair_tns 100 -skip_last_gasp -setup -skip_last_gasp -sequence unbuffer,sizeup,swap,vt_swap -verbose
[WARNING EST-0027] no estimated parasitics. Using wire load models.
[INFO RSZ-0100] Repair move sequence: UnbufferMove SizeUpMove SwapPinsMove 
[INFO RSZ-0094] Found 21 endpoints with setup violations.
[INFO RSZ-0099] Repairing 21 out of 21 (100.00%) violating endpoints...
   Iter   | Removed | Resized | Inserted | Cloned |  Pin  |   Area   |    WNS   |   StTNS    |   EnTNS    |  Viol  |  Worst  
          | Buffers |  Gates  | Buffers  |  Gates | Swaps |          |          |            |            | Endpts | St/EnPt 
------------------------------------------------------------------------------------------------------------------------------
       0* |       0 |       0 |        0 |      0 |     0 |    +0.0% |  -66.659 |     -476.4 |     -506.1 |     21 | resp_msg[15]
      10* |       0 |       3 |        0 |      0 |     6 |    +0.2% |  -67.095 |     -506.3 |     -458.6 |     21 | resp_msg[15]
      12* |       0 |       3 |        0 |      0 |     4 |    +0.2% |  -64.056 |     -466.7 |     -444.9 |     21 | resp_msg[15]
      14* |       0 |       3 |        0 |      0 |     4 |    +0.2% |  -64.056 |     -466.7 |     -444.9 |     21 | resp_msg[15]
      16* |       0 |       3 |        0 |      0 |     5 |    +0.2% |  -63.947 |     -465.2 |     -443.8 |     21 | resp_msg[15]
      18* |       0 |       3 |        0 |      0 |     5 |    +0.2% |  -63.947 |     -465.2 |     -443.8 |     21 | resp_msg[15]
      20* |       0 |       3 |        0 |      0 |     6 |    +0.2% |  -63.995 |     -465.5 |     -433.7 |     21 | resp_msg[15]
      28* |       0 |       3 |        0 |      0 |     5 |    +0.2% |  -63.947 |     -465.2 |     -443.8 |     21 | resp_msg[15]
      30* |       0 |       4 |        0 |      0 |     5 |    +0.3% |  -63.947 |     -465.2 |     -426.2 |     21 | resp_msg[15]
      32* |       0 |       5 |        0 |      0 |     5 |    +0.3% |  -63.947 |     -465.2 |     -400.0 |     21 | resp_msg[15]
      34* |       0 |       5 |        0 |      0 |     5 |    +0.3% |  -63.947 |     -465.2 |     -400.0 |     21 | resp_msg[15]
      36* |       0 |       5 |        0 |      0 |     5 |    +0.3% |  -63.947 |     -465.2 |     -400.0 |     21 | resp_msg[15]
      38* |       0 |       5 |        0 |      0 |     5 |    +0.3% |  -63.947 |     -465.2 |     -400.0 |     21 | resp_msg[15]
      40* |       0 |       5 |        0 |      0 |     6 |    +0.3% |  -63.947 |     -465.2 |     -401.6 |     21 | resp_msg[15]
      40* |       0 |       5 |        0 |      0 |     5 |    +0.3% |  -63.947 |     -465.2 |     -400.0 |     21 | resp_msg[15]
      42* |       0 |       5 |        0 |      0 |     5 |    +0.3% |  -63.947 |     -465.2 |     -400.0 |     21 | resp_msg[15]
      44* |       0 |       5 |        0 |      0 |     5 |    +0.3% |  -63.947 |     -465.2 |     -400.0 |     21 | resp_msg[15]
      46* |       0 |       5 |        0 |      0 |     5 |    +0.3% |  -63.947 |     -465.2 |     -400.0 |     21 | resp_msg[15]
      48* |       0 |       5 |        0 |      0 |     5 |    +0.3% |  -63.947 |     -465.2 |     -400.0 |     21 | resp_msg[15]
      50* |       0 |       5 |        0 |      0 |     6 |    +0.3% |  -63.947 |     -465.2 |     -401.6 |     21 | resp_msg[15]
      50* |       0 |       5 |        0 |      0 |     5 |    +0.3% |  -63.947 |     -465.2 |     -400.0 |     21 | resp_msg[15]
      52* |       0 |       5 |        0 |      0 |     5 |    +0.3% |  -63.947 |     -465.2 |     -400.0 |     21 | resp_msg[15]
      54* |       0 |       5 |        0 |      0 |     5 |    +0.3% |  -63.947 |     -465.2 |     -400.0 |     21 | resp_msg[15]
      56* |       0 |       5 |        0 |      0 |     5 |    +0.3% |  -63.947 |     -465.2 |     -400.0 |     21 | resp_msg[15]
      58* |       0 |       5 |        0 |      0 |     5 |    +0.3% |  -63.947 |     -465.2 |     -400.0 |     21 | resp_msg[15]
      60* |       0 |       6 |        0 |      0 |     5 |    +0.5% |  -63.947 |     -465.2 |     -407.0 |     21 | resp_msg[15]
      60* |       0 |       6 |        0 |      0 |     5 |    +0.5% |  -63.947 |     -465.2 |     -407.0 |     21 | resp_msg[15]
      61* |       0 |       6 |        0 |      0 |     5 |    +0.5% |  -63.947 |     -465.2 |     -407.0 |     21 | resp_msg[15]
      61* |       0 |       6 |        0 |      0 |     5 |    +0.5% |  -63.947 |     -465.2 |     -407.0 |     21 | resp_msg[15]
    final |       0 |       6 |        0 |      0 |     5 |    +0.5% |  -63.947 |     -465.2 |     -407.0 |     19 | resp_msg[15]
------------------------------------------------------------------------------------------------------------------------------
[INFO RSZ-0051] Resized 6 instances: 6 up, 0 up match, 0 down, 0 VT
[INFO RSZ-0043] Swapped pins on 5 instances.
[WARNING RSZ-0062] Unable to repair all setup violations.
[INFO RSZ-0505] Runtime: 0.27s
Default units for flow
 time 1ps
 capacitance 1fF
 resistance 1kohm
 voltage 1v
 current 1mA
 power 1pW
 distance 1um
   Layer   | Unit Resistance | Unit Capacitance 
           |       (kohm/um) |          (fF/um)
------------------------------------------------
        M1 |        7.04e-02 |         1.00e-10
        M2 |        2.97e-02 |         1.75e-01
        M3 |        3.13e-02 |         1.56e-01
        M4 |        1.80e-02 |         1.78e-01
        M5 |        1.90e-02 |         1.64e-01
        M6 |        1.19e-02 |         1.87e-01
        M7 |        1.25e-02 |         1.63e-01
        M8 |        8.45e-03 |         1.04e-01
        M9 |        8.90e-03 |         9.28e-02
       Pad |        0.00e+00 |         0.00e+00
------------------------------------------------

   Layer   | Via Resistance 
           |         (kohm) 
----------------------------
        V1 |       1.72e-02 
        V2 |       1.72e-02 
        V3 |       1.72e-02 
        V4 |       1.18e-02 
        V5 |       1.18e-02 
        V6 |       8.20e-03 
        V7 |       8.20e-03 
        V8 |       6.30e-03 
        V9 |       6.30e-03 
----------------------------
Report metrics stage 2, floorplan final...

==========================================================================
floorplan final report_design_area
--------------------------------------------------------------------------
Design area 41 um^2 31% utilization.
write_db ./results/asap7/gcd/ai_search_996c36c7e5702924/2_1_floorplan.odb
write_sdc -no_timestamp ./results/asap7/gcd/ai_search_996c36c7e5702924/2_1_floorplan.sdc
Elapsed time: 0:01.35[h:]min:sec. CPU time: user 1.23 sys 0.18 (104%). Peak memory: 224292KB.
Log                       Ext     Elapsed/s Peak Memory/MB sha1sum result [0:20)
2_1_floorplan             .odb            1            219 e5f1b8868110e62d20e9
2_1_floorplan             .sdc                             5011e5aed360886d25f2
/root/ORFS/flow/scripts/flow.sh 2_2_floorplan_macro macro_place
Running macro_place.tcl, stage 2_2_floorplan_macro
source /root/ORFS/flow/platforms/asap7/liberty_suppressions.tcl
read_liberty /root/ORFS/flow/platforms/asap7/lib/NLDM/asap7sc7p5t_AO_RVT_FF_nldm_211120.lib.gz
read_liberty /root/ORFS/flow/platforms/asap7/lib/NLDM/asap7sc7p5t_INVBUF_RVT_FF_nldm_220122.lib.gz
read_liberty /root/ORFS/flow/platforms/asap7/lib/NLDM/asap7sc7p5t_OA_RVT_FF_nldm_211120.lib.gz
read_liberty /root/ORFS/flow/platforms/asap7/lib/NLDM/asap7sc7p5t_SIMPLE_RVT_FF_nldm_211120.lib.gz
read_liberty /root/ORFS/flow/platforms/asap7/lib/NLDM/asap7sc7p5t_SEQ_RVT_FF_nldm_220123.lib
read_db ./results/asap7/gcd/ai_search_996c36c7e5702924/2_1_floorplan.odb
read_sdc ./results/asap7/gcd/ai_search_996c36c7e5702924/2_1_floorplan.sdc
source /root/ORFS/flow/platforms/asap7/setRC.tcl
No macros found: Skipping macro_placement
Design area 41 um^2 31% utilization.
write_db ./results/asap7/gcd/ai_search_996c36c7e5702924/2_2_floorplan_macro.odb
Elapsed time: 0:01.04[h:]min:sec. CPU time: user 0.97 sys 0.07 (99%). Peak memory: 203324KB.
Log                       Ext     Elapsed/s Peak Memory/MB sha1sum result [0:20)
2_2_floorplan_macro       .odb            1            198 e5f1b8868110e62d20e9
/root/ORFS/flow/scripts/flow.sh 2_3_floorplan_tapcell tapcell
Running tapcell.tcl, stage 2_3_floorplan_tapcell
source /root/ORFS/flow/platforms/asap7/liberty_suppressions.tcl
read_liberty /root/ORFS/flow/platforms/asap7/lib/NLDM/asap7sc7p5t_AO_RVT_FF_nldm_211120.lib.gz
read_liberty /root/ORFS/flow/platforms/asap7/lib/NLDM/asap7sc7p5t_INVBUF_RVT_FF_nldm_220122.lib.gz
read_liberty /root/ORFS/flow/platforms/asap7/lib/NLDM/asap7sc7p5t_OA_RVT_FF_nldm_211120.lib.gz
read_liberty /root/ORFS/flow/platforms/asap7/lib/NLDM/asap7sc7p5t_SIMPLE_RVT_FF_nldm_211120.lib.gz
read_liberty /root/ORFS/flow/platforms/asap7/lib/NLDM/asap7sc7p5t_SEQ_RVT_FF_nldm_220123.lib
read_db ./results/asap7/gcd/ai_search_996c36c7e5702924/2_2_floorplan_macro.odb
read_sdc ./results/asap7/gcd/ai_search_996c36c7e5702924/2_1_floorplan.sdc
source /root/ORFS/flow/platforms/asap7/setRC.tcl
Tap and End Cap cell insertion
  TAP Cell          : TAPCELL_ASAP7_75t_R
  ENDCAP Cell       : TAPCELL_ASAP7_75t_R
  Halo Around Macro : 2 2
  TAP Cell Distance : 25
[INFO TAP-0004] Inserted 84 endcaps.
[INFO TAP-0005] Inserted 0 tapcells.
Design area 43 um^2 33% utilization.
write_db ./results/asap7/gcd/ai_search_996c36c7e5702924/2_3_floorplan_tapcell.odb
Elapsed time: 0:01.02[h:]min:sec. CPU time: user 0.94 sys 0.07 (99%). Peak memory: 204004KB.
Log                       Ext     Elapsed/s Peak Memory/MB sha1sum result [0:20)
2_3_floorplan_tapcell     .odb            1            199 b271aa6d6be052dc9cea
/root/ORFS/flow/scripts/flow.sh 2_4_floorplan_pdn pdn
Running pdn.tcl, stage 2_4_floorplan_pdn
source /root/ORFS/flow/platforms/asap7/liberty_suppressions.tcl
read_liberty /root/ORFS/flow/platforms/asap7/lib/NLDM/asap7sc7p5t_AO_RVT_FF_nldm_211120.lib.gz
read_liberty /root/ORFS/flow/platforms/asap7/lib/NLDM/asap7sc7p5t_INVBUF_RVT_FF_nldm_220122.lib.gz
read_liberty /root/ORFS/flow/platforms/asap7/lib/NLDM/asap7sc7p5t_OA_RVT_FF_nldm_211120.lib.gz
read_liberty /root/ORFS/flow/platforms/asap7/lib/NLDM/asap7sc7p5t_SIMPLE_RVT_FF_nldm_211120.lib.gz
read_liberty /root/ORFS/flow/platforms/asap7/lib/NLDM/asap7sc7p5t_SEQ_RVT_FF_nldm_220123.lib
read_db ./results/asap7/gcd/ai_search_996c36c7e5702924/2_3_floorplan_tapcell.odb
read_sdc ./results/asap7/gcd/ai_search_996c36c7e5702924/2_1_floorplan.sdc
source /root/ORFS/flow/platforms/asap7/setRC.tcl
[WARNING PDN-1051] No instances found for grid (CORE_macro_grid_1).
[WARNING PDN-1051] No instances found for grid (CORE_macro_grid_2).
[INFO PDN-0001] Inserting grid: top
[INFO PDN-0500] Runtime: 0.00s
Design area 43 um^2 33% utilization.
write_db ./results/asap7/gcd/ai_search_996c36c7e5702924/2_4_floorplan_pdn.odb
Elapsed time: 0:01.05[h:]min:sec. CPU time: user 0.98 sys 0.07 (99%). Peak memory: 204904KB.
Log                       Ext     Elapsed/s Peak Memory/MB sha1sum result [0:20)
2_4_floorplan_pdn         .odb            1            200 f0d133da5438f248a549
cp ./results/asap7/gcd/ai_search_996c36c7e5702924/2_4_floorplan_pdn.odb ./results/asap7/gcd/ai_search_996c36c7e5702924/2_floorplan.odb
cp ./results/asap7/gcd/ai_search_996c36c7e5702924/2_1_floorplan.sdc ./results/asap7/gcd/ai_search_996c36c7e5702924/2_floorplan.sdc
/root/ORFS/flow/scripts/flow.sh 3_1_place_gp_skip_io global_place_skip_io
Running global_place_skip_io.tcl, stage 3_1_place_gp_skip_io
source /root/ORFS/flow/platforms/asap7/liberty_suppressions.tcl
read_liberty /root/ORFS/flow/platforms/asap7/lib/NLDM/asap7sc7p5t_AO_RVT_FF_nldm_211120.lib.gz
read_liberty /root/ORFS/flow/platforms/asap7/lib/NLDM/asap7sc7p5t_INVBUF_RVT_FF_nldm_220122.lib.gz
read_liberty /root/ORFS/flow/platforms/asap7/lib/NLDM/asap7sc7p5t_OA_RVT_FF_nldm_211120.lib.gz
read_liberty /root/ORFS/flow/platforms/asap7/lib/NLDM/asap7sc7p5t_SIMPLE_RVT_FF_nldm_211120.lib.gz
read_liberty /root/ORFS/flow/platforms/asap7/lib/NLDM/asap7sc7p5t_SEQ_RVT_FF_nldm_220123.lib
read_db ./results/asap7/gcd/ai_search_996c36c7e5702924/2_floorplan.odb
read_sdc ./results/asap7/gcd/ai_search_996c36c7e5702924/2_floorplan.sdc
source /root/ORFS/flow/platforms/asap7/setRC.tcl
global_placement -skip_io -density 0.45 -pad_left 0 -pad_right 0
[INFO GPL-0001] ---- Initialize GPL Main Data Structures
[INFO GPL-0002] DBU: 1000
[INFO GPL-0003] SiteSize: (  0.054  0.270 ) um
[INFO GPL-0004] CoreBBox: (  0.540  0.540 ) ( 12.096 11.880 ) um
[INFO GPL-0016] Core area:                     131.045 um^2
[INFO GPL-0036] Movable instances area:         40.649 um^2
[INFO GPL-0037] Total instances area:           43.098 um^2
[INFO GPL-0035] Pin density area adjust:         5.312 um^2
[INFO GPL-0032] ---- Initialize Region: Top-level
[INFO GPL-0006] Number of instances:               388
[INFO GPL-0007] Movable instances:                 304
[INFO GPL-0008] Fixed instances:                    84
[INFO GPL-0009] Dummy instances:                     0
[INFO GPL-0010] Number of nets:                    340
[INFO GPL-0011] Number of pins:                   1064
[INFO GPL-0012] Die BBox:       (  0.000  0.000 ) ( 12.613 12.613 ) um
[INFO GPL-0013] Placement BBox: (  0.540  0.540 ) ( 12.096 11.880 ) um
[INFO GPL-0014] Region name: top-level.
[INFO GPL-0015] Region area:                   131.045 um^2
[INFO GPL-0017] Fixed instances area:            2.449 um^2
[INFO GPL-0018] Movable instances area:         45.961 um^2
[INFO GPL-0019] Utilization:                    35.741 %
[INFO GPL-0020] Standard cells area:            45.961 um^2
[INFO GPL-0021] Large instances area:            0.000 um^2
[INFO GPL-0005] ---- Execute Conjugate Gradient Initial Placement.
[INFO GPL-0051] Source of initial instance position counters:
	Odb location = 43	Core center = 261	Region center = 0
[INFO GPL-0033] ---- Initialize Nesterov Region: Top-level
[INFO GPL-0023] Placement target density:       0.4500
[INFO GPL-0024] Movable insts average area:      0.151 um^2
[INFO GPL-0025] Ideal bin area:                  0.336 um^2
[INFO GPL-0026] Ideal bin count:                   390
[INFO GPL-0027] Total bin area:                131.045 um^2
[INFO GPL-0028] Bin count (X, Y):          16 ,     16
[INFO GPL-0029] Bin size (W * H):       0.722 *  0.709 um
[INFO GPL-0030] Number of bins:                    256
[INFO GPL-0084] ---- Execute Nesterov Global Placement.
[INFO GPL-0031] HPWL: Half-Perimeter Wirelength
Iteration | Overflow |     HPWL (um) |  HPWL(%) |   Penalty | Group
---------------------------------------------------------------
        0 |   0.8927 |  3.572120e+02 |   +0.00% |  1.95e-11 |      
       10 |   0.9452 |  7.956100e+01 |  -77.73% |  3.18e-11 |      
       20 |   0.9434 |  7.332400e+01 |   -7.84% |  5.18e-11 |      
       30 |   0.9446 |  7.251400e+01 |   -1.10% |  8.44e-11 |      
       40 |   0.9444 |  7.264200e+01 |   +0.18% |  1.38e-10 |      
       50 |   0.9434 |  7.284400e+01 |   +0.28% |  2.24e-10 |      
       60 |   0.9427 |  7.324200e+01 |   +0.55% |  3.65e-10 |      
       70 |   0.9412 |  7.390900e+01 |   +0.91% |  5.94e-10 |      
       80 |   0.9385 |  7.491900e+01 |   +1.37% |  9.68e-10 |      
       90 |   0.9345 |  7.746000e+01 |   +3.39% |  1.58e-09 |      
      100 |   0.9216 |  9.028300e+01 |  +16.55% |  2.57e-09 |      
      110 |   0.9101 |  1.103630e+02 |  +22.24% |  4.18e-09 |      
      120 |   0.8889 |  1.386730e+02 |  +25.65% |  6.82e-09 |      
      130 |   0.8485 |  1.676720e+02 |  +20.91% |  1.11e-08 |      
      140 |   0.8208 |  1.883360e+02 |  +12.32% |  1.81e-08 |      
      150 |   0.7804 |  2.212340e+02 |  +17.47% |  2.95e-08 |      
      160 |   0.7405 |  2.443450e+02 |  +10.45% |  4.80e-08 |      
      170 |   0.6982 |  2.691030e+02 |  +10.13% |  7.82e-08 |      
      180 |   0.6453 |  3.001980e+02 |  +11.56% |  1.27e-07 |      
      190 |   0.5911 |  3.225900e+02 |   +7.46% |  2.07e-07 |      
      200 |   0.5489 |  3.517830e+02 |   +9.05% |  3.38e-07 |      
      210 |   0.5077 |  3.706970e+02 |   +5.38% |  5.50e-07 |      
      220 |   0.4590 |  3.907780e+02 |   +5.42% |  8.96e-07 |      
      230 |   0.4106 |  4.104420e+02 |   +5.03% |  1.46e-06 |      
      240 |   0.3536 |  4.220510e+02 |   +2.83% |  2.38e-06 |      
      250 |   0.3170 |  4.321350e+02 |   +2.39% |  3.57e-06 |      
      260 |   0.2726 |  4.402820e+02 |   +1.89% |  5.27e-06 |      
      270 |   0.2389 |  4.419860e+02 |   +0.39% |  7.76e-06 |      
      280 |   0.2091 |  4.512920e+02 |   +2.11% |  1.14e-05 |      
      290 |   0.1669 |  4.554170e+02 |   +0.91% |  1.68e-05 |      
      300 |   0.1482 |  4.601340e+02 |   +1.04% |  2.48e-05 |      
      310 |   0.1215 |  4.649700e+02 |   +1.05% |  3.65e-05 |      
      320 |   0.1003 |  4.699490e+02 |   +1.07% |  5.38e-05 |      
      321 |   0.0989 |  4.705740e+02 |          |  5.82e-05 |      
---------------------------------------------------------------
[INFO GPL-1001] Global placement finished at iteration 321
[INFO GPL-1002] Placed Cell Area               45.9611
[INFO GPL-1003] Available Free Area           128.5956
[INFO GPL-1004] Minimum Feasible Density        0.3600 (cell_area / free_area)
[INFO GPL-1006]   Suggested Target Densities:
[INFO GPL-1007]     - For 90% usage of free space: 0.3971
[INFO GPL-1008]     - For 80% usage of free space: 0.4468
[INFO GPL-1009]     - For 50% usage of free space: 0.7148
[INFO GPL-1014] Final placement area: 45.96 (+0.00%)
Design area 43 um^2 33% utilization.
write_db ./results/asap7/gcd/ai_search_996c36c7e5702924/3_1_place_gp_skip_io.odb
Elapsed time: 0:01.06[h:]min:sec. CPU time: user 1.01 sys 0.08 (103%). Peak memory: 204876KB.
Log                       Ext     Elapsed/s Peak Memory/MB sha1sum result [0:20)
3_1_place_gp_skip_io      .odb            1            200 1f7889dfde708569aaf7
/root/ORFS/flow/scripts/flow.sh 3_2_place_iop io_placement
Running io_placement.tcl, stage 3_2_place_iop
source /root/ORFS/flow/platforms/asap7/liberty_suppressions.tcl
read_liberty /root/ORFS/flow/platforms/asap7/lib/NLDM/asap7sc7p5t_AO_RVT_FF_nldm_211120.lib.gz
read_liberty /root/ORFS/flow/platforms/asap7/lib/NLDM/asap7sc7p5t_INVBUF_RVT_FF_nldm_220122.lib.gz
read_liberty /root/ORFS/flow/platforms/asap7/lib/NLDM/asap7sc7p5t_OA_RVT_FF_nldm_211120.lib.gz
read_liberty /root/ORFS/flow/platforms/asap7/lib/NLDM/asap7sc7p5t_SIMPLE_RVT_FF_nldm_211120.lib.gz
read_liberty /root/ORFS/flow/platforms/asap7/lib/NLDM/asap7sc7p5t_SEQ_RVT_FF_nldm_220123.lib
read_db ./results/asap7/gcd/ai_search_996c36c7e5702924/3_1_place_gp_skip_io.odb
read_sdc ./results/asap7/gcd/ai_search_996c36c7e5702924/2_floorplan.sdc
source /root/ORFS/flow/platforms/asap7/setRC.tcl
place_pins -hor_layers M4 -ver_layers M5
Found 0 macro blocks.
Using 2 tracks default min distance between IO pins.
[INFO PPL-0001] Number of available slots 464
[INFO PPL-0002] Number of I/O             54
[INFO PPL-0003] Number of I/O w/sink      54
[INFO PPL-0004] Number of I/O w/o sink    0
[INFO PPL-0005] Slots per section         200
[INFO PPL-0008] Successfully assigned pins to sections.
[INFO PPL-0012] I/O nets HPWL: 175.91 um.
Design area 43 um^2 33% utilization.
write_db ./results/asap7/gcd/ai_search_996c36c7e5702924/3_2_place_iop.odb
Elapsed time: 0:01.00[h:]min:sec. CPU time: user 0.95 sys 0.05 (99%). Peak memory: 203828KB.
Log                       Ext     Elapsed/s Peak Memory/MB sha1sum result [0:20)
3_2_place_iop             .odb            1            199 5235efc15b13fd0eee5a
/root/ORFS/flow/scripts/flow.sh 3_3_place_gp global_place
Running global_place.tcl, stage 3_3_place_gp
source /root/ORFS/flow/platforms/asap7/liberty_suppressions.tcl
read_liberty /root/ORFS/flow/platforms/asap7/lib/NLDM/asap7sc7p5t_AO_RVT_FF_nldm_211120.lib.gz
read_liberty /root/ORFS/flow/platforms/asap7/lib/NLDM/asap7sc7p5t_INVBUF_RVT_FF_nldm_220122.lib.gz
read_liberty /root/ORFS/flow/platforms/asap7/lib/NLDM/asap7sc7p5t_OA_RVT_FF_nldm_211120.lib.gz
read_liberty /root/ORFS/flow/platforms/asap7/lib/NLDM/asap7sc7p5t_SIMPLE_RVT_FF_nldm_211120.lib.gz
read_liberty /root/ORFS/flow/platforms/asap7/lib/NLDM/asap7sc7p5t_SEQ_RVT_FF_nldm_220123.lib
read_db ./results/asap7/gcd/ai_search_996c36c7e5702924/3_2_place_iop.odb
read_sdc ./results/asap7/gcd/ai_search_996c36c7e5702924/2_floorplan.sdc
source /root/ORFS/flow/platforms/asap7/setRC.tcl
[INFO RSZ-0026] Removed 43 buffers.
Perform port buffering...
[INFO RSZ-0027] Inserted 35 BUFx2_ASAP7_75t_R input buffers.
[INFO RSZ-0028] Inserted 18 BUFx2_ASAP7_75t_R output buffers.
global_placement -density 0.45 -pad_left 0 -pad_right 0 -routability_driven -timing_driven -force_center_initial_place -min_phi_coef 0.95 -max_phi_coef 1.05
[INFO GPL-0001] ---- Initialize GPL Main Data Structures
[INFO GPL-0002] DBU: 1000
[INFO GPL-0003] SiteSize: (  0.054  0.270 ) um
[INFO GPL-0004] CoreBBox: (  0.540  0.540 ) ( 12.096 11.880 ) um
[INFO GPL-0016] Core area:                     131.045 um^2
[INFO GPL-0036] Movable instances area:         38.885 um^2
[INFO GPL-0037] Total instances area:           41.334 um^2
[INFO GPL-0035] Pin density area adjust:         4.567 um^2
[INFO GPL-0032] ---- Initialize Region: Top-level
[INFO GPL-0006] Number of instances:               398
[INFO GPL-0007] Movable instances:                 314
[INFO GPL-0008] Fixed instances:                    84
[INFO GPL-0009] Dummy instances:                     0
[INFO GPL-0010] Number of nets:                    350
[INFO GPL-0011] Number of pins:                   1138
[INFO GPL-0012] Die BBox:       (  0.000  0.000 ) ( 12.613 12.613 ) um
[INFO GPL-0013] Placement BBox: (  0.540  0.540 ) ( 12.096 11.880 ) um
[INFO GPL-0014] Region name: top-level.
[INFO GPL-0015] Region area:                   131.045 um^2
[INFO GPL-0017] Fixed instances area:            2.449 um^2
[INFO GPL-0018] Movable instances area:         43.452 um^2
[INFO GPL-0019] Utilization:                    33.790 %
[INFO GPL-0020] Standard cells area:            43.452 um^2
[INFO GPL-0021] Large instances area:            0.000 um^2
[INFO GPL-0005] ---- Execute Conjugate Gradient Initial Placement.
[INFO GPL-0051] Source of initial instance position counters:
	Odb location = 0	Core center = 314	Region center = 0
[InitialPlace]  Iter: 1 conjugate gradient residual: 0.00000009 HPWL: 868330
[InitialPlace]  Iter: 2 conjugate gradient residual: 0.00000010 HPWL: 741532
[InitialPlace]  Iter: 3 conjugate gradient residual: 0.00000012 HPWL: 755483
[InitialPlace]  Iter: 4 conjugate gradient residual: 0.00000008 HPWL: 765451
[InitialPlace]  Iter: 5 conjugate gradient residual: 0.00000011 HPWL: 767330
[INFO GPL-0033] ---- Initialize Nesterov Region: Top-level
[INFO GPL-0023] Placement target density:       0.4500
[INFO GPL-0024] Movable insts average area:      0.138 um^2
[INFO GPL-0025] Ideal bin area:                  0.308 um^2
[INFO GPL-0026] Ideal bin count:                   426
[INFO GPL-0027] Total bin area:                131.045 um^2
[INFO GPL-0028] Bin count (X, Y):          16 ,     16
[INFO GPL-0029] Bin size (W * H):       0.722 *  0.709 um
[INFO GPL-0030] Number of bins:                    256
[INFO GPL-0084] ---- Execute Nesterov Global Placement.
[INFO GPL-0031] HPWL: Half-Perimeter Wirelength
Iteration | Overflow |     HPWL (um) |  HPWL(%) |   Penalty | Group
---------------------------------------------------------------
        0 |   0.5324 |  5.288990e+02 |   +0.00% |  3.37e-11 |      
[INFO GPL-0100] Timing-driven iteration 1/2, virtual: false.
[INFO GPL-0101]    Iter: 1, overflow: 0.532, keep resizer changes at: 1, HPWL: 528899
Iteration |   Area    | Resized | Buffers | Nets repaired | Remaining
---------------------------------------------------------------------
        0 |     +0.0% |       0 |       0 |             0 |       350
    final |     +0.0% |       0 |       0 |             0 |         0
---------------------------------------------------------------------
   Iter   |    Area   | Removed | Inserted |   Pins
          |           | Buffers | Buffers  | Remaining
-------------------------------------------------------
        0 |     +0.0% |       0 |        0 |       314
       31 |     +0.0% |       0 |        0 |       283
       62 |     +0.0% |       0 |        0 |       252
       93 |     +2.1% |       0 |        8 |       221
      124 |     +3.2% |       0 |       13 |       190
      155 |     +4.2% |       0 |       18 |       159
      186 |     +5.5% |       0 |       24 |       128
      217 |     +7.2% |       0 |       32 |        97
      248 |     +7.8% |       0 |       35 |        66
      279 |    +11.4% |       0 |       52 |        35
      310 |    +11.4% |       0 |       52 |         4
    final |    +11.4% |       0 |       52 |         0
-------------------------------------------------------
[INFO GPL-0106] Timing-driven: worst slack -3.7482517e-11
[INFO GPL-0107] Timing-driven: repair_design delta area: 4.724 um^2 (+10.87%)
[INFO GPL-0108] Timing-driven: repair_design, gpl delta gcells: 52 (+16.56%)
[INFO GPL-0109] Timing-driven: repair_design, gcells created: 52, deleted: 0
[INFO GPL-0110] Timing-driven: new target density: 0.4867347
[INFO GPL-0038] Routability snapshot saved at iter = 1
        0 |   0.5324 |  5.926510e+02 |          |           |      
Iteration | Overflow |     HPWL (um) |  HPWL(%) |   Penalty | Group
---------------------------------------------------------------
       10 |   0.5671 |  5.819540e+02 |  +10.03% |  5.49e-11 |      
       20 |   0.6031 |  5.762270e+02 |   -0.98% |  8.95e-11 |      
       30 |   0.6233 |  5.727740e+02 |   -0.60% |  1.46e-10 |      
       40 |   0.6233 |  5.722810e+02 |   -0.09% |  2.37e-10 |      
       50 |   0.6221 |  5.730830e+02 |   +0.14% |  3.87e-10 |      
       60 |   0.6197 |  5.740530e+02 |   +0.17% |  6.30e-10 |      
       70 |   0.6202 |  5.747160e+02 |   +0.12% |  1.03e-09 |      
       80 |   0.6207 |  5.747870e+02 |   +0.01% |  1.67e-09 |      
       90 |   0.6198 |  5.747860e+02 |   -0.00% |  2.72e-09 |      
      100 |   0.6173 |  5.748510e+02 |   +0.01% |  4.44e-09 |      
      110 |   0.6133 |  5.751680e+02 |   +0.06% |  7.23e-09 |      
      120 |   0.6082 |  5.759920e+02 |   +0.14% |  1.18e-08 |      
      130 |   0.6003 |  5.774690e+02 |   +0.26% |  1.92e-08 |      
      140 |   0.5900 |  5.794660e+02 |   +0.35% |  3.12e-08 |      
      150 |   0.5750 |  5.819280e+02 |   +0.42% |  5.09e-08 |      
      160 |   0.5555 |  5.859000e+02 |   +0.68% |  8.29e-08 |      
      170 |   0.5347 |  5.910080e+02 |   +0.87% |  1.35e-07 |      
      180 |   0.5196 |  5.986450e+02 |   +1.29% |  2.20e-07 |      
      190 |   0.4852 |  6.075730e+02 |   +1.49% |  3.58e-07 |      
      200 |   0.4474 |  6.137310e+02 |   +1.01% |  5.83e-07 |      
      210 |   0.4151 |  6.209590e+02 |   +1.18% |  9.50e-07 |      
      220 |   0.3763 |  6.312270e+02 |   +1.65% |  1.55e-06 |      
      230 |   0.3329 |  6.407530e+02 |   +1.51% |  2.47e-06 |      
      240 |   0.3003 |  6.467990e+02 |   +0.94% |  3.64e-06 |      
[INFO GPL-0040] Routability iteration: 1
[INFO GPL-0041] Total routing overflow: 0.0000
[INFO GPL-0042] Number of overflowed tiles: 0 (0.00%)
[INFO GPL-0043] Average top 0.5% routing congestion: 0.5373
[INFO GPL-0044] Average top 1.0% routing congestion: 0.5210
[INFO GPL-0045] Average top 2.0% routing congestion: 0.5057
[INFO GPL-0046] Average top 5.0% routing congestion: 0.4828
[INFO GPL-0047] Routability iteration weighted routing congestion: 0.5292
[INFO GPL-0050] Weighted routing congestion is lower than target routing congestion(1.0100), end routability optimization.
[INFO GPL-0090] Routability finished. Target routing congestion achieved succesfully.
Iteration | Overflow |     HPWL (um) |  HPWL(%) |   Penalty | Group
---------------------------------------------------------------
      250 |   0.2659 |  6.547280e+02 |   +1.23% |  5.36e-06 |      
      260 |   0.2379 |  6.629530e+02 |   +1.26% |  7.90e-06 |      
      270 |   0.2112 |  6.711020e+02 |   +1.23% |  1.16e-05 |      
[INFO GPL-0100] Timing-driven iteration 2/2, virtual: false.
[INFO GPL-0101]    Iter: 277, overflow: 0.194, keep resizer changes at: 1, HPWL: 673376
Iteration |   Area    | Resized | Buffers | Nets repaired | Remaining
---------------------------------------------------------------------
        0 |     +0.0% |       0 |       0 |             0 |       402
    final |     +0.0% |       0 |       0 |             0 |         0
---------------------------------------------------------------------
   Iter   |    Area   | Removed | Inserted |   Pins
          |           | Buffers | Buffers  | Remaining
-------------------------------------------------------
        0 |     +0.0% |       0 |        0 |       314
       31 |     +0.0% |       0 |        0 |       283
       62 |     +0.0% |       0 |        0 |       252
       93 |     -0.8% |       8 |        5 |       221
      124 |     -1.2% |      13 |        8 |       190
      155 |     -1.6% |      18 |       11 |       159
      186 |     -2.0% |      24 |       15 |       128
      217 |     -2.7% |      32 |       19 |        97
      248 |     -2.5% |      35 |       23 |        66
      279 |     -1.8% |      52 |       44 |        35
      310 |     -1.8% |      52 |       44 |         4
    final |     -1.8% |      52 |       44 |         0
-------------------------------------------------------
[INFO GPL-0106] Timing-driven: worst slack -3.773707e-11
[INFO GPL-0107] Timing-driven: repair_design delta area: -0.816 um^2 (-1.69%)
[INFO GPL-0108] Timing-driven: repair_design, gpl delta gcells: -8 (-2.19%)
[INFO GPL-0109] Timing-driven: repair_design, gcells created: 44, deleted: 52
[INFO GPL-0110] Timing-driven: new target density: 0.48038548
Iteration | Overflow |     HPWL (um) |  HPWL(%) |   Penalty | Group
---------------------------------------------------------------
      280 |   0.1847 |  6.647670e+02 |   -0.94% |  1.71e-05 |      
      290 |   0.1528 |  6.674440e+02 |   +0.40% |  2.53e-05 |      
      300 |   0.1322 |  6.665100e+02 |   -0.14% |  3.72e-05 |      
      310 |   0.1144 |  6.716130e+02 |   +0.77% |  5.48e-05 |      
      320 |   0.0975 |  6.764950e+02 |   +0.73% |  8.07e-05 |      
      320 |   0.0975 |  6.764950e+02 |          |  8.39e-05 |      
---------------------------------------------------------------
[INFO GPL-1001] Global placement finished at iteration 320
[INFO GPL-1017] Routability mode iteration count: 240
[INFO GPL-1005] Routability final weighted congestion: 0.5166
[INFO GPL-1002] Placed Cell Area               47.3594
[INFO GPL-1003] Available Free Area           128.5956
[INFO GPL-1004] Minimum Feasible Density        0.3400 (cell_area / free_area)
[INFO GPL-1006]   Suggested Target Densities:
[INFO GPL-1007]     - For 90% usage of free space: 0.4092
[INFO GPL-1008]     - For 80% usage of free space: 0.4604
[INFO GPL-1009]     - For 50% usage of free space: 0.7366
[INFO GPL-1011] Original area (um^2): 43.45
[INFO GPL-1012] Total routability artificial inflation: 0.00 (+0.00%)
[INFO GPL-1013] Total timing-driven delta area: 3.91 (+8.99%)
[INFO GPL-1014] Final placement area: 47.36 (+8.99%)
estimate_parasitics -placement
Report metrics stage 3, global place...

==========================================================================
global place report_design_area
--------------------------------------------------------------------------
Design area 45 um^2 35% utilization.
write_db ./results/asap7/gcd/ai_search_996c36c7e5702924/3_3_place_gp.odb
Elapsed time: 0:01.48[h:]min:sec. CPU time: user 1.39 sys 0.21 (108%). Peak memory: 335120KB.
Log                       Ext     Elapsed/s Peak Memory/MB sha1sum result [0:20)
3_3_place_gp              .odb            1            327 48efc317cc3bbe9ac79d
/root/ORFS/flow/scripts/flow.sh 3_4_place_resized resize
Running resize.tcl, stage 3_4_place_resized
source /root/ORFS/flow/platforms/asap7/liberty_suppressions.tcl
read_liberty /root/ORFS/flow/platforms/asap7/lib/NLDM/asap7sc7p5t_AO_RVT_FF_nldm_211120.lib.gz
read_liberty /root/ORFS/flow/platforms/asap7/lib/NLDM/asap7sc7p5t_INVBUF_RVT_FF_nldm_220122.lib.gz
read_liberty /root/ORFS/flow/platforms/asap7/lib/NLDM/asap7sc7p5t_OA_RVT_FF_nldm_211120.lib.gz
read_liberty /root/ORFS/flow/platforms/asap7/lib/NLDM/asap7sc7p5t_SIMPLE_RVT_FF_nldm_211120.lib.gz
read_liberty /root/ORFS/flow/platforms/asap7/lib/NLDM/asap7sc7p5t_SEQ_RVT_FF_nldm_220123.lib
read_db ./results/asap7/gcd/ai_search_996c36c7e5702924/3_3_place_gp.odb
read_sdc ./results/asap7/gcd/ai_search_996c36c7e5702924/2_floorplan.sdc
source /root/ORFS/flow/platforms/asap7/setRC.tcl
estimate_parasitics -placement
Perform buffer insertion and gate resizing...
repair_design -verbose
Iteration |   Area    | Resized | Buffers | Nets repaired | Remaining
---------------------------------------------------------------------
        0 |     +0.0% |       0 |       0 |             0 |       394
       10 |     +0.0% |       0 |       0 |             0 |       384
       20 |     +0.0% |       0 |       0 |             0 |       374
       30 |     +0.0% |       0 |       0 |             0 |       364
       40 |     +0.0% |       0 |       0 |             0 |       354
       50 |     +0.0% |       0 |       0 |             0 |       344
       60 |     +0.0% |       0 |       0 |             0 |       334
       70 |     +0.0% |       0 |       0 |             0 |       324
       80 |     +0.0% |       0 |       0 |             0 |       314
       90 |     +0.0% |       0 |       0 |             0 |       304
      100 |     +0.0% |       0 |       0 |             0 |       294
      110 |     +0.0% |       0 |       0 |             0 |       284
      120 |     +0.0% |       0 |       0 |             0 |       274
      130 |     +0.0% |       0 |       0 |             0 |       264
      140 |     +0.0% |       0 |       0 |             0 |       254
      150 |     +0.0% |       0 |       0 |             0 |       244
      160 |     +0.0% |       0 |       0 |             0 |       234
      170 |     +0.0% |       0 |       0 |             0 |       224
      180 |     +0.0% |       0 |       0 |             0 |       214
      190 |     +0.0% |       0 |       0 |             0 |       204
      200 |     +0.0% |       0 |       0 |             0 |       194
      210 |     +0.0% |       0 |       0 |             0 |       184
      220 |     +0.0% |       0 |       0 |             0 |       174
      230 |     +0.0% |       0 |       0 |             0 |       164
      240 |     +0.0% |       0 |       0 |             0 |       154
      250 |     +0.0% |       0 |       0 |             0 |       144
      260 |     +0.0% |       0 |       0 |             0 |       134
      270 |     +0.0% |       0 |       0 |             0 |       124
      280 |     +0.0% |       0 |       0 |             0 |       114
      290 |     +0.0% |       0 |       0 |             0 |       104
      300 |     +0.0% |       0 |       0 |             0 |        94
      310 |     +0.0% |       0 |       0 |             0 |        84
      320 |     +0.0% |       0 |       0 |             0 |        74
      330 |     +0.0% |       0 |       0 |             0 |        64
      340 |     +0.0% |       0 |       0 |             0 |        54
      350 |     +0.0% |       0 |       0 |             0 |        44
      360 |     +0.0% |       0 |       0 |             0 |        34
      370 |     +0.0% |       0 |       0 |             0 |        24
      380 |     +0.0% |       0 |       0 |             0 |        14
      390 |     +0.0% |       0 |       0 |             0 |         4
    final |     +0.0% |       0 |       0 |             0 |         0
---------------------------------------------------------------------
[INFO RSZ-0504] Runtime: 0.03s
Floating nets: 
Report metrics stage 3, resizer...

==========================================================================
resizer report_design_area
--------------------------------------------------------------------------
Design area 45 um^2 35% utilization.
Instance count before 442, after 442
Pin count before 1172, after 1172
write_db ./results/asap7/gcd/ai_search_996c36c7e5702924/3_4_place_resized.odb
Elapsed time: 0:01.25[h:]min:sec. CPU time: user 1.11 sys 0.16 (100%). Peak memory: 222996KB.
Log                       Ext     Elapsed/s Peak Memory/MB sha1sum result [0:20)
3_4_place_resized         .odb            1            217 48efc317cc3bbe9ac79d
/root/ORFS/flow/scripts/flow.sh 3_5_place_dp detail_place
Running detail_place.tcl, stage 3_5_place_dp
source /root/ORFS/flow/platforms/asap7/liberty_suppressions.tcl
read_liberty /root/ORFS/flow/platforms/asap7/lib/NLDM/asap7sc7p5t_AO_RVT_FF_nldm_211120.lib.gz
read_liberty /root/ORFS/flow/platforms/asap7/lib/NLDM/asap7sc7p5t_INVBUF_RVT_FF_nldm_220122.lib.gz
read_liberty /root/ORFS/flow/platforms/asap7/lib/NLDM/asap7sc7p5t_OA_RVT_FF_nldm_211120.lib.gz
read_liberty /root/ORFS/flow/platforms/asap7/lib/NLDM/asap7sc7p5t_SIMPLE_RVT_FF_nldm_211120.lib.gz
read_liberty /root/ORFS/flow/platforms/asap7/lib/NLDM/asap7sc7p5t_SEQ_RVT_FF_nldm_220123.lib
read_db ./results/asap7/gcd/ai_search_996c36c7e5702924/3_4_place_resized.odb
read_sdc ./results/asap7/gcd/ai_search_996c36c7e5702924/2_floorplan.sdc
source /root/ORFS/flow/platforms/asap7/setRC.tcl
detailed_placement
[INFO DPL-0006] Core area: 131.05 um^2
[INFO DPL-0007] Movable instances area: 42.79 um^2
[INFO DPL-0008] Fixed instances area within core: 2.45 um^2
[INFO DPL-0009] Utilization: 34.5%
[INFO DPL-0005] Diamond search max displacement: +/- 500 sites horizontally, +/- 100 rows vertically.
[INFO DPL-1102] Legalizing using negotiation legalizer.
[INFO DPL-1103] Negotiation base search window: +/-20 sites horizontally, +/-5 rows vertically 
	Automatic search window extension enabled.
	Search window extendable up to the max displacement cap of +/-500 sites, +/-100 rows near walls.
[INFO DPL-1104] NegotiationLegalizer DRC penalty: 5.
[INFO DPL-0392] Negotiation cell height distribution (1 unique row-count(s)):
[INFO DPL-0393]   height 1 row(s): 442 cells
          |      Total |  Illegal |  Illegal
Iteration | Violations |    Cells |    Sites
---------------------------------------------
        0 |          0 |         0 |         0
Negotiation phase 1 converged at iteration 0.
[INFO DPL-0500] Runtime: 0.00s
Placement Analysis
---------------------------------
total displacement        101.4 u
average displacement        0.2 u
max displacement            1.0 u
original HPWL             678.9 u
legalized HPWL            741.8 u
delta HPWL                    9 %

improve_placement -max_displacement "5 1"
Detailed placement improvement.
[INFO DPL-0401] Setting random seed to 1.
[INFO DPL-0402] Setting maximum displacement 5 1 to 1350 270 units.
[INFO DPL-0320] Collected 138 fixed cells.
[INFO DPL-0318] Collected 358 single height cells.
[INFO DPL-0321] Collected 0 wide cells.
[INFO DPL-0322] Image (540, 540) - (12096, 11880)
[INFO DPL-0310] Assigned 358 cells into segments.  Movement in X-direction is 0.000000, movement in Y-direction is 0.000000.
[INFO DPL-0313] Found 0 cells in wrong regions.
[INFO DPL-0315] Found 0 row alignment problems.
[INFO DPL-0314] Found 0 site alignment problems.
[INFO DPL-0311] Found 0 overlaps between adjacent cells.
[INFO DPL-0312] Found 0 edge spacing violations and 0 padding violations.
[INFO DPL-0303] Running algorithm for independent set matching.
[INFO DPL-0300] Set matching objective is wirelength.
[INFO DPL-0301] Pass   1 of matching; objective is 7.405290e+05.
[INFO DPL-0302] End of matching; objective is 7.391660e+05, improvement is 0.18 percent.
[INFO DPL-0303] Running algorithm for global swaps.
[INFO DPL-0306] Pass   1 of global swaps; hpwl is 7.244370e+05.
[INFO DPL-0306] Pass   2 of global swaps; hpwl is 7.218620e+05.
[INFO DPL-0307] End of global swaps; objective is 7.218620e+05, improvement is 2.34 percent.
[INFO DPL-0303] Running algorithm for vertical swaps.
[INFO DPL-0308] Pass   1 of vertical swaps; hpwl is 7.202030e+05.
[INFO DPL-0309] End of vertical swaps; objective is 7.202030e+05, improvement is 0.23 percent.
[INFO DPL-0303] Running algorithm for reordering.
[INFO DPL-0304] Pass   1 of reordering; objective is 7.198120e+05.
[INFO DPL-0305] End of reordering; objective is 7.198120e+05, improvement is 0.05 percent.
[INFO DPL-0303] Running algorithm for random improvement.
[INFO DPL-0324] Random improver is using random generator.
[INFO DPL-0325] Random improver is using hpwl objective.
[INFO DPL-0326] Random improver cost string is (a).
[INFO DPL-0332] End of pass, Generator random called 7160 times.
[INFO DPL-0335] Generator random, Cumulative attempts 7160, swaps 653, moves  3092 since last reset.
[INFO DPL-0333] End of pass, Objective hpwl, Initial cost 7.198120e+05, Scratch cost 7.099040e+05, Incremental cost 7.099040e+05, Mismatch? N
[INFO DPL-0338] End of pass, Total cost is 7.099040e+05.
[INFO DPL-0327] Pass   1 of random improver; improvement in cost is 1.38 percent.
[INFO DPL-0332] End of pass, Generator random called 7160 times.
[INFO DPL-0335] Generator random, Cumulative attempts 14320, swaps 1311, moves  6128 since last reset.
[INFO DPL-0333] End of pass, Objective hpwl, Initial cost 7.099040e+05, Scratch cost 7.058930e+05, Incremental cost 7.058930e+05, Mismatch? N
[INFO DPL-0338] End of pass, Total cost is 7.058930e+05.
[INFO DPL-0327] Pass   2 of random improver; improvement in cost is 0.57 percent.
[INFO DPL-0328] End of random improver; improvement is 1.933699 percent.
[INFO DPL-0380] Cell flipping.
[INFO DPL-0382] Changed 0 cell orientations for row compatibility.
[INFO DPL-0383] Performed 116 cell flips.
[INFO DPL-0384] End of flipping; objective is 6.816400e+05, improvement is 3.44 percent.
[INFO DPL-0313] Found 0 cells in wrong regions.
[INFO DPL-0315] Found 0 row alignment problems.
[INFO DPL-0314] Found 0 site alignment problems.
[INFO DPL-0311] Found 0 overlaps between adjacent cells.
[INFO DPL-0312] Found 0 edge spacing violations and 0 padding violations.
Detailed Improvement Results
------------------------------------------
Original HPWL              741.8 u (     352.3,      389.5)
Final HPWL                 680.9 u (     322.5,      358.5)
Delta HPWL                  -8.2 % (      -8.5,       -8.0)

optimize_mirroring
[INFO DPL-0020] Mirrored 57 instances
[INFO DPL-0021] HPWL before             680.9 u
[INFO DPL-0022] HPWL after              680.5 u
[INFO DPL-0023] HPWL delta               -0.1 %
[INFO FLW-0012] Placement violations .
estimate_parasitics -placement
Report metrics stage 3, detailed place...

==========================================================================
detailed place report_design_area
--------------------------------------------------------------------------
Design area 45 um^2 35% utilization.
write_db ./results/asap7/gcd/ai_search_996c36c7e5702924/3_5_place_dp.odb
write_sdc -no_timestamp ./results/asap7/gcd/ai_search_996c36c7e5702924/3_place.sdc
Elapsed time: 0:01.14[h:]min:sec. CPU time: user 1.09 sys 0.06 (100%). Peak memory: 208816KB.
Log                       Ext     Elapsed/s Peak Memory/MB sha1sum result [0:20)
3_5_place_dp              .odb            1            203 c12473c978fee22c594f
cp ./results/asap7/gcd/ai_search_996c36c7e5702924/3_5_place_dp.odb ./results/asap7/gcd/ai_search_996c36c7e5702924/3_place.odb
make: Leaving directory '/root/ORFS/flow'
