OpenROAD 26Q3-1499-g46ab99414e 
Features included (+) or not (-): +GPU +GUI +Python
This program is licensed under the BSD-3 license. See the LICENSE file for details.
Components of this program may be licensed under more restrictive licenses which must be honored.
[INFO ORD-0030] Using 2 thread(s).
source /root/ORFS/flow/platforms/asap7/liberty_suppressions.tcl
read_liberty /root/ORFS/flow/platforms/asap7/lib/NLDM/asap7sc7p5t_AO_RVT_FF_nldm_211120.lib.gz
read_liberty /root/ORFS/flow/platforms/asap7/lib/NLDM/asap7sc7p5t_INVBUF_RVT_FF_nldm_220122.lib.gz
read_liberty /root/ORFS/flow/platforms/asap7/lib/NLDM/asap7sc7p5t_OA_RVT_FF_nldm_211120.lib.gz
read_liberty /root/ORFS/flow/platforms/asap7/lib/NLDM/asap7sc7p5t_SIMPLE_RVT_FF_nldm_211120.lib.gz
read_liberty /root/ORFS/flow/platforms/asap7/lib/NLDM/asap7sc7p5t_SEQ_RVT_FF_nldm_220123.lib
read_db ./results/asap7/int8_dw3x1/cnn_final_20260911/5_1_grt.odb
read_sdc ./results/asap7/int8_dw3x1/cnn_final_20260911/5_1_grt.sdc
source /root/ORFS/flow/platforms/asap7/setRC.tcl
detailed_route -output_drc ./reports/asap7/int8_dw3x1/cnn_final_20260911/5_route_drc.rpt -output_maze ./results/asap7/int8_dw3x1/cnn_final_20260911/maze.log -droute_end_iter 64 -verbose 1 -drc_report_iter_step 5
[INFO DRT-0149] Reading tech and libs.

Units:                1000
Number of layers:     21
Number of macros:     212
Number of vias:       14
Number of viarulegen: 11

[INFO DRT-0150] Reading design.
[WARNING DRT-0120] Large net net229 has 115 pins which may impact routing performance. Consider optimization.
[WARNING DRT-0120] Large net net231 has 102 pins which may impact routing performance. Consider optimization.

Design:                   int8_dw3x1
Die area:                 ( 0 0 ) ( 49129 49129 )
Number of track patterns: 32
Number of DEF vias:       0
Number of components:     6207
Number of terminals:      152
Number of snets:          2
Number of nets:           6634

[INFO DRT-0167] List of default vias:
  Layer V2
    default via: VIA23
  Layer V3
    default via: VIA34
  Layer V4
    default via: VIA45
  Layer V5
    default via: VIA56
  Layer V6
    default via: VIA67
  Layer V7
    default via: VIA78
  Layer V8
    default via: VIA89
  Layer V9
    default via: VIA9Pad
[INFO DRT-0162] Library cell analysis.
[INFO DRT-0163] Instance analysis.
[INFO DRT-0164] Number of unique instances = 166.
[INFO DRT-0168] Init region query.
[INFO DRT-0024]   Complete Active.
[INFO DRT-0024]   Complete V0.
[INFO DRT-0024]   Complete M1.
[INFO DRT-0024]   Complete V1.
[INFO DRT-0024]   Complete M2.
[INFO DRT-0024]   Complete V2.
[INFO DRT-0024]   Complete M3.
[INFO DRT-0024]   Complete V3.
[INFO DRT-0024]   Complete M4.
[INFO DRT-0024]   Complete V4.
[INFO DRT-0024]   Complete M5.
[INFO DRT-0024]   Complete V5.
[INFO DRT-0024]   Complete M6.
[INFO DRT-0024]   Complete V6.
[INFO DRT-0024]   Complete M7.
[INFO DRT-0024]   Complete V7.
[INFO DRT-0024]   Complete M8.
[INFO DRT-0024]   Complete V8.
[INFO DRT-0024]   Complete M9.
[INFO DRT-0024]   Complete V9.
[INFO DRT-0024]   Complete Pad.
[INFO DRT-0033] Active shape region query size = 0.
[INFO DRT-0033] V0 shape region query size = 0.
[INFO DRT-0033] M1 shape region query size = 102799.
[INFO DRT-0033] V1 shape region query size = 218574.
[INFO DRT-0033] M2 shape region query size = 5227.
[INFO DRT-0033] V2 shape region query size = 4509.
[INFO DRT-0033] M3 shape region query size = 4509.
[INFO DRT-0033] V3 shape region query size = 3006.
[INFO DRT-0033] M4 shape region query size = 3070.
[INFO DRT-0033] V4 shape region query size = 3006.
[INFO DRT-0033] M5 shape region query size = 1769.
[INFO DRT-0033] V5 shape region query size = 324.
[INFO DRT-0033] M6 shape region query size = 198.
[INFO DRT-0033] V6 shape region query size = 0.
[INFO DRT-0033] M7 shape region query size = 0.
[INFO DRT-0033] V7 shape region query size = 0.
[INFO DRT-0033] M8 shape region query size = 0.
[INFO DRT-0033] V8 shape region query size = 0.
[INFO DRT-0033] M9 shape region query size = 0.
[INFO DRT-0033] V9 shape region query size = 0.
[INFO DRT-0033] Pad shape region query size = 0.
[INFO DRT-0165] Start pin access.
[INFO DRT-0078]   Complete 964 pins.
[INFO DRT-0079]   Complete 100 unique inst patterns.
[INFO DRT-0081]   Complete 166 unique inst patterns.
[INFO DRT-0084]   Complete 3999 groups.
#scanned instances     = 6207
#unique  instances     = 166
#stdCellGenAp          = 4617
#stdCellValidPlanarAp  = 66
#stdCellValidViaAp     = 3846
#stdCellPinNoAp        = 0
#stdCellPinCnt         = 18390
#instTermValidViaApCnt = 0
#macroGenAp            = 0
#macroValidPlanarAp    = 0
#macroValidViaAp       = 0
#macroNoAp             = 0
[INFO DRT-0166] Complete pin access.
[INFO DRT-0267] cpu time = 00:00:51, elapsed time = 00:00:25, memory = 359.87 (MB), peak = 363.50 (MB)

[INFO DRT-0157] Number of guides:     44727

[INFO DRT-0169] Post process guides.
[INFO DRT-0176] GCELLGRID X 0 DO 86 STEP 570 ;
[INFO DRT-0177] GCELLGRID Y 0 DO 86 STEP 570 ;
[INFO DRT-0028]   Complete Active.
[INFO DRT-0028]   Complete V0.
[INFO DRT-0028]   Complete M1.
[INFO DRT-0028]   Complete V1.
[INFO DRT-0028]   Complete M2.
[INFO DRT-0028]   Complete V2.
[INFO DRT-0028]   Complete M3.
[INFO DRT-0028]   Complete V3.
[INFO DRT-0028]   Complete M4.
[INFO DRT-0028]   Complete V4.
[INFO DRT-0028]   Complete M5.
[INFO DRT-0028]   Complete V5.
[INFO DRT-0028]   Complete M6.
[INFO DRT-0028]   Complete V6.
[INFO DRT-0028]   Complete M7.
[INFO DRT-0028]   Complete V7.
[INFO DRT-0028]   Complete M8.
[INFO DRT-0028]   Complete V8.
[INFO DRT-0028]   Complete M9.
[INFO DRT-0028]   Complete V9.
[INFO DRT-0028]   Complete Pad.
[INFO DRT-0178] Init guide query.
[INFO DRT-0035]   Complete Active (guide).
[INFO DRT-0035]   Complete V0 (guide).
[INFO DRT-0035]   Complete M1 (guide).
[INFO DRT-0035]   Complete V1 (guide).
[INFO DRT-0035]   Complete M2 (guide).
[INFO DRT-0035]   Complete V2 (guide).
[INFO DRT-0035]   Complete M3 (guide).
[INFO DRT-0035]   Complete V3 (guide).
[INFO DRT-0035]   Complete M4 (guide).
[INFO DRT-0035]   Complete V4 (guide).
[INFO DRT-0035]   Complete M5 (guide).
[INFO DRT-0035]   Complete V5 (guide).
[INFO DRT-0035]   Complete M6 (guide).
[INFO DRT-0035]   Complete V6 (guide).
[INFO DRT-0035]   Complete M7 (guide).
[INFO DRT-0035]   Complete V7 (guide).
[INFO DRT-0035]   Complete M8 (guide).
[INFO DRT-0035]   Complete V8 (guide).
[INFO DRT-0035]   Complete M9 (guide).
[INFO DRT-0035]   Complete V9 (guide).
[INFO DRT-0035]   Complete Pad (guide).
[INFO DRT-0036] Active guide region query size = 0.
[INFO DRT-0036] V0 guide region query size = 0.
[INFO DRT-0036] M1 guide region query size = 14258.
[INFO DRT-0036] V1 guide region query size = 0.
[INFO DRT-0036] M2 guide region query size = 12630.
[INFO DRT-0036] V2 guide region query size = 0.
[INFO DRT-0036] M3 guide region query size = 6208.
[INFO DRT-0036] V3 guide region query size = 0.
[INFO DRT-0036] M4 guide region query size = 820.
[INFO DRT-0036] V4 guide region query size = 0.
[INFO DRT-0036] M5 guide region query size = 693.
[INFO DRT-0036] V5 guide region query size = 0.
[INFO DRT-0036] M6 guide region query size = 482.
[INFO DRT-0036] V6 guide region query size = 0.
[INFO DRT-0036] M7 guide region query size = 206.
[INFO DRT-0036] V7 guide region query size = 0.
[INFO DRT-0036] M8 guide region query size = 0.
[INFO DRT-0036] V8 guide region query size = 0.
[INFO DRT-0036] M9 guide region query size = 0.
[INFO DRT-0036] V9 guide region query size = 0.
[INFO DRT-0036] Pad guide region query size = 0.
[INFO DRT-0179] Init gr pin query.
[INFO DRT-0267] cpu time = 00:00:00, elapsed time = 00:00:00, memory = 375.46 (MB), peak = 375.01 (MB)
[INFO DRT-0245] skipped writing guide updates to database.
[INFO DRT-0181] Start track assignment.
[INFO DRT-0184] Done with 21365 vertical wires in 2 frboxes and 13932 horizontal wires in 2 frboxes.
[INFO DRT-0186] Done with 1619 vertical wires in 2 frboxes and 2557 horizontal wires in 2 frboxes.
[INFO DRT-0182] Complete track assignment.
[INFO DRT-0267] cpu time = 00:00:01, elapsed time = 00:00:00, memory = 455.61 (MB), peak = 455.29 (MB)
[INFO DRT-0187] Start routing data preparation.
[INFO DRT-0267] cpu time = 00:00:00, elapsed time = 00:00:00, memory = 455.61 (MB), peak = 455.29 (MB)
[INFO DRT-0194] Start detail routing.
[INFO DRT-0195] Start 0th optimization iteration.
    Completing 10% with 0 violations.
    elapsed time = 00:00:02, memory = 577.66 (MB).
    Completing 20% with 0 violations.
    elapsed time = 00:00:05, memory = 837.43 (MB).
    Completing 30% with 180 violations.
    elapsed time = 00:00:06, memory = 927.01 (MB).
    Completing 40% with 180 violations.
    elapsed time = 00:00:09, memory = 963.77 (MB).
    Completing 50% with 180 violations.
    elapsed time = 00:00:12, memory = 964.88 (MB).
    Completing 60% with 366 violations.
    elapsed time = 00:00:15, memory = 1004.64 (MB).
    Completing 70% with 366 violations.
    elapsed time = 00:00:19, memory = 1002.64 (MB).
    Completing 80% with 532 violations.
    elapsed time = 00:00:22, memory = 1037.07 (MB).
    Completing 90% with 532 violations.
    elapsed time = 00:00:28, memory = 1040.23 (MB).
    Completing 100% with 705 violations.
    elapsed time = 00:00:31, memory = 1067.17 (MB).
[INFO DRT-0199]   Number of violations = 981.
Viol/Layer          M1     M2     M3     V3     M4     M5     V5     M6     M7
CutSpcTbl            0      0      0      3      0      0      2      0      0
EOL                  0     24      3      0      0      0      0      0      0
Metal Spacing      299     14     44      0      0      0      0      0      0
Recheck              1    129     61      0     30     32      0     19      4
Short               81     21      7      0      0      1      1      5      0
eolKeepOut           0    189     11      0      0      0      0      0      0
[INFO DRT-0267] cpu time = 00:01:03, elapsed time = 00:00:32, memory = 1308.59 (MB), peak = 1308.00 (MB)
Total wire length = 14306 um.
Total wire length on LAYER M1 = 0 um.
Total wire length on LAYER M2 = 5652 um.
Total wire length on LAYER M3 = 7057 um.
Total wire length on LAYER M4 = 820 um.
Total wire length on LAYER M5 = 291 um.
Total wire length on LAYER M6 = 261 um.
Total wire length on LAYER M7 = 222 um.
Total wire length on LAYER M8 = 0 um.
Total wire length on LAYER M9 = 0 um.
Total wire length on LAYER Pad = 0 um.
Total number of vias = 44672.
Up-via summary (total 44672):

----------------
 Active        0
     M1    16648
     M2    24903
     M3     2047
     M4      538
     M5      322
     M6      214
     M7        0
     M8        0
     M9        0
----------------
       44672


[INFO DRT-0195] Start 1st optimization iteration.
    Completing 10% with 981 violations.
    elapsed time = 00:00:02, memory = 1308.64 (MB).
    Completing 20% with 981 violations.
    elapsed time = 00:00:07, memory = 1355.00 (MB).
    Completing 30% with 695 violations.
    elapsed time = 00:00:08, memory = 1331.21 (MB).
    Completing 40% with 695 violations.
    elapsed time = 00:00:12, memory = 1331.21 (MB).
    Completing 50% with 695 violations.
    elapsed time = 00:00:16, memory = 1376.82 (MB).
    Completing 60% with 468 violations.
    elapsed time = 00:00:19, memory = 1379.92 (MB).
    Completing 70% with 468 violations.
    elapsed time = 00:00:22, memory = 1331.21 (MB).
    Completing 80% with 272 violations.
    elapsed time = 00:00:25, memory = 1331.23 (MB).
    Completing 90% with 272 violations.
    elapsed time = 00:00:30, memory = 1379.51 (MB).
    Completing 100% with 79 violations.
    elapsed time = 00:00:34, memory = 1331.23 (MB).
[INFO DRT-0199]   Number of violations = 80.
Viol/Layer          M1     M2     M3     V3
CutSpcTbl            0      0      0      1
EOL                  0      4      0      0
Metal Spacing       24      1     10      0
Recheck              0      1      0      0
Short                7      2      3      0
eolKeepOut           0     27      0      0
[INFO DRT-0267] cpu time = 00:01:07, elapsed time = 00:00:34, memory = 1334.29 (MB), peak = 1381.77 (MB)
Total wire length = 14173 um.
Total wire length on LAYER M1 = 0 um.
Total wire length on LAYER M2 = 5602 um.
Total wire length on LAYER M3 = 7056 um.
Total wire length on LAYER M4 = 842 um.
Total wire length on LAYER M5 = 257 um.
Total wire length on LAYER M6 = 220 um.
Total wire length on LAYER M7 = 193 um.
Total wire length on LAYER M8 = 0 um.
Total wire length on LAYER M9 = 0 um.
Total wire length on LAYER Pad = 0 um.
Total number of vias = 43044.
Up-via summary (total 43044):

----------------
 Active        0
     M1    16638
     M2    23792
     M3     1852
     M4      405
     M5      207
     M6      150
     M7        0
     M8        0
     M9        0
----------------
       43044


[INFO DRT-0195] Start 2nd optimization iteration.
    Completing 10% with 80 violations.
    elapsed time = 00:00:00, memory = 1385.14 (MB).
    Completing 20% with 80 violations.
    elapsed time = 00:00:02, memory = 1334.29 (MB).
    Completing 30% with 54 violations.
    elapsed time = 00:00:03, memory = 1334.29 (MB).
    Completing 40% with 54 violations.
    elapsed time = 00:00:04, memory = 1334.29 (MB).
    Completing 50% with 54 violations.
    elapsed time = 00:00:05, memory = 1334.29 (MB).
    Completing 60% with 31 violations.
    elapsed time = 00:00:05, memory = 1334.29 (MB).
    Completing 70% with 31 violations.
    elapsed time = 00:00:06, memory = 1334.29 (MB).
    Completing 80% with 22 violations.
    elapsed time = 00:00:07, memory = 1334.29 (MB).
    Completing 90% with 22 violations.
    elapsed time = 00:00:08, memory = 1334.29 (MB).
    Completing 100% with 6 violations.
    elapsed time = 00:00:10, memory = 1334.29 (MB).
[INFO DRT-0199]   Number of violations = 6.
Viol/Layer          M2     M3
Metal Spacing        0      2
Short                1      0
eolKeepOut           3      0
[INFO DRT-0267] cpu time = 00:00:19, elapsed time = 00:00:10, memory = 1334.29 (MB), peak = 1384.48 (MB)
Total wire length = 14164 um.
Total wire length on LAYER M1 = 0 um.
Total wire length on LAYER M2 = 5614 um.
Total wire length on LAYER M3 = 7055 um.
Total wire length on LAYER M4 = 838 um.
Total wire length on LAYER M5 = 253 um.
Total wire length on LAYER M6 = 208 um.
Total wire length on LAYER M7 = 192 um.
Total wire length on LAYER M8 = 0 um.
Total wire length on LAYER M9 = 0 um.
Total wire length on LAYER Pad = 0 um.
Total number of vias = 42804.
Up-via summary (total 42804):

----------------
 Active        0
     M1    16637
     M2    23617
     M3     1821
     M4      390
     M5      193
     M6      146
     M7        0
     M8        0
     M9        0
----------------
       42804


[INFO DRT-0195] Start 3rd guides tiles iteration.
    Completing 10% with 6 violations.
    elapsed time = 00:00:00, memory = 1334.29 (MB).
    Completing 20% with 6 violations.
    elapsed time = 00:00:00, memory = 1334.29 (MB).
    Completing 40% with 6 violations.
    elapsed time = 00:00:00, memory = 1334.29 (MB).
    Completing 50% with 6 violations.
    elapsed time = 00:00:00, memory = 1334.29 (MB).
    Completing 70% with 0 violations.
    elapsed time = 00:00:00, memory = 1334.29 (MB).
    Completing 80% with 0 violations.
    elapsed time = 00:00:00, memory = 1334.29 (MB).
    Completing 100% with 0 violations.
    elapsed time = 00:00:00, memory = 1334.29 (MB).
[INFO DRT-0199]   Number of violations = 0.
[INFO DRT-0267] cpu time = 00:00:00, elapsed time = 00:00:00, memory = 1334.29 (MB), peak = 1384.48 (MB)
Total wire length = 14163 um.
Total wire length on LAYER M1 = 0 um.
Total wire length on LAYER M2 = 5610 um.
Total wire length on LAYER M3 = 7054 um.
Total wire length on LAYER M4 = 842 um.
Total wire length on LAYER M5 = 253 um.
Total wire length on LAYER M6 = 208 um.
Total wire length on LAYER M7 = 192 um.
Total wire length on LAYER M8 = 0 um.
Total wire length on LAYER M9 = 0 um.
Total wire length on LAYER Pad = 0 um.
Total number of vias = 42809.
Up-via summary (total 42809):

----------------
 Active        0
     M1    16637
     M2    23604
     M3     1839
     M4      390
     M5      193
     M6      146
     M7        0
     M8        0
     M9        0
----------------
       42809


[INFO DRT-0198] Complete detail routing.
Total wire length = 14163 um.
Total wire length on LAYER M1 = 0 um.
Total wire length on LAYER M2 = 5610 um.
Total wire length on LAYER M3 = 7054 um.
Total wire length on LAYER M4 = 842 um.
Total wire length on LAYER M5 = 253 um.
Total wire length on LAYER M6 = 208 um.
Total wire length on LAYER M7 = 192 um.
Total wire length on LAYER M8 = 0 um.
Total wire length on LAYER M9 = 0 um.
Total wire length on LAYER Pad = 0 um.
Total number of vias = 42809.
Up-via summary (total 42809):

----------------
 Active        0
     M1    16637
     M2    23604
     M3     1839
     M4      390
     M5      193
     M6      146
     M7        0
     M8        0
     M9        0
----------------
       42809


[INFO DRT-0267] cpu time = 00:02:30, elapsed time = 00:01:17, memory = 1334.41 (MB), peak = 1384.48 (MB)

[INFO DRT-0180] Post processing.
[INFO DRT-0501] Runtime: 104.22s
Took 104 seconds: detailed_route -output_drc ./reports/asap7/int8_dw3x1/cnn_final_20260911/5_route_drc.rpt -output_maze ./results/asap7/int8_dw3x1/cnn_final_20260911/maze.log -droute_end_iter 64 -verbose 1 -drc_report_iter_step 5
[WARNING GRT-0246] No diode with LEF class CORE ANTENNACELL found.
[INFO ANT-0002] Found 0 net violations.
[INFO ANT-0001] Found 0 pin violations.
[INFO ANT-0002] Found 0 net violations.
[INFO ANT-0001] Found 0 pin violations.
Design area 673 um^2 33% utilization.
write_db ./results/asap7/int8_dw3x1/cnn_final_20260911/5_2_route.odb
Elapsed time: 1:47.92[h:]min:sec. CPU time: user 207.50 sys 2.35 (194%). Peak memory: 1417704KB.
Log                       Ext     Elapsed/s Peak Memory/MB sha1sum result [0:20)
5_2_route                 .odb          107           1384 d2d0862da505da6faa58
