LIBERTY /root/ORFS/flow/platforms/asap7/lib/NLDM/asap7sc7p5t_AO_RVT_TT_nldm_211120.lib.gz
LIBERTY /root/ORFS/flow/platforms/asap7/lib/NLDM/asap7sc7p5t_INVBUF_RVT_TT_nldm_220122.lib.gz
LIBERTY /root/ORFS/flow/platforms/asap7/lib/NLDM/asap7sc7p5t_OA_RVT_TT_nldm_211120.lib.gz
LIBERTY /root/ORFS/flow/platforms/asap7/lib/NLDM/asap7sc7p5t_SIMPLE_RVT_TT_nldm_211120.lib.gz
Warning 1212: /root/ORFS/flow/platforms/asap7/lib/NLDM/asap7sc7p5t_SIMPLE_RVT_TT_nldm_211120.lib.gz line 13178, timing group from output port.
Warning 1212: /root/ORFS/flow/platforms/asap7/lib/NLDM/asap7sc7p5t_SIMPLE_RVT_TT_nldm_211120.lib.gz line 13211, timing group from output port.
Warning 1212: /root/ORFS/flow/platforms/asap7/lib/NLDM/asap7sc7p5t_SIMPLE_RVT_TT_nldm_211120.lib.gz line 13244, timing group from output port.
Warning 1212: /root/ORFS/flow/platforms/asap7/lib/NLDM/asap7sc7p5t_SIMPLE_RVT_TT_nldm_211120.lib.gz line 13277, timing group from output port.
Warning 1212: /root/ORFS/flow/platforms/asap7/lib/NLDM/asap7sc7p5t_SIMPLE_RVT_TT_nldm_211120.lib.gz line 13310, timing group from output port.
Warning 1212: /root/ORFS/flow/platforms/asap7/lib/NLDM/asap7sc7p5t_SIMPLE_RVT_TT_nldm_211120.lib.gz line 13343, timing group from output port.
Warning 1212: /root/ORFS/flow/platforms/asap7/lib/NLDM/asap7sc7p5t_SIMPLE_RVT_TT_nldm_211120.lib.gz line 13376, timing group from output port.
Warning 1212: /root/ORFS/flow/platforms/asap7/lib/NLDM/asap7sc7p5t_SIMPLE_RVT_TT_nldm_211120.lib.gz line 14772, timing group from output port.
Warning 1212: /root/ORFS/flow/platforms/asap7/lib/NLDM/asap7sc7p5t_SIMPLE_RVT_TT_nldm_211120.lib.gz line 14805, timing group from output port.
Warning 1212: /root/ORFS/flow/platforms/asap7/lib/NLDM/asap7sc7p5t_SIMPLE_RVT_TT_nldm_211120.lib.gz line 14838, timing group from output port.
LIBERTY /root/ORFS/flow/platforms/asap7/lib/NLDM/asap7sc7p5t_SEQ_RVT_TT_nldm_220123.lib
MODEL corner=TT period_ps=1000 setup_uncertainty_ps=150 hold_uncertainty_ps=30 RC=single_v4_extraction
METRIC setup_ws_ps -333.5308709222614
METRIC setup_tns_ps -891073.515426679
METRIC setup_endpoints 6135
METRIC hold_ws_ps 15.26961896365017
METRIC hold_tns_ps 0.0
METRIC hold_endpoints 0
METRIC slew_violations 379
METRIC cap_violations 0
FANOUT_CHECK_BEGIN
FANOUT_CHECK_END
Startpoint: ymod_f[4]$_DFFE_PN0P_
            (rising edge-triggered flip-flop clocked by core_clock)
Endpoint: shi1_q[2]$_DFF_P_
          (rising edge-triggered flip-flop clocked by core_clock)
Path Group: core_clock
Path Type: min

  Delay    Time   Description
---------------------------------------------------------
   0.00    0.00   clock core_clock (rise edge)
   0.00    0.00   clock source latency
   0.00    0.00 ^ clk (in)
  41.62   41.62 ^ wire77954/Y (BUFx16f_ASAP7_75t_R)
  46.65   88.27 ^ wire77953/Y (BUFx10_ASAP7_75t_R)
  41.13  129.40 ^ clkbuf_0_clk/Y (BUFx24_ASAP7_75t_R)
  23.73  153.13 ^ delaybuf_86_core_clock/Y (BUFx24_ASAP7_75t_R)
  22.20  175.33 ^ delaybuf_87_core_clock/Y (BUFx24_ASAP7_75t_R)
  22.20  197.53 ^ delaybuf_88_core_clock/Y (BUFx24_ASAP7_75t_R)
  22.19  219.72 ^ delaybuf_89_core_clock/Y (BUFx24_ASAP7_75t_R)
  22.21  241.93 ^ delaybuf_90_core_clock/Y (BUFx24_ASAP7_75t_R)
  22.22  264.15 ^ delaybuf_91_core_clock/Y (BUFx24_ASAP7_75t_R)
  22.20  286.35 ^ delaybuf_92_core_clock/Y (BUFx24_ASAP7_75t_R)
  22.27  308.62 ^ delaybuf_93_core_clock/Y (BUFx24_ASAP7_75t_R)
  23.00  331.62 ^ clkbuf_1_0_0_clk/Y (BUFx24_ASAP7_75t_R)
  27.39  359.01 ^ clkbuf_1_0_1_clk/Y (BUFx24_ASAP7_75t_R)
  27.29  386.30 ^ clkbuf_2_1_0_clk/Y (BUFx24_ASAP7_75t_R)
  25.16  411.46 ^ delaybuf_65_core_clock/Y (BUFx24_ASAP7_75t_R)
  22.34  433.80 ^ delaybuf_66_core_clock/Y (BUFx24_ASAP7_75t_R)
  22.40  456.20 ^ delaybuf_67_core_clock/Y (BUFx24_ASAP7_75t_R)
  22.47  478.67 ^ delaybuf_68_core_clock/Y (BUFx24_ASAP7_75t_R)
  22.39  501.06 ^ delaybuf_69_core_clock/Y (BUFx24_ASAP7_75t_R)
  22.39  523.46 ^ delaybuf_70_core_clock/Y (BUFx24_ASAP7_75t_R)
  23.68  547.13 ^ clkbuf_3_2_0_clk/Y (BUFx24_ASAP7_75t_R)
  29.49  576.62 ^ clkbuf_leaf_2_clk/Y (BUFx24_ASAP7_75t_R)
  20.34  596.96 ^ _792320_/GCLK (ICGx1_ASAP7_75t_R)
  27.13  624.09 ^ clkbuf_0__476593_/Y (BUFx24_ASAP7_75t_R)
  24.24  648.34 ^ clkbuf_1_1__f__476593_/Y (BUFx24_ASAP7_75t_R)
   1.03  649.37 ^ ymod_f[4]$_DFFE_PN0P_/CLK (DFFASRHQNx1_ASAP7_75t_R)
  79.36  728.73 ^ ymod_f[4]$_DFFE_PN0P_/QN (DFFASRHQNx1_ASAP7_75t_R)
  32.78  761.51 ^ hold83474/Y (BUFx2_ASAP7_75t_R)
   9.49  771.00 v _792219_/Y (OAI22x1_ASAP7_75t_R)
   0.07  771.07 v shi1_q[2]$_DFF_P_/D (DFFHQNx3_ASAP7_75t_R)
         771.07   data arrival time

   0.00    0.00   clock core_clock (rise edge)
   0.00    0.00   clock source latency
   0.00    0.00 ^ clk (in)
  43.13   43.13 ^ wire77954/Y (BUFx16f_ASAP7_75t_R)
  24.79   67.93 ^ delaybuf_94_core_clock/Y (BUFx24_ASAP7_75t_R)
  22.39   90.32 ^ delaybuf_95_core_clock/Y (BUFx24_ASAP7_75t_R)
  21.99  112.31 ^ delaybuf_96_core_clock/Y (BUFx24_ASAP7_75t_R)
  22.04  134.34 ^ delaybuf_97_core_clock/Y (BUFx24_ASAP7_75t_R)
  22.02  156.36 ^ delaybuf_98_core_clock/Y (BUFx24_ASAP7_75t_R)
  22.15  178.51 ^ delaybuf_99_core_clock/Y (BUFx24_ASAP7_75t_R)
  22.07  200.57 ^ delaybuf_100_core_clock/Y (BUFx24_ASAP7_75t_R)
  22.07  222.64 ^ delaybuf_101_core_clock/Y (BUFx24_ASAP7_75t_R)
  22.15  244.80 ^ delaybuf_102_core_clock/Y (BUFx24_ASAP7_75t_R)
  22.28  267.07 ^ delaybuf_103_core_clock/Y (BUFx24_ASAP7_75t_R)
  22.19  289.26 ^ delaybuf_104_core_clock/Y (BUFx24_ASAP7_75t_R)
  22.27  311.53 ^ delaybuf_105_core_clock/Y (BUFx24_ASAP7_75t_R)
  22.41  333.94 ^ delaybuf_106_core_clock/Y (BUFx24_ASAP7_75t_R)
  22.20  356.14 ^ delaybuf_107_core_clock/Y (BUFx24_ASAP7_75t_R)
  22.18  378.32 ^ delaybuf_108_core_clock/Y (BUFx24_ASAP7_75t_R)
  22.23  400.55 ^ delaybuf_109_core_clock/Y (BUFx24_ASAP7_75t_R)
  22.00  422.55 ^ delaybuf_110_core_clock/Y (BUFx24_ASAP7_75t_R)
  22.13  444.69 ^ delaybuf_111_core_clock/Y (BUFx24_ASAP7_75t_R)
  22.15  466.84 ^ delaybuf_112_core_clock/Y (BUFx24_ASAP7_75t_R)
  22.51  489.34 ^ delaybuf_113_core_clock/Y (BUFx24_ASAP7_75t_R)
  22.04  511.38 ^ delaybuf_114_core_clock/Y (BUFx24_ASAP7_75t_R)
  22.21  533.59 ^ delaybuf_115_core_clock/Y (BUFx24_ASAP7_75t_R)
  22.04  555.63 ^ delaybuf_116_core_clock/Y (BUFx24_ASAP7_75t_R)
  22.34  577.97 ^ clkbuf_regs_0_core_clock/Y (BUFx24_ASAP7_75t_R)
  24.17  602.14 ^ clkbuf_0_clk_regs/Y (BUFx24_ASAP7_75t_R)
  30.01  632.16 ^ clkbuf_1_0_0_clk_regs/Y (BUFx24_ASAP7_75t_R)
  36.81  668.96 ^ clkbuf_3_0_0_clk_regs/Y (BUFx24_ASAP7_75t_R)
  40.19  709.15 ^ clkbuf_leaf_88_clk_regs/Y (BUFx24_ASAP7_75t_R)
   1.89  711.04 ^ shi1_q[2]$_DFF_P_/CLK (DFFHQNx3_ASAP7_75t_R)
  30.00  741.04   clock uncertainty
  -1.51  739.52   clock reconvergence pessimism
  16.28  755.80   library hold time
         755.80   data required time
---------------------------------------------------------
         755.80   data required time
        -771.07   data arrival time
---------------------------------------------------------
          15.27   slack (MET)


Startpoint: ymod_f[5]$_DFFE_PN0P_
            (rising edge-triggered flip-flop clocked by core_clock)
Endpoint: shi2_q[2]$_DFF_P_
          (rising edge-triggered flip-flop clocked by core_clock)
Path Group: core_clock
Path Type: min

  Delay    Time   Description
---------------------------------------------------------
   0.00    0.00   clock core_clock (rise edge)
   0.00    0.00   clock source latency
   0.00    0.00 ^ clk (in)
  41.62   41.62 ^ wire77954/Y (BUFx16f_ASAP7_75t_R)
  46.65   88.27 ^ wire77953/Y (BUFx10_ASAP7_75t_R)
  41.13  129.40 ^ clkbuf_0_clk/Y (BUFx24_ASAP7_75t_R)
  23.73  153.13 ^ delaybuf_86_core_clock/Y (BUFx24_ASAP7_75t_R)
  22.20  175.33 ^ delaybuf_87_core_clock/Y (BUFx24_ASAP7_75t_R)
  22.20  197.53 ^ delaybuf_88_core_clock/Y (BUFx24_ASAP7_75t_R)
  22.19  219.72 ^ delaybuf_89_core_clock/Y (BUFx24_ASAP7_75t_R)
  22.21  241.93 ^ delaybuf_90_core_clock/Y (BUFx24_ASAP7_75t_R)
  22.22  264.15 ^ delaybuf_91_core_clock/Y (BUFx24_ASAP7_75t_R)
  22.20  286.35 ^ delaybuf_92_core_clock/Y (BUFx24_ASAP7_75t_R)
  22.27  308.62 ^ delaybuf_93_core_clock/Y (BUFx24_ASAP7_75t_R)
  23.00  331.62 ^ clkbuf_1_0_0_clk/Y (BUFx24_ASAP7_75t_R)
  27.39  359.01 ^ clkbuf_1_0_1_clk/Y (BUFx24_ASAP7_75t_R)
  27.29  386.30 ^ clkbuf_2_1_0_clk/Y (BUFx24_ASAP7_75t_R)
  25.16  411.46 ^ delaybuf_65_core_clock/Y (BUFx24_ASAP7_75t_R)
  22.34  433.80 ^ delaybuf_66_core_clock/Y (BUFx24_ASAP7_75t_R)
  22.40  456.20 ^ delaybuf_67_core_clock/Y (BUFx24_ASAP7_75t_R)
  22.47  478.67 ^ delaybuf_68_core_clock/Y (BUFx24_ASAP7_75t_R)
  22.39  501.06 ^ delaybuf_69_core_clock/Y (BUFx24_ASAP7_75t_R)
  22.39  523.46 ^ delaybuf_70_core_clock/Y (BUFx24_ASAP7_75t_R)
  23.68  547.13 ^ clkbuf_3_2_0_clk/Y (BUFx24_ASAP7_75t_R)
  29.49  576.62 ^ clkbuf_leaf_2_clk/Y (BUFx24_ASAP7_75t_R)
  20.34  596.96 ^ _792320_/GCLK (ICGx1_ASAP7_75t_R)
  27.13  624.09 ^ clkbuf_0__476593_/Y (BUFx24_ASAP7_75t_R)
  24.24  648.34 ^ clkbuf_1_1__f__476593_/Y (BUFx24_ASAP7_75t_R)
   1.07  649.41 ^ ymod_f[5]$_DFFE_PN0P_/CLK (DFFASRHQNx1_ASAP7_75t_R)
  65.81  715.21 v ymod_f[5]$_DFFE_PN0P_/QN (DFFASRHQNx1_ASAP7_75t_R)
  40.77  755.98 ^ _572706_/Y (INVx1_ASAP7_75t_R)
  20.05  776.03 v _792224_/Y (AOI21x1_ASAP7_75t_R)
   0.09  776.13 v shi2_q[2]$_DFF_P_/D (DFFHQNx3_ASAP7_75t_R)
         776.13   data arrival time

   0.00    0.00   clock core_clock (rise edge)
   0.00    0.00   clock source latency
   0.00    0.00 ^ clk (in)
  43.13   43.13 ^ wire77954/Y (BUFx16f_ASAP7_75t_R)
  24.79   67.93 ^ delaybuf_94_core_clock/Y (BUFx24_ASAP7_75t_R)
  22.39   90.32 ^ delaybuf_95_core_clock/Y (BUFx24_ASAP7_75t_R)
  21.99  112.31 ^ delaybuf_96_core_clock/Y (BUFx24_ASAP7_75t_R)
  22.04  134.34 ^ delaybuf_97_core_clock/Y (BUFx24_ASAP7_75t_R)
  22.02  156.36 ^ delaybuf_98_core_clock/Y (BUFx24_ASAP7_75t_R)
  22.15  178.51 ^ delaybuf_99_core_clock/Y (BUFx24_ASAP7_75t_R)
  22.07  200.57 ^ delaybuf_100_core_clock/Y (BUFx24_ASAP7_75t_R)
  22.07  222.64 ^ delaybuf_101_core_clock/Y (BUFx24_ASAP7_75t_R)
  22.15  244.80 ^ delaybuf_102_core_clock/Y (BUFx24_ASAP7_75t_R)
  22.28  267.07 ^ delaybuf_103_core_clock/Y (BUFx24_ASAP7_75t_R)
  22.19  289.26 ^ delaybuf_104_core_clock/Y (BUFx24_ASAP7_75t_R)
  22.27  311.53 ^ delaybuf_105_core_clock/Y (BUFx24_ASAP7_75t_R)
  22.41  333.94 ^ delaybuf_106_core_clock/Y (BUFx24_ASAP7_75t_R)
  22.20  356.14 ^ delaybuf_107_core_clock/Y (BUFx24_ASAP7_75t_R)
  22.18  378.32 ^ delaybuf_108_core_clock/Y (BUFx24_ASAP7_75t_R)
  22.23  400.55 ^ delaybuf_109_core_clock/Y (BUFx24_ASAP7_75t_R)
  22.00  422.55 ^ delaybuf_110_core_clock/Y (BUFx24_ASAP7_75t_R)
  22.13  444.69 ^ delaybuf_111_core_clock/Y (BUFx24_ASAP7_75t_R)
  22.15  466.84 ^ delaybuf_112_core_clock/Y (BUFx24_ASAP7_75t_R)
  22.51  489.34 ^ delaybuf_113_core_clock/Y (BUFx24_ASAP7_75t_R)
  22.04  511.38 ^ delaybuf_114_core_clock/Y (BUFx24_ASAP7_75t_R)
  22.21  533.59 ^ delaybuf_115_core_clock/Y (BUFx24_ASAP7_75t_R)
  22.04  555.63 ^ delaybuf_116_core_clock/Y (BUFx24_ASAP7_75t_R)
  22.34  577.97 ^ clkbuf_regs_0_core_clock/Y (BUFx24_ASAP7_75t_R)
  24.17  602.14 ^ clkbuf_0_clk_regs/Y (BUFx24_ASAP7_75t_R)
  30.01  632.16 ^ clkbuf_1_0_0_clk_regs/Y (BUFx24_ASAP7_75t_R)
  36.81  668.96 ^ clkbuf_3_0_0_clk_regs/Y (BUFx24_ASAP7_75t_R)
  40.19  709.15 ^ clkbuf_leaf_88_clk_regs/Y (BUFx24_ASAP7_75t_R)
   1.78  710.93 ^ shi2_q[2]$_DFF_P_/CLK (DFFHQNx3_ASAP7_75t_R)
  30.00  740.93   clock uncertainty
  -1.51  739.42   clock reconvergence pessimism
  16.22  755.64   library hold time
         755.64   data required time
---------------------------------------------------------
         755.64   data required time
        -776.13   data arrival time
---------------------------------------------------------
          20.48   slack (MET)


Startpoint: a_sym[24][5]$_DFFE_PN0P_
            (rising edge-triggered flip-flop clocked by core_clock)
Endpoint: cvlo1_q[37]$_DFF_P_
          (rising edge-triggered flip-flop clocked by core_clock)
Path Group: core_clock
Path Type: min

  Delay    Time   Description
---------------------------------------------------------
   0.00    0.00   clock core_clock (rise edge)
   0.00    0.00   clock source latency
   0.00    0.00 ^ clk (in)
  41.62   41.62 ^ wire77954/Y (BUFx16f_ASAP7_75t_R)
  46.65   88.27 ^ wire77953/Y (BUFx10_ASAP7_75t_R)
  41.13  129.40 ^ clkbuf_0_clk/Y (BUFx24_ASAP7_75t_R)
  23.73  153.13 ^ delaybuf_86_core_clock/Y (BUFx24_ASAP7_75t_R)
  22.20  175.33 ^ delaybuf_87_core_clock/Y (BUFx24_ASAP7_75t_R)
  22.20  197.53 ^ delaybuf_88_core_clock/Y (BUFx24_ASAP7_75t_R)
  22.19  219.72 ^ delaybuf_89_core_clock/Y (BUFx24_ASAP7_75t_R)
  22.21  241.93 ^ delaybuf_90_core_clock/Y (BUFx24_ASAP7_75t_R)
  22.22  264.15 ^ delaybuf_91_core_clock/Y (BUFx24_ASAP7_75t_R)
  22.20  286.35 ^ delaybuf_92_core_clock/Y (BUFx24_ASAP7_75t_R)
  22.27  308.62 ^ delaybuf_93_core_clock/Y (BUFx24_ASAP7_75t_R)
  23.00  331.62 ^ clkbuf_1_0_0_clk/Y (BUFx24_ASAP7_75t_R)
  27.39  359.01 ^ clkbuf_1_0_1_clk/Y (BUFx24_ASAP7_75t_R)
  27.29  386.30 ^ clkbuf_2_1_0_clk/Y (BUFx24_ASAP7_75t_R)
  29.13  415.44 ^ clkbuf_3_3_0_clk/Y (BUFx24_ASAP7_75t_R)
  38.85  454.28 ^ clkbuf_leaf_4_clk/Y (BUFx24_ASAP7_75t_R)
  22.91  477.20 ^ delaybuf_56_core_clock/Y (BUFx24_ASAP7_75t_R)
  21.92  499.12 ^ delaybuf_57_core_clock/Y (BUFx24_ASAP7_75t_R)
  22.87  521.99 ^ delaybuf_58_core_clock/Y (BUFx24_ASAP7_75t_R)
  24.26  546.25 ^ delaybuf_55_core_clock/Y (BUFx24_ASAP7_75t_R)
  19.91  566.16 ^ _792321_/GCLK (ICGx1_ASAP7_75t_R)
  30.11  596.27 ^ clkbuf_0__476594_/Y (BUFx24_ASAP7_75t_R)
  40.46  636.73 ^ clkbuf_4_7_0__476594_/Y (BUFx24_ASAP7_75t_R)
   0.30  637.03 ^ a_sym[24][5]$_DFFE_PN0P_/CLK (DFFASRHQNx1_ASAP7_75t_R)
  98.22  735.25 ^ a_sym[24][5]$_DFFE_PN0P_/QN (DFFASRHQNx1_ASAP7_75t_R)
  23.98  759.23 v _765628_/Y (OAI22x1_ASAP7_75t_R)
  20.15  779.38 v _765630_/Y (AO21x1_ASAP7_75t_R)
   0.02  779.40 v cvlo1_q[37]$_DFF_P_/D (DFFHQNx1_ASAP7_75t_R)
         779.40   data arrival time

   0.00    0.00   clock core_clock (rise edge)
   0.00    0.00   clock source latency
   0.00    0.00 ^ clk (in)
  43.13   43.13 ^ wire77954/Y (BUFx16f_ASAP7_75t_R)
  24.79   67.93 ^ delaybuf_94_core_clock/Y (BUFx24_ASAP7_75t_R)
  22.39   90.32 ^ delaybuf_95_core_clock/Y (BUFx24_ASAP7_75t_R)
  21.99  112.31 ^ delaybuf_96_core_clock/Y (BUFx24_ASAP7_75t_R)
  22.04  134.34 ^ delaybuf_97_core_clock/Y (BUFx24_ASAP7_75t_R)
  22.02  156.36 ^ delaybuf_98_core_clock/Y (BUFx24_ASAP7_75t_R)
  22.15  178.51 ^ delaybuf_99_core_clock/Y (BUFx24_ASAP7_75t_R)
  22.07  200.57 ^ delaybuf_100_core_clock/Y (BUFx24_ASAP7_75t_R)
  22.07  222.64 ^ delaybuf_101_core_clock/Y (BUFx24_ASAP7_75t_R)
  22.15  244.80 ^ delaybuf_102_core_clock/Y (BUFx24_ASAP7_75t_R)
  22.28  267.07 ^ delaybuf_103_core_clock/Y (BUFx24_ASAP7_75t_R)
  22.19  289.26 ^ delaybuf_104_core_clock/Y (BUFx24_ASAP7_75t_R)
  22.27  311.53 ^ delaybuf_105_core_clock/Y (BUFx24_ASAP7_75t_R)
  22.41  333.94 ^ delaybuf_106_core_clock/Y (BUFx24_ASAP7_75t_R)
  22.20  356.14 ^ delaybuf_107_core_clock/Y (BUFx24_ASAP7_75t_R)
  22.18  378.32 ^ delaybuf_108_core_clock/Y (BUFx24_ASAP7_75t_R)
  22.23  400.55 ^ delaybuf_109_core_clock/Y (BUFx24_ASAP7_75t_R)
  22.00  422.55 ^ delaybuf_110_core_clock/Y (BUFx24_ASAP7_75t_R)
  22.13  444.69 ^ delaybuf_111_core_clock/Y (BUFx24_ASAP7_75t_R)
  22.15  466.84 ^ delaybuf_112_core_clock/Y (BUFx24_ASAP7_75t_R)
  22.51  489.34 ^ delaybuf_113_core_clock/Y (BUFx24_ASAP7_75t_R)
  22.04  511.38 ^ delaybuf_114_core_clock/Y (BUFx24_ASAP7_75t_R)
  22.21  533.59 ^ delaybuf_115_core_clock/Y (BUFx24_ASAP7_75t_R)
  22.04  555.63 ^ delaybuf_116_core_clock/Y (BUFx24_ASAP7_75t_R)
  22.34  577.97 ^ clkbuf_regs_0_core_clock/Y (BUFx24_ASAP7_75t_R)
  24.17  602.14 ^ clkbuf_0_clk_regs/Y (BUFx24_ASAP7_75t_R)
  30.01  632.16 ^ clkbuf_1_0_0_clk_regs/Y (BUFx24_ASAP7_75t_R)
  34.97  667.13 ^ clkbuf_3_1_0_clk_regs/Y (BUFx24_ASAP7_75t_R)
  48.05  715.18 ^ clkbuf_leaf_1_clk_regs/Y (BUFx24_ASAP7_75t_R)
   1.29  716.47 ^ cvlo1_q[37]$_DFF_P_/CLK (DFFHQNx1_ASAP7_75t_R)
  30.00  746.47   clock uncertainty
  -1.51  744.96   clock reconvergence pessimism
  13.80  758.76   library hold time
         758.76   data required time
---------------------------------------------------------
         758.76   data required time
        -779.40   data arrival time
---------------------------------------------------------
          20.64   slack (MET)


Startpoint: out_pix_data[59]$_DFFE_PN0P_
            (rising edge-triggered flip-flop clocked by core_clock)
Endpoint: out_pix_data[59] (output port clocked by vclk_core_clock)
Path Group: vclk_core_clock
Path Type: min

  Delay    Time   Description
---------------------------------------------------------
   0.00    0.00   clock core_clock (rise edge)
   0.00    0.00   clock source latency
   0.00    0.00 ^ clk (in)
  41.62   41.62 ^ wire77954/Y (BUFx16f_ASAP7_75t_R)
  46.65   88.27 ^ wire77953/Y (BUFx10_ASAP7_75t_R)
  41.13  129.40 ^ clkbuf_0_clk/Y (BUFx24_ASAP7_75t_R)
  26.25  155.65 ^ clkbuf_1_1_0_clk/Y (BUFx24_ASAP7_75t_R)
  26.99  182.63 ^ clkbuf_1_1_1_clk/Y (BUFx24_ASAP7_75t_R)
  24.65  207.29 ^ delaybuf_50_core_clock/Y (BUFx24_ASAP7_75t_R)
  24.06  231.35 ^ clkbuf_2_3_0_clk/Y (BUFx24_ASAP7_75t_R)
  28.10  259.45 ^ clkbuf_3_6_0_clk/Y (BUFx24_ASAP7_75t_R)
  24.81  284.27 ^ delaybuf_16_core_clock/Y (BUFx24_ASAP7_75t_R)
  22.10  306.37 ^ delaybuf_17_core_clock/Y (BUFx24_ASAP7_75t_R)
  21.89  328.26 ^ delaybuf_18_core_clock/Y (BUFx24_ASAP7_75t_R)
  21.89  350.15 ^ delaybuf_19_core_clock/Y (BUFx24_ASAP7_75t_R)
  21.93  372.07 ^ delaybuf_20_core_clock/Y (BUFx24_ASAP7_75t_R)
  22.12  394.19 ^ delaybuf_21_core_clock/Y (BUFx24_ASAP7_75t_R)
  21.95  416.15 ^ delaybuf_22_core_clock/Y (BUFx24_ASAP7_75t_R)
  22.15  438.29 ^ delaybuf_23_core_clock/Y (BUFx24_ASAP7_75t_R)
  21.93  460.22 ^ delaybuf_24_core_clock/Y (BUFx24_ASAP7_75t_R)
  22.00  482.22 ^ delaybuf_25_core_clock/Y (BUFx24_ASAP7_75t_R)
  22.63  504.85 ^ clkbuf_leaf_8_clk/Y (BUFx24_ASAP7_75t_R)
  19.36  524.22 ^ _792307_/GCLK (ICGx1_ASAP7_75t_R)
  27.55  551.77 ^ clkbuf_0__476580_/Y (BUFx24_ASAP7_75t_R)
  27.39  579.15 ^ clkbuf_1_1_0__476580_/Y (BUFx24_ASAP7_75t_R)
  28.77  607.92 ^ clkbuf_2_3_0__476580_/Y (BUFx24_ASAP7_75t_R)
  28.91  636.83 ^ clkbuf_4_14_0__476580_/Y (BUFx24_ASAP7_75t_R)
   2.87  639.70 ^ out_pix_data[59]$_DFFE_PN0P_/CLK (DFFASRHQNx1_ASAP7_75t_R)
  53.85  693.55 ^ out_pix_data[59]$_DFFE_PN0P_/QN (DFFASRHQNx1_ASAP7_75t_R)
  34.40  727.96 v _773193_/Y (INVx1_ASAP7_75t_R)
  56.93  784.89 v wire18358/Y (BUFx6f_ASAP7_75t_R)
  13.98  798.87 v out_pix_data[59] (out)
         798.87   data arrival time

   0.00    0.00   clock vclk_core_clock (rise edge)
 800.00  800.00   clock network delay (ideal)
   0.00  800.00   clock reconvergence pessimism
-500.00  300.00   output external delay
         300.00   data required time
---------------------------------------------------------
         300.00   data required time
        -798.87   data arrival time
---------------------------------------------------------
         498.87   slack (MET)


Startpoint: out_pix_data[54]$_DFFE_PN0P_
            (rising edge-triggered flip-flop clocked by core_clock)
Endpoint: out_pix_data[54] (output port clocked by vclk_core_clock)
Path Group: vclk_core_clock
Path Type: min

  Delay    Time   Description
---------------------------------------------------------
   0.00    0.00   clock core_clock (rise edge)
   0.00    0.00   clock source latency
   0.00    0.00 ^ clk (in)
  41.62   41.62 ^ wire77954/Y (BUFx16f_ASAP7_75t_R)
  46.65   88.27 ^ wire77953/Y (BUFx10_ASAP7_75t_R)
  41.13  129.40 ^ clkbuf_0_clk/Y (BUFx24_ASAP7_75t_R)
  26.25  155.65 ^ clkbuf_1_1_0_clk/Y (BUFx24_ASAP7_75t_R)
  26.99  182.63 ^ clkbuf_1_1_1_clk/Y (BUFx24_ASAP7_75t_R)
  24.65  207.29 ^ delaybuf_50_core_clock/Y (BUFx24_ASAP7_75t_R)
  24.06  231.35 ^ clkbuf_2_3_0_clk/Y (BUFx24_ASAP7_75t_R)
  28.10  259.45 ^ clkbuf_3_6_0_clk/Y (BUFx24_ASAP7_75t_R)
  24.81  284.27 ^ delaybuf_16_core_clock/Y (BUFx24_ASAP7_75t_R)
  22.10  306.37 ^ delaybuf_17_core_clock/Y (BUFx24_ASAP7_75t_R)
  21.89  328.26 ^ delaybuf_18_core_clock/Y (BUFx24_ASAP7_75t_R)
  21.89  350.15 ^ delaybuf_19_core_clock/Y (BUFx24_ASAP7_75t_R)
  21.93  372.07 ^ delaybuf_20_core_clock/Y (BUFx24_ASAP7_75t_R)
  22.12  394.19 ^ delaybuf_21_core_clock/Y (BUFx24_ASAP7_75t_R)
  21.95  416.15 ^ delaybuf_22_core_clock/Y (BUFx24_ASAP7_75t_R)
  22.15  438.29 ^ delaybuf_23_core_clock/Y (BUFx24_ASAP7_75t_R)
  21.93  460.22 ^ delaybuf_24_core_clock/Y (BUFx24_ASAP7_75t_R)
  22.00  482.22 ^ delaybuf_25_core_clock/Y (BUFx24_ASAP7_75t_R)
  22.63  504.85 ^ clkbuf_leaf_8_clk/Y (BUFx24_ASAP7_75t_R)
  19.36  524.22 ^ _792307_/GCLK (ICGx1_ASAP7_75t_R)
  27.55  551.77 ^ clkbuf_0__476580_/Y (BUFx24_ASAP7_75t_R)
  27.39  579.15 ^ clkbuf_1_1_0__476580_/Y (BUFx24_ASAP7_75t_R)
  28.77  607.92 ^ clkbuf_2_3_0__476580_/Y (BUFx24_ASAP7_75t_R)
  28.91  636.83 ^ clkbuf_4_14_0__476580_/Y (BUFx24_ASAP7_75t_R)
   3.09  639.92 ^ out_pix_data[54]$_DFFE_PN0P_/CLK (DFFASRHQNx1_ASAP7_75t_R)
  54.08  694.00 ^ out_pix_data[54]$_DFFE_PN0P_/QN (DFFASRHQNx1_ASAP7_75t_R)
  33.28  727.28 v _773198_/Y (INVx1_ASAP7_75t_R)
  60.52  787.80 v wire18363/Y (BUFx6f_ASAP7_75t_R)
  13.61  801.41 v out_pix_data[54] (out)
         801.41   data arrival time

   0.00    0.00   clock vclk_core_clock (rise edge)
 800.00  800.00   clock network delay (ideal)
   0.00  800.00   clock reconvergence pessimism
-500.00  300.00   output external delay
         300.00   data required time
---------------------------------------------------------
         300.00   data required time
        -801.41   data arrival time
---------------------------------------------------------
         501.41   slack (MET)


Startpoint: out_pix_data[32]$_DFFE_PN0P_
            (rising edge-triggered flip-flop clocked by core_clock)
Endpoint: out_pix_data[32] (output port clocked by vclk_core_clock)
Path Group: vclk_core_clock
Path Type: min

  Delay    Time   Description
---------------------------------------------------------
   0.00    0.00   clock core_clock (rise edge)
   0.00    0.00   clock source latency
   0.00    0.00 ^ clk (in)
  41.62   41.62 ^ wire77954/Y (BUFx16f_ASAP7_75t_R)
  46.65   88.27 ^ wire77953/Y (BUFx10_ASAP7_75t_R)
  41.13  129.40 ^ clkbuf_0_clk/Y (BUFx24_ASAP7_75t_R)
  26.25  155.65 ^ clkbuf_1_1_0_clk/Y (BUFx24_ASAP7_75t_R)
  26.99  182.63 ^ clkbuf_1_1_1_clk/Y (BUFx24_ASAP7_75t_R)
  24.65  207.29 ^ delaybuf_50_core_clock/Y (BUFx24_ASAP7_75t_R)
  24.06  231.35 ^ clkbuf_2_3_0_clk/Y (BUFx24_ASAP7_75t_R)
  28.10  259.45 ^ clkbuf_3_6_0_clk/Y (BUFx24_ASAP7_75t_R)
  24.81  284.27 ^ delaybuf_16_core_clock/Y (BUFx24_ASAP7_75t_R)
  22.10  306.37 ^ delaybuf_17_core_clock/Y (BUFx24_ASAP7_75t_R)
  21.89  328.26 ^ delaybuf_18_core_clock/Y (BUFx24_ASAP7_75t_R)
  21.89  350.15 ^ delaybuf_19_core_clock/Y (BUFx24_ASAP7_75t_R)
  21.93  372.07 ^ delaybuf_20_core_clock/Y (BUFx24_ASAP7_75t_R)
  22.12  394.19 ^ delaybuf_21_core_clock/Y (BUFx24_ASAP7_75t_R)
  21.95  416.15 ^ delaybuf_22_core_clock/Y (BUFx24_ASAP7_75t_R)
  22.15  438.29 ^ delaybuf_23_core_clock/Y (BUFx24_ASAP7_75t_R)
  21.93  460.22 ^ delaybuf_24_core_clock/Y (BUFx24_ASAP7_75t_R)
  22.00  482.22 ^ delaybuf_25_core_clock/Y (BUFx24_ASAP7_75t_R)
  22.63  504.85 ^ clkbuf_leaf_8_clk/Y (BUFx24_ASAP7_75t_R)
  19.36  524.22 ^ _792307_/GCLK (ICGx1_ASAP7_75t_R)
  27.55  551.77 ^ clkbuf_0__476580_/Y (BUFx24_ASAP7_75t_R)
  27.39  579.15 ^ clkbuf_1_1_0__476580_/Y (BUFx24_ASAP7_75t_R)
  28.77  607.92 ^ clkbuf_2_3_0__476580_/Y (BUFx24_ASAP7_75t_R)
  28.98  636.90 ^ clkbuf_4_15_0__476580_/Y (BUFx24_ASAP7_75t_R)
   1.23  638.13 ^ out_pix_data[32]$_DFFE_PN0P_/CLK (DFFASRHQNx1_ASAP7_75t_R)
  52.12  690.25 ^ out_pix_data[32]$_DFFE_PN0P_/QN (DFFASRHQNx1_ASAP7_75t_R)
  36.47  726.73 v _773220_/Y (INVx1_ASAP7_75t_R)
  69.74  796.46 v wire18387/Y (BUFx6f_ASAP7_75t_R)
   8.00  804.46 v out_pix_data[32] (out)
         804.46   data arrival time

   0.00    0.00   clock vclk_core_clock (rise edge)
 800.00  800.00   clock network delay (ideal)
   0.00  800.00   clock reconvergence pessimism
-500.00  300.00   output external delay
         300.00   data required time
---------------------------------------------------------
         300.00   data required time
        -804.46   data arrival time
---------------------------------------------------------
         504.46   slack (MET)


Startpoint: m_addr[6]$_DFFE_PN0P_
            (rising edge-triggered flip-flop clocked by core_clock)
Endpoint: mem_addr[105] (output port clocked by vclk_mem)
Path Group: vclk_mem
Path Type: min

  Delay    Time   Description
---------------------------------------------------------
   0.00    0.00   clock core_clock (rise edge)
   0.00    0.00   clock source latency
   0.00    0.00 ^ clk (in)
  41.62   41.62 ^ wire77954/Y (BUFx16f_ASAP7_75t_R)
  46.65   88.27 ^ wire77953/Y (BUFx10_ASAP7_75t_R)
  41.13  129.40 ^ clkbuf_0_clk/Y (BUFx24_ASAP7_75t_R)
  26.25  155.65 ^ clkbuf_1_1_0_clk/Y (BUFx24_ASAP7_75t_R)
  26.99  182.63 ^ clkbuf_1_1_1_clk/Y (BUFx24_ASAP7_75t_R)
  25.61  208.25 ^ clkbuf_2_2_0_clk/Y (BUFx24_ASAP7_75t_R)
  26.79  235.04 ^ clkbuf_3_5_0_clk/Y (BUFx24_ASAP7_75t_R)
  28.82  263.86 ^ clkbuf_leaf_6_clk/Y (BUFx24_ASAP7_75t_R)
  23.04  286.91 ^ delaybuf_40_core_clock/Y (BUFx24_ASAP7_75t_R)
  23.65  310.56 ^ delaybuf_41_core_clock/Y (BUFx24_ASAP7_75t_R)
  25.91  336.47 ^ delaybuf_38_core_clock/Y (BUFx24_ASAP7_75t_R)
  23.67  360.14 ^ delaybuf_39_core_clock/Y (BUFx24_ASAP7_75t_R)
  21.18  381.32 ^ _792316_/GCLK (ICGx1_ASAP7_75t_R)
  28.46  409.78 ^ clkbuf_0__476589_/Y (BUFx24_ASAP7_75t_R)
  27.37  437.15 ^ clkbuf_1_0_0__476589_/Y (BUFx24_ASAP7_75t_R)
  29.58  466.73 ^ clkbuf_1_0_1__476589_/Y (BUFx24_ASAP7_75t_R)
  29.48  496.21 ^ clkbuf_2_0_0__476589_/Y (BUFx24_ASAP7_75t_R)
  28.51  524.72 ^ clkbuf_2_0_1__476589_/Y (BUFx24_ASAP7_75t_R)
  28.46  553.18 ^ clkbuf_3_0_0__476589_/Y (BUFx24_ASAP7_75t_R)
  29.83  583.01 ^ clkbuf_4_0_0__476589_/Y (BUFx24_ASAP7_75t_R)
  35.46  618.47 ^ clkbuf_leaf_36__476589_/Y (BUFx24_ASAP7_75t_R)
   1.57  620.04 ^ m_addr[6]$_DFFE_PN0P_/CLK (DFFASRHQNx1_ASAP7_75t_R)
  58.34  678.38 ^ m_addr[6]$_DFFE_PN0P_/QN (DFFASRHQNx1_ASAP7_75t_R)
  23.27  701.64 v _770756_/Y (INVx1_ASAP7_75t_R)
  26.08  727.72 v output9573/Y (BUFx2_ASAP7_75t_R)
   0.02  727.74 v mem_addr[105] (out)
         727.74   data arrival time

   0.00    0.00   clock vclk_mem (rise edge)
 800.00  800.00   clock network delay (ideal)
   0.00  800.00   clock reconvergence pessimism
-500.00  300.00   output external delay
         300.00   data required time
---------------------------------------------------------
         300.00   data required time
        -727.74   data arrival time
---------------------------------------------------------
         427.74   slack (MET)


Startpoint: m_addr[6]$_DFFE_PN0P_
            (rising edge-triggered flip-flop clocked by core_clock)
Endpoint: mem_addr[138] (output port clocked by vclk_mem)
Path Group: vclk_mem
Path Type: min

  Delay    Time   Description
---------------------------------------------------------
   0.00    0.00   clock core_clock (rise edge)
   0.00    0.00   clock source latency
   0.00    0.00 ^ clk (in)
  41.62   41.62 ^ wire77954/Y (BUFx16f_ASAP7_75t_R)
  46.65   88.27 ^ wire77953/Y (BUFx10_ASAP7_75t_R)
  41.13  129.40 ^ clkbuf_0_clk/Y (BUFx24_ASAP7_75t_R)
  26.25  155.65 ^ clkbuf_1_1_0_clk/Y (BUFx24_ASAP7_75t_R)
  26.99  182.63 ^ clkbuf_1_1_1_clk/Y (BUFx24_ASAP7_75t_R)
  25.61  208.25 ^ clkbuf_2_2_0_clk/Y (BUFx24_ASAP7_75t_R)
  26.79  235.04 ^ clkbuf_3_5_0_clk/Y (BUFx24_ASAP7_75t_R)
  28.82  263.86 ^ clkbuf_leaf_6_clk/Y (BUFx24_ASAP7_75t_R)
  23.04  286.91 ^ delaybuf_40_core_clock/Y (BUFx24_ASAP7_75t_R)
  23.65  310.56 ^ delaybuf_41_core_clock/Y (BUFx24_ASAP7_75t_R)
  25.91  336.47 ^ delaybuf_38_core_clock/Y (BUFx24_ASAP7_75t_R)
  23.67  360.14 ^ delaybuf_39_core_clock/Y (BUFx24_ASAP7_75t_R)
  21.18  381.32 ^ _792316_/GCLK (ICGx1_ASAP7_75t_R)
  28.46  409.78 ^ clkbuf_0__476589_/Y (BUFx24_ASAP7_75t_R)
  27.37  437.15 ^ clkbuf_1_0_0__476589_/Y (BUFx24_ASAP7_75t_R)
  29.58  466.73 ^ clkbuf_1_0_1__476589_/Y (BUFx24_ASAP7_75t_R)
  29.48  496.21 ^ clkbuf_2_0_0__476589_/Y (BUFx24_ASAP7_75t_R)
  28.51  524.72 ^ clkbuf_2_0_1__476589_/Y (BUFx24_ASAP7_75t_R)
  28.46  553.18 ^ clkbuf_3_0_0__476589_/Y (BUFx24_ASAP7_75t_R)
  29.83  583.01 ^ clkbuf_4_0_0__476589_/Y (BUFx24_ASAP7_75t_R)
  35.46  618.47 ^ clkbuf_leaf_36__476589_/Y (BUFx24_ASAP7_75t_R)
   1.57  620.04 ^ m_addr[6]$_DFFE_PN0P_/CLK (DFFASRHQNx1_ASAP7_75t_R)
  58.34  678.38 ^ m_addr[6]$_DFFE_PN0P_/QN (DFFASRHQNx1_ASAP7_75t_R)
  23.27  701.64 v _770756_/Y (INVx1_ASAP7_75t_R)
  26.20  727.84 v output9602/Y (BUFx2_ASAP7_75t_R)
   0.02  727.86 v mem_addr[138] (out)
         727.86   data arrival time

   0.00    0.00   clock vclk_mem (rise edge)
 800.00  800.00   clock network delay (ideal)
   0.00  800.00   clock reconvergence pessimism
-500.00  300.00   output external delay
         300.00   data required time
---------------------------------------------------------
         300.00   data required time
        -727.86   data arrival time
---------------------------------------------------------
         427.86   slack (MET)


Startpoint: m_addr[6]$_DFFE_PN0P_
            (rising edge-triggered flip-flop clocked by core_clock)
Endpoint: mem_addr[512] (output port clocked by vclk_mem)
Path Group: vclk_mem
Path Type: min

  Delay    Time   Description
---------------------------------------------------------
   0.00    0.00   clock core_clock (rise edge)
   0.00    0.00   clock source latency
   0.00    0.00 ^ clk (in)
  41.62   41.62 ^ wire77954/Y (BUFx16f_ASAP7_75t_R)
  46.65   88.27 ^ wire77953/Y (BUFx10_ASAP7_75t_R)
  41.13  129.40 ^ clkbuf_0_clk/Y (BUFx24_ASAP7_75t_R)
  26.25  155.65 ^ clkbuf_1_1_0_clk/Y (BUFx24_ASAP7_75t_R)
  26.99  182.63 ^ clkbuf_1_1_1_clk/Y (BUFx24_ASAP7_75t_R)
  25.61  208.25 ^ clkbuf_2_2_0_clk/Y (BUFx24_ASAP7_75t_R)
  26.79  235.04 ^ clkbuf_3_5_0_clk/Y (BUFx24_ASAP7_75t_R)
  28.82  263.86 ^ clkbuf_leaf_6_clk/Y (BUFx24_ASAP7_75t_R)
  23.04  286.91 ^ delaybuf_40_core_clock/Y (BUFx24_ASAP7_75t_R)
  23.65  310.56 ^ delaybuf_41_core_clock/Y (BUFx24_ASAP7_75t_R)
  25.91  336.47 ^ delaybuf_38_core_clock/Y (BUFx24_ASAP7_75t_R)
  23.67  360.14 ^ delaybuf_39_core_clock/Y (BUFx24_ASAP7_75t_R)
  21.18  381.32 ^ _792316_/GCLK (ICGx1_ASAP7_75t_R)
  28.46  409.78 ^ clkbuf_0__476589_/Y (BUFx24_ASAP7_75t_R)
  27.37  437.15 ^ clkbuf_1_0_0__476589_/Y (BUFx24_ASAP7_75t_R)
  29.58  466.73 ^ clkbuf_1_0_1__476589_/Y (BUFx24_ASAP7_75t_R)
  29.48  496.21 ^ clkbuf_2_0_0__476589_/Y (BUFx24_ASAP7_75t_R)
  28.51  524.72 ^ clkbuf_2_0_1__476589_/Y (BUFx24_ASAP7_75t_R)
  28.46  553.18 ^ clkbuf_3_0_0__476589_/Y (BUFx24_ASAP7_75t_R)
  29.83  583.01 ^ clkbuf_4_0_0__476589_/Y (BUFx24_ASAP7_75t_R)
  35.46  618.47 ^ clkbuf_leaf_36__476589_/Y (BUFx24_ASAP7_75t_R)
   1.57  620.04 ^ m_addr[6]$_DFFE_PN0P_/CLK (DFFASRHQNx1_ASAP7_75t_R)
  58.34  678.38 ^ m_addr[6]$_DFFE_PN0P_/QN (DFFASRHQNx1_ASAP7_75t_R)
  23.27  701.64 v _770756_/Y (INVx1_ASAP7_75t_R)
  26.30  727.94 v output9944/Y (BUFx2_ASAP7_75t_R)
   0.03  727.97 v mem_addr[512] (out)
         727.97   data arrival time

   0.00    0.00   clock vclk_mem (rise edge)
 800.00  800.00   clock network delay (ideal)
   0.00  800.00   clock reconvergence pessimism
-500.00  300.00   output external delay
         300.00   data required time
---------------------------------------------------------
         300.00   data required time
        -727.97   data arrival time
---------------------------------------------------------
         427.97   slack (MET)


Startpoint: c_d2[212]$_DFFE_PP_
            (rising edge-triggered flip-flop clocked by core_clock)
Endpoint: pair_q[13][18]$_DFFE_PP_
          (rising edge-triggered flip-flop clocked by core_clock)
Path Group: core_clock
Path Type: max

  Delay    Time   Description
---------------------------------------------------------
   0.00    0.00   clock core_clock (rise edge)
   0.00    0.00   clock source latency
   0.00    0.00 ^ clk (in)
  43.13   43.13 ^ wire77954/Y (BUFx16f_ASAP7_75t_R)
  47.66   90.80 ^ wire77953/Y (BUFx10_ASAP7_75t_R)
  42.80  133.60 ^ clkbuf_0_clk/Y (BUFx24_ASAP7_75t_R)
  27.05  160.65 ^ clkbuf_1_1_0_clk/Y (BUFx24_ASAP7_75t_R)
  27.87  188.53 ^ clkbuf_1_1_1_clk/Y (BUFx24_ASAP7_75t_R)
  26.49  215.02 ^ clkbuf_2_2_0_clk/Y (BUFx24_ASAP7_75t_R)
  27.69  242.71 ^ clkbuf_3_5_0_clk/Y (BUFx24_ASAP7_75t_R)
  29.89  272.60 ^ clkbuf_leaf_6_clk/Y (BUFx24_ASAP7_75t_R)
  23.54  296.15 ^ delaybuf_40_core_clock/Y (BUFx24_ASAP7_75t_R)
  24.10  320.25 ^ delaybuf_41_core_clock/Y (BUFx24_ASAP7_75t_R)
  26.72  346.97 ^ delaybuf_38_core_clock/Y (BUFx24_ASAP7_75t_R)
  24.23  371.21 ^ delaybuf_39_core_clock/Y (BUFx24_ASAP7_75t_R)
  23.94  395.14 ^ _792316_/GCLK (ICGx1_ASAP7_75t_R)
  30.50  425.64 ^ clkbuf_0__476589_/Y (BUFx24_ASAP7_75t_R)
  27.95  453.59 ^ clkbuf_1_1_0__476589_/Y (BUFx24_ASAP7_75t_R)
  28.73  482.32 ^ clkbuf_1_1_1__476589_/Y (BUFx24_ASAP7_75t_R)
  29.55  511.87 ^ clkbuf_2_3_0__476589_/Y (BUFx24_ASAP7_75t_R)
  29.52  541.40 ^ clkbuf_2_3_1__476589_/Y (BUFx24_ASAP7_75t_R)
  29.11  570.51 ^ clkbuf_3_7_0__476589_/Y (BUFx24_ASAP7_75t_R)
  33.22  603.73 ^ clkbuf_4_15_0__476589_/Y (BUFx24_ASAP7_75t_R)
  34.51  638.24 ^ clkbuf_leaf_8__476589_/Y (BUFx24_ASAP7_75t_R)
   2.03  640.27 ^ c_d2[212]$_DFFE_PP_/CLK (DFFHQNx3_ASAP7_75t_R)
  98.50  738.77 v c_d2[212]$_DFFE_PP_/QN (DFFHQNx3_ASAP7_75t_R)
  50.13  788.89 v place75217/Y (BUFx3_ASAP7_75t_R)
  53.68  842.58 v place75216/Y (BUFx6f_ASAP7_75t_R)
  61.85  904.43 v place75215/Y (BUFx6f_ASAP7_75t_R)
  82.42  986.85 v place75210/Y (BUFx3_ASAP7_75t_R)
  35.10 1021.95 v place75208/Y (BUFx3_ASAP7_75t_R)
  35.47 1057.42 ^ _672897_/Y (NOR2x1_ASAP7_75t_R)
  23.28 1080.70 v _831868_/CON (FAx1_ASAP7_75t_R)
  18.53 1099.23 ^ _831868_/SN (FAx1_ASAP7_75t_R)
  19.69 1118.92 v _573004_/Y (INVx1_ASAP7_75t_R)
  28.13 1147.05 ^ _831854_/CON (FAx1_ASAP7_75t_R)
  17.89 1164.94 v _831854_/SN (FAx1_ASAP7_75t_R)
  19.38 1184.31 ^ _562375_/Y (INVx1_ASAP7_75t_R)
  42.51 1226.83 v _831811_/SN (FAx1_ASAP7_75t_R)
  18.66 1245.48 ^ _572917_/Y (INVx1_ASAP7_75t_R)
  42.16 1287.65 v _831745_/SN (FAx1_ASAP7_75t_R)
  19.47 1307.11 ^ _563848_/Y (INVx1_ASAP7_75t_R)
  57.42 1364.53 v _831728_/SN (FAx1_ASAP7_75t_R)
  26.17 1390.70 ^ _515569_/Y (INVx1_ASAP7_75t_R)
  23.11 1413.81 v _831707_/CON (FAx1_ASAP7_75t_R)
  17.77 1431.58 ^ _831707_/SN (FAx1_ASAP7_75t_R)
  14.75 1446.34 v _512809_/Y (INVx1_ASAP7_75t_R)
  92.14 1538.48 v _874609_/SN (HAxp5_ASAP7_75t_R)
  45.24 1583.72 v _579334_/Y (OR2x2_ASAP7_75t_R)
  21.37 1605.09 v _579335_/Y (AO21x1_ASAP7_75t_R)
  30.72 1635.81 v _579336_/Y (OA31x2_ASAP7_75t_R)
  36.69 1672.50 v _579339_/Y (AO221x1_ASAP7_75t_R)
  27.82 1700.32 v _579340_/Y (OA21x2_ASAP7_75t_R)
  26.08 1726.41 v _579341_/Y (OA21x2_ASAP7_75t_R)
  24.38 1750.79 v _579342_/Y (OA21x2_ASAP7_75t_R)
  23.82 1774.61 v _579343_/Y (OA21x2_ASAP7_75t_R)
  28.01 1802.63 ^ _579344_/Y (XNOR2x2_ASAP7_75t_R)
   0.05 1802.68 ^ pair_q[13][18]$_DFFE_PP_/D (DFFHQNx1_ASAP7_75t_R)
        1802.68   data arrival time

1000.00 1000.00   clock core_clock (rise edge)
   0.00 1000.00   clock source latency
   0.00 1000.00 ^ clk (in)
  41.62 1041.62 ^ wire77954/Y (BUFx16f_ASAP7_75t_R)
  46.65 1088.27 ^ wire77953/Y (BUFx10_ASAP7_75t_R)
  41.13 1129.40 ^ clkbuf_0_clk/Y (BUFx24_ASAP7_75t_R)
  26.25 1155.65 ^ clkbuf_1_1_0_clk/Y (BUFx24_ASAP7_75t_R)
  26.99 1182.63 ^ clkbuf_1_1_1_clk/Y (BUFx24_ASAP7_75t_R)
  25.61 1208.25 ^ clkbuf_2_2_0_clk/Y (BUFx24_ASAP7_75t_R)
  26.79 1235.04 ^ clkbuf_3_5_0_clk/Y (BUFx24_ASAP7_75t_R)
  28.82 1263.86 ^ clkbuf_leaf_6_clk/Y (BUFx24_ASAP7_75t_R)
  21.40 1285.27 ^ _792304_/GCLK (ICGx1_ASAP7_75t_R)
  27.60 1312.87 ^ clkbuf_0__476577_/Y (BUFx24_ASAP7_75t_R)
  27.18 1340.04 ^ clkbuf_1_0_0__476577_/Y (BUFx24_ASAP7_75t_R)
  27.22 1367.26 ^ clkbuf_1_0_1__476577_/Y (BUFx24_ASAP7_75t_R)
  26.53 1393.79 ^ clkbuf_2_0_0__476577_/Y (BUFx24_ASAP7_75t_R)
  28.76 1422.55 ^ clkbuf_2_0_1__476577_/Y (BUFx24_ASAP7_75t_R)
  32.64 1455.19 ^ clkbuf_2_0_2__476577_/Y (BUFx24_ASAP7_75t_R)
  28.06 1483.26 ^ clkbuf_3_1_0__476577_/Y (BUFx24_ASAP7_75t_R)
  30.46 1513.72 ^ clkbuf_4_2_0__476577_/Y (BUFx24_ASAP7_75t_R)
  30.75 1544.47 ^ clkbuf_5_5_0__476577_/Y (BUFx24_ASAP7_75t_R)
  33.35 1577.81 ^ clkbuf_6_11_0__476577_/Y (BUFx24_ASAP7_75t_R)
  40.99 1618.80 ^ clkbuf_leaf_517__476577_/Y (BUFx24_ASAP7_75t_R)
   0.91 1619.71 ^ pair_q[13][18]$_DFFE_PP_/CLK (DFFHQNx1_ASAP7_75t_R)
-150.00 1469.71   clock uncertainty
   8.74 1478.46   clock reconvergence pessimism
  -9.30 1469.15   library setup time
        1469.15   data required time
---------------------------------------------------------
        1469.15   data required time
        -1802.68   data arrival time
---------------------------------------------------------
        -333.53   slack (VIOLATED)


Startpoint: c_d2[212]$_DFFE_PP_
            (rising edge-triggered flip-flop clocked by core_clock)
Endpoint: pair_q[13][17]$_DFFE_PP_
          (rising edge-triggered flip-flop clocked by core_clock)
Path Group: core_clock
Path Type: max

  Delay    Time   Description
---------------------------------------------------------
   0.00    0.00   clock core_clock (rise edge)
   0.00    0.00   clock source latency
   0.00    0.00 ^ clk (in)
  43.13   43.13 ^ wire77954/Y (BUFx16f_ASAP7_75t_R)
  47.66   90.80 ^ wire77953/Y (BUFx10_ASAP7_75t_R)
  42.80  133.60 ^ clkbuf_0_clk/Y (BUFx24_ASAP7_75t_R)
  27.05  160.65 ^ clkbuf_1_1_0_clk/Y (BUFx24_ASAP7_75t_R)
  27.87  188.53 ^ clkbuf_1_1_1_clk/Y (BUFx24_ASAP7_75t_R)
  26.49  215.02 ^ clkbuf_2_2_0_clk/Y (BUFx24_ASAP7_75t_R)
  27.69  242.71 ^ clkbuf_3_5_0_clk/Y (BUFx24_ASAP7_75t_R)
  29.89  272.60 ^ clkbuf_leaf_6_clk/Y (BUFx24_ASAP7_75t_R)
  23.54  296.15 ^ delaybuf_40_core_clock/Y (BUFx24_ASAP7_75t_R)
  24.10  320.25 ^ delaybuf_41_core_clock/Y (BUFx24_ASAP7_75t_R)
  26.72  346.97 ^ delaybuf_38_core_clock/Y (BUFx24_ASAP7_75t_R)
  24.23  371.21 ^ delaybuf_39_core_clock/Y (BUFx24_ASAP7_75t_R)
  23.94  395.14 ^ _792316_/GCLK (ICGx1_ASAP7_75t_R)
  30.50  425.64 ^ clkbuf_0__476589_/Y (BUFx24_ASAP7_75t_R)
  27.95  453.59 ^ clkbuf_1_1_0__476589_/Y (BUFx24_ASAP7_75t_R)
  28.73  482.32 ^ clkbuf_1_1_1__476589_/Y (BUFx24_ASAP7_75t_R)
  29.55  511.87 ^ clkbuf_2_3_0__476589_/Y (BUFx24_ASAP7_75t_R)
  29.52  541.40 ^ clkbuf_2_3_1__476589_/Y (BUFx24_ASAP7_75t_R)
  29.11  570.51 ^ clkbuf_3_7_0__476589_/Y (BUFx24_ASAP7_75t_R)
  33.22  603.73 ^ clkbuf_4_15_0__476589_/Y (BUFx24_ASAP7_75t_R)
  34.51  638.24 ^ clkbuf_leaf_8__476589_/Y (BUFx24_ASAP7_75t_R)
   2.03  640.27 ^ c_d2[212]$_DFFE_PP_/CLK (DFFHQNx3_ASAP7_75t_R)
  98.50  738.77 v c_d2[212]$_DFFE_PP_/QN (DFFHQNx3_ASAP7_75t_R)
  50.13  788.89 v place75217/Y (BUFx3_ASAP7_75t_R)
  53.68  842.58 v place75216/Y (BUFx6f_ASAP7_75t_R)
  61.85  904.43 v place75215/Y (BUFx6f_ASAP7_75t_R)
  82.42  986.85 v place75210/Y (BUFx3_ASAP7_75t_R)
  35.10 1021.95 v place75208/Y (BUFx3_ASAP7_75t_R)
  35.47 1057.42 ^ _672897_/Y (NOR2x1_ASAP7_75t_R)
  23.28 1080.70 v _831868_/CON (FAx1_ASAP7_75t_R)
  18.53 1099.23 ^ _831868_/SN (FAx1_ASAP7_75t_R)
  19.69 1118.92 v _573004_/Y (INVx1_ASAP7_75t_R)
  28.13 1147.05 ^ _831854_/CON (FAx1_ASAP7_75t_R)
  17.89 1164.94 v _831854_/SN (FAx1_ASAP7_75t_R)
  19.38 1184.31 ^ _562375_/Y (INVx1_ASAP7_75t_R)
  42.51 1226.83 v _831811_/SN (FAx1_ASAP7_75t_R)
  18.66 1245.48 ^ _572917_/Y (INVx1_ASAP7_75t_R)
  42.16 1287.65 v _831745_/SN (FAx1_ASAP7_75t_R)
  19.47 1307.11 ^ _563848_/Y (INVx1_ASAP7_75t_R)
  57.42 1364.53 v _831728_/SN (FAx1_ASAP7_75t_R)
  26.17 1390.70 ^ _515569_/Y (INVx1_ASAP7_75t_R)
  23.11 1413.81 v _831707_/CON (FAx1_ASAP7_75t_R)
  17.77 1431.58 ^ _831707_/SN (FAx1_ASAP7_75t_R)
  14.75 1446.34 v _512809_/Y (INVx1_ASAP7_75t_R)
  92.14 1538.48 v _874609_/SN (HAxp5_ASAP7_75t_R)
  51.19 1589.66 v _579350_/Y (OR3x1_ASAP7_75t_R)
  31.86 1621.52 v _579351_/Y (AO221x1_ASAP7_75t_R)
  23.86 1645.39 v _579353_/Y (AND3x1_ASAP7_75t_R)
  37.37 1682.76 v _579356_/Y (AO221x1_ASAP7_75t_R)
  29.51 1712.27 v _579359_/Y (OA21x2_ASAP7_75t_R)
  24.79 1737.06 v _579360_/Y (OA21x2_ASAP7_75t_R)
  24.27 1761.33 v _579361_/Y (OA21x2_ASAP7_75t_R)
  33.43 1794.76 ^ _579362_/Y (XOR2x2_ASAP7_75t_R)
   0.11 1794.88 ^ pair_q[13][17]$_DFFE_PP_/D (DFFHQNx1_ASAP7_75t_R)
        1794.88   data arrival time

1000.00 1000.00   clock core_clock (rise edge)
   0.00 1000.00   clock source latency
   0.00 1000.00 ^ clk (in)
  41.62 1041.62 ^ wire77954/Y (BUFx16f_ASAP7_75t_R)
  46.65 1088.27 ^ wire77953/Y (BUFx10_ASAP7_75t_R)
  41.13 1129.40 ^ clkbuf_0_clk/Y (BUFx24_ASAP7_75t_R)
  26.25 1155.65 ^ clkbuf_1_1_0_clk/Y (BUFx24_ASAP7_75t_R)
  26.99 1182.63 ^ clkbuf_1_1_1_clk/Y (BUFx24_ASAP7_75t_R)
  25.61 1208.25 ^ clkbuf_2_2_0_clk/Y (BUFx24_ASAP7_75t_R)
  26.79 1235.04 ^ clkbuf_3_5_0_clk/Y (BUFx24_ASAP7_75t_R)
  28.82 1263.86 ^ clkbuf_leaf_6_clk/Y (BUFx24_ASAP7_75t_R)
  21.40 1285.27 ^ _792304_/GCLK (ICGx1_ASAP7_75t_R)
  27.60 1312.87 ^ clkbuf_0__476577_/Y (BUFx24_ASAP7_75t_R)
  27.18 1340.04 ^ clkbuf_1_0_0__476577_/Y (BUFx24_ASAP7_75t_R)
  27.22 1367.26 ^ clkbuf_1_0_1__476577_/Y (BUFx24_ASAP7_75t_R)
  26.53 1393.79 ^ clkbuf_2_0_0__476577_/Y (BUFx24_ASAP7_75t_R)
  28.76 1422.55 ^ clkbuf_2_0_1__476577_/Y (BUFx24_ASAP7_75t_R)
  32.64 1455.19 ^ clkbuf_2_0_2__476577_/Y (BUFx24_ASAP7_75t_R)
  28.06 1483.26 ^ clkbuf_3_1_0__476577_/Y (BUFx24_ASAP7_75t_R)
  30.46 1513.72 ^ clkbuf_4_2_0__476577_/Y (BUFx24_ASAP7_75t_R)
  30.75 1544.47 ^ clkbuf_5_5_0__476577_/Y (BUFx24_ASAP7_75t_R)
  33.35 1577.81 ^ clkbuf_6_11_0__476577_/Y (BUFx24_ASAP7_75t_R)
  40.99 1618.80 ^ clkbuf_leaf_517__476577_/Y (BUFx24_ASAP7_75t_R)
   1.11 1619.91 ^ pair_q[13][17]$_DFFE_PP_/CLK (DFFHQNx1_ASAP7_75t_R)
-150.00 1469.91   clock uncertainty
   8.74 1478.65   clock reconvergence pessimism
  -9.56 1469.09   library setup time
        1469.09   data required time
---------------------------------------------------------
        1469.09   data required time
        -1794.88   data arrival time
---------------------------------------------------------
        -325.79   slack (VIOLATED)


Startpoint: c_d2[391]$_DFFE_PP_
            (rising edge-triggered flip-flop clocked by core_clock)
Endpoint: pair_q[299][17]$_DFFE_PP_
          (rising edge-triggered flip-flop clocked by core_clock)
Path Group: core_clock
Path Type: max

  Delay    Time   Description
---------------------------------------------------------
   0.00    0.00   clock core_clock (rise edge)
   0.00    0.00   clock source latency
   0.00    0.00 ^ clk (in)
  43.13   43.13 ^ wire77954/Y (BUFx16f_ASAP7_75t_R)
  47.66   90.80 ^ wire77953/Y (BUFx10_ASAP7_75t_R)
  42.80  133.60 ^ clkbuf_0_clk/Y (BUFx24_ASAP7_75t_R)
  27.05  160.65 ^ clkbuf_1_1_0_clk/Y (BUFx24_ASAP7_75t_R)
  27.87  188.53 ^ clkbuf_1_1_1_clk/Y (BUFx24_ASAP7_75t_R)
  26.49  215.02 ^ clkbuf_2_2_0_clk/Y (BUFx24_ASAP7_75t_R)
  27.69  242.71 ^ clkbuf_3_5_0_clk/Y (BUFx24_ASAP7_75t_R)
  29.89  272.60 ^ clkbuf_leaf_6_clk/Y (BUFx24_ASAP7_75t_R)
  23.54  296.15 ^ delaybuf_40_core_clock/Y (BUFx24_ASAP7_75t_R)
  24.10  320.25 ^ delaybuf_41_core_clock/Y (BUFx24_ASAP7_75t_R)
  26.72  346.97 ^ delaybuf_38_core_clock/Y (BUFx24_ASAP7_75t_R)
  24.23  371.21 ^ delaybuf_39_core_clock/Y (BUFx24_ASAP7_75t_R)
  23.94  395.14 ^ _792316_/GCLK (ICGx1_ASAP7_75t_R)
  30.50  425.64 ^ clkbuf_0__476589_/Y (BUFx24_ASAP7_75t_R)
  28.24  453.88 ^ clkbuf_1_0_0__476589_/Y (BUFx24_ASAP7_75t_R)
  30.43  484.31 ^ clkbuf_1_0_1__476589_/Y (BUFx24_ASAP7_75t_R)
  30.55  514.86 ^ clkbuf_2_0_0__476589_/Y (BUFx24_ASAP7_75t_R)
  29.38  544.24 ^ clkbuf_2_0_1__476589_/Y (BUFx24_ASAP7_75t_R)
  30.56  574.80 ^ clkbuf_3_1_0__476589_/Y (BUFx24_ASAP7_75t_R)
  32.42  607.22 ^ clkbuf_4_2_0__476589_/Y (BUFx24_ASAP7_75t_R)
  35.07  642.30 ^ clkbuf_leaf_23__476589_/Y (BUFx24_ASAP7_75t_R)
   1.68  643.97 ^ c_d2[391]$_DFFE_PP_/CLK (DFFHQNx3_ASAP7_75t_R)
  92.31  736.29 v c_d2[391]$_DFFE_PP_/QN (DFFHQNx3_ASAP7_75t_R)
  50.35  786.64 v place71328/Y (BUFx6f_ASAP7_75t_R)
  59.06  845.70 v place71327/Y (BUFx6f_ASAP7_75t_R)
  36.27  881.97 v place71326/Y (BUFx6f_ASAP7_75t_R)
  53.83  935.79 v place71325/Y (BUFx3_ASAP7_75t_R)
  60.80  996.59 v place71324/Y (BUFx6f_ASAP7_75t_R)
  40.89 1037.49 v place71323/Y (BUFx3_ASAP7_75t_R)
  19.73 1057.22 ^ _715177_/Y (NOR2x1_ASAP7_75t_R)
  44.09 1101.31 v _813728_/SN (FAx1_ASAP7_75t_R)
  21.10 1122.41 ^ _500564_/Y (INVx1_ASAP7_75t_R)
  44.57 1166.97 v _813708_/SN (FAx1_ASAP7_75t_R)
  19.22 1186.19 ^ _478385_/Y (INVx1_ASAP7_75t_R)
  42.08 1228.27 v _813638_/SN (FAx1_ASAP7_75t_R)
  20.07 1248.35 ^ _524879_/Y (INVx1_ASAP7_75t_R)
  56.62 1304.96 v _813622_/SN (FAx1_ASAP7_75t_R)
  25.68 1330.65 ^ _776184_/Y (INVx1_ASAP7_75t_R)
  44.28 1374.93 v _813606_/SN (FAx1_ASAP7_75t_R)
  19.66 1394.58 ^ _492811_/Y (INVx1_ASAP7_75t_R)
  21.95 1416.53 v _813591_/CON (FAx1_ASAP7_75t_R)
  17.81 1434.34 ^ _813591_/SN (FAx1_ASAP7_75t_R)
  14.40 1448.74 v _590244_/Y (INVx1_ASAP7_75t_R)
  30.93 1479.68 ^ _859453_/CON (HAxp5_ASAP7_75t_R)
  27.35 1507.03 v _859453_/SN (HAxp5_ASAP7_75t_R)
  33.45 1540.48 v _519896_/Y (AO21x1_ASAP7_75t_R)
  21.69 1562.17 v _519897_/Y (AND2x2_ASAP7_75t_R)
  25.05 1587.23 v _519901_/Y (OA31x2_ASAP7_75t_R)
  32.54 1619.77 v _519904_/Y (AO221x1_ASAP7_75t_R)
  27.09 1646.86 v _519907_/Y (OA21x2_ASAP7_75t_R)
  23.67 1670.53 v _519908_/Y (OA21x2_ASAP7_75t_R)
  24.00 1694.53 v _519909_/Y (OA21x2_ASAP7_75t_R)
  57.16 1751.68 ^ _519910_/Y (XOR2x2_ASAP7_75t_R)
   9.47 1761.16 ^ pair_q[299][17]$_DFFE_PP_/D (DFFHQNx1_ASAP7_75t_R)
        1761.16   data arrival time

1000.00 1000.00   clock core_clock (rise edge)
   0.00 1000.00   clock source latency
   0.00 1000.00 ^ clk (in)
  41.62 1041.62 ^ wire77954/Y (BUFx16f_ASAP7_75t_R)
  46.65 1088.27 ^ wire77953/Y (BUFx10_ASAP7_75t_R)
  41.13 1129.40 ^ clkbuf_0_clk/Y (BUFx24_ASAP7_75t_R)
  26.25 1155.65 ^ clkbuf_1_1_0_clk/Y (BUFx24_ASAP7_75t_R)
  26.99 1182.63 ^ clkbuf_1_1_1_clk/Y (BUFx24_ASAP7_75t_R)
  25.61 1208.25 ^ clkbuf_2_2_0_clk/Y (BUFx24_ASAP7_75t_R)
  26.79 1235.04 ^ clkbuf_3_5_0_clk/Y (BUFx24_ASAP7_75t_R)
  28.82 1263.86 ^ clkbuf_leaf_6_clk/Y (BUFx24_ASAP7_75t_R)
  21.40 1285.27 ^ _792304_/GCLK (ICGx1_ASAP7_75t_R)
  27.60 1312.87 ^ clkbuf_0__476577_/Y (BUFx24_ASAP7_75t_R)
  26.71 1339.57 ^ clkbuf_1_1_0__476577_/Y (BUFx24_ASAP7_75t_R)
  26.69 1366.26 ^ clkbuf_1_1_1__476577_/Y (BUFx24_ASAP7_75t_R)
  27.44 1393.70 ^ clkbuf_2_2_0__476577_/Y (BUFx24_ASAP7_75t_R)
  26.84 1420.54 ^ clkbuf_2_2_1__476577_/Y (BUFx24_ASAP7_75t_R)
  27.91 1448.45 ^ clkbuf_2_2_2__476577_/Y (BUFx24_ASAP7_75t_R)
  28.26 1476.71 ^ clkbuf_3_5_0__476577_/Y (BUFx24_ASAP7_75t_R)
  28.85 1505.56 ^ clkbuf_4_10_0__476577_/Y (BUFx24_ASAP7_75t_R)
  29.56 1535.12 ^ clkbuf_5_20_0__476577_/Y (BUFx24_ASAP7_75t_R)
  32.12 1567.24 ^ clkbuf_6_41_0__476577_/Y (BUFx24_ASAP7_75t_R)
  32.97 1600.21 ^ clkbuf_leaf_385__476577_/Y (BUFx24_ASAP7_75t_R)
   1.10 1601.31 ^ pair_q[299][17]$_DFFE_PP_/CLK (DFFHQNx1_ASAP7_75t_R)
-150.00 1451.31   clock uncertainty
   8.74 1460.05   clock reconvergence pessimism
 -19.67 1440.38   library setup time
        1440.38   data required time
---------------------------------------------------------
        1440.38   data required time
        -1761.16   data arrival time
---------------------------------------------------------
        -320.78   slack (VIOLATED)


Startpoint: out_pix_data[141]$_DFFE_PN0P_
            (rising edge-triggered flip-flop clocked by core_clock)
Endpoint: out_pix_data[141] (output port clocked by vclk_core_clock)
Path Group: vclk_core_clock
Path Type: max

  Delay    Time   Description
---------------------------------------------------------
   0.00    0.00   clock core_clock (rise edge)
   0.00    0.00   clock source latency
   0.00    0.00 ^ clk (in)
  43.13   43.13 ^ wire77954/Y (BUFx16f_ASAP7_75t_R)
  47.66   90.80 ^ wire77953/Y (BUFx10_ASAP7_75t_R)
  42.80  133.60 ^ clkbuf_0_clk/Y (BUFx24_ASAP7_75t_R)
  27.05  160.65 ^ clkbuf_1_1_0_clk/Y (BUFx24_ASAP7_75t_R)
  27.87  188.53 ^ clkbuf_1_1_1_clk/Y (BUFx24_ASAP7_75t_R)
  25.41  213.93 ^ delaybuf_50_core_clock/Y (BUFx24_ASAP7_75t_R)
  24.62  238.56 ^ clkbuf_2_3_0_clk/Y (BUFx24_ASAP7_75t_R)
  29.15  267.71 ^ clkbuf_3_6_0_clk/Y (BUFx24_ASAP7_75t_R)
  25.39  293.10 ^ delaybuf_16_core_clock/Y (BUFx24_ASAP7_75t_R)
  22.48  315.58 ^ delaybuf_17_core_clock/Y (BUFx24_ASAP7_75t_R)
  22.22  337.80 ^ delaybuf_18_core_clock/Y (BUFx24_ASAP7_75t_R)
  22.21  360.01 ^ delaybuf_19_core_clock/Y (BUFx24_ASAP7_75t_R)
  22.25  382.26 ^ delaybuf_20_core_clock/Y (BUFx24_ASAP7_75t_R)
  22.50  404.76 ^ delaybuf_21_core_clock/Y (BUFx24_ASAP7_75t_R)
  22.27  427.03 ^ delaybuf_22_core_clock/Y (BUFx24_ASAP7_75t_R)
  22.53  449.56 ^ delaybuf_23_core_clock/Y (BUFx24_ASAP7_75t_R)
  22.27  471.82 ^ delaybuf_24_core_clock/Y (BUFx24_ASAP7_75t_R)
  22.36  494.18 ^ delaybuf_25_core_clock/Y (BUFx24_ASAP7_75t_R)
  23.28  517.46 ^ clkbuf_leaf_8_clk/Y (BUFx24_ASAP7_75t_R)
  22.01  539.47 ^ _792307_/GCLK (ICGx1_ASAP7_75t_R)
  29.55  569.02 ^ clkbuf_0__476580_/Y (BUFx24_ASAP7_75t_R)
  28.77  597.79 ^ clkbuf_1_0_0__476580_/Y (BUFx24_ASAP7_75t_R)
  31.38  629.17 ^ clkbuf_2_1_0__476580_/Y (BUFx24_ASAP7_75t_R)
  35.26  664.43 ^ clkbuf_4_7_0__476580_/Y (BUFx24_ASAP7_75t_R)
   2.79  667.22 ^ out_pix_data[141]$_DFFE_PN0P_/CLK (DFFASRHQNx1_ASAP7_75t_R)
  57.66  724.88 v out_pix_data[141]$_DFFE_PN0P_/QN (DFFASRHQNx1_ASAP7_75t_R)
  66.20  791.08 ^ _773111_/Y (INVx1_ASAP7_75t_R)
 122.37  913.45 ^ place62148/Y (BUFx3_ASAP7_75t_R)
 126.84 1040.29 ^ wire18449/Y (BUFx12f_ASAP7_75t_R)
  25.95 1066.24 ^ out_pix_data[141] (out)
        1066.24   data arrival time

1000.00 1000.00   clock vclk_core_clock (rise edge)
 800.00 1800.00   clock network delay (ideal)
   0.00 1800.00   clock reconvergence pessimism
-200.00 1600.00   output external delay
        1600.00   data required time
---------------------------------------------------------
        1600.00   data required time
        -1066.24   data arrival time
---------------------------------------------------------
         533.76   slack (MET)


Startpoint: out_pix_data[21]$_DFFE_PN0P_
            (rising edge-triggered flip-flop clocked by core_clock)
Endpoint: out_pix_data[21] (output port clocked by vclk_core_clock)
Path Group: vclk_core_clock
Path Type: max

  Delay    Time   Description
---------------------------------------------------------
   0.00    0.00   clock core_clock (rise edge)
   0.00    0.00   clock source latency
   0.00    0.00 ^ clk (in)
  43.13   43.13 ^ wire77954/Y (BUFx16f_ASAP7_75t_R)
  47.66   90.80 ^ wire77953/Y (BUFx10_ASAP7_75t_R)
  42.80  133.60 ^ clkbuf_0_clk/Y (BUFx24_ASAP7_75t_R)
  27.05  160.65 ^ clkbuf_1_1_0_clk/Y (BUFx24_ASAP7_75t_R)
  27.87  188.53 ^ clkbuf_1_1_1_clk/Y (BUFx24_ASAP7_75t_R)
  25.41  213.93 ^ delaybuf_50_core_clock/Y (BUFx24_ASAP7_75t_R)
  24.62  238.56 ^ clkbuf_2_3_0_clk/Y (BUFx24_ASAP7_75t_R)
  29.15  267.71 ^ clkbuf_3_6_0_clk/Y (BUFx24_ASAP7_75t_R)
  25.39  293.10 ^ delaybuf_16_core_clock/Y (BUFx24_ASAP7_75t_R)
  22.48  315.58 ^ delaybuf_17_core_clock/Y (BUFx24_ASAP7_75t_R)
  22.22  337.80 ^ delaybuf_18_core_clock/Y (BUFx24_ASAP7_75t_R)
  22.21  360.01 ^ delaybuf_19_core_clock/Y (BUFx24_ASAP7_75t_R)
  22.25  382.26 ^ delaybuf_20_core_clock/Y (BUFx24_ASAP7_75t_R)
  22.50  404.76 ^ delaybuf_21_core_clock/Y (BUFx24_ASAP7_75t_R)
  22.27  427.03 ^ delaybuf_22_core_clock/Y (BUFx24_ASAP7_75t_R)
  22.53  449.56 ^ delaybuf_23_core_clock/Y (BUFx24_ASAP7_75t_R)
  22.27  471.82 ^ delaybuf_24_core_clock/Y (BUFx24_ASAP7_75t_R)
  22.36  494.18 ^ delaybuf_25_core_clock/Y (BUFx24_ASAP7_75t_R)
  23.28  517.46 ^ clkbuf_leaf_8_clk/Y (BUFx24_ASAP7_75t_R)
  22.01  539.47 ^ _792307_/GCLK (ICGx1_ASAP7_75t_R)
  29.55  569.02 ^ clkbuf_0__476580_/Y (BUFx24_ASAP7_75t_R)
  28.77  597.79 ^ clkbuf_1_0_0__476580_/Y (BUFx24_ASAP7_75t_R)
  31.38  629.17 ^ clkbuf_2_1_0__476580_/Y (BUFx24_ASAP7_75t_R)
  35.69  664.86 ^ clkbuf_4_4_0__476580_/Y (BUFx24_ASAP7_75t_R)
   4.47  669.34 ^ out_pix_data[21]$_DFFE_PN0P_/CLK (DFFASRHQNx1_ASAP7_75t_R)
  58.73  728.07 v out_pix_data[21]$_DFFE_PN0P_/QN (DFFASRHQNx1_ASAP7_75t_R)
  57.30  785.37 ^ _773231_/Y (INVx1_ASAP7_75t_R)
 112.33  897.70 ^ place62103/Y (BUFx3_ASAP7_75t_R)
 126.27 1023.97 ^ wire55417/Y (BUFx6f_ASAP7_75t_R)
   7.09 1031.06 ^ out_pix_data[21] (out)
        1031.06   data arrival time

1000.00 1000.00   clock vclk_core_clock (rise edge)
 800.00 1800.00   clock network delay (ideal)
   0.00 1800.00   clock reconvergence pessimism
-200.00 1600.00   output external delay
        1600.00   data required time
---------------------------------------------------------
        1600.00   data required time
        -1031.06   data arrival time
---------------------------------------------------------
         568.94   slack (MET)


Startpoint: out_pix_data[150]$_DFFE_PN0P_
            (rising edge-triggered flip-flop clocked by core_clock)
Endpoint: out_pix_data[150] (output port clocked by vclk_core_clock)
Path Group: vclk_core_clock
Path Type: max

  Delay    Time   Description
---------------------------------------------------------
   0.00    0.00   clock core_clock (rise edge)
   0.00    0.00   clock source latency
   0.00    0.00 ^ clk (in)
  43.13   43.13 ^ wire77954/Y (BUFx16f_ASAP7_75t_R)
  47.66   90.80 ^ wire77953/Y (BUFx10_ASAP7_75t_R)
  42.80  133.60 ^ clkbuf_0_clk/Y (BUFx24_ASAP7_75t_R)
  27.05  160.65 ^ clkbuf_1_1_0_clk/Y (BUFx24_ASAP7_75t_R)
  27.87  188.53 ^ clkbuf_1_1_1_clk/Y (BUFx24_ASAP7_75t_R)
  25.41  213.93 ^ delaybuf_50_core_clock/Y (BUFx24_ASAP7_75t_R)
  24.62  238.56 ^ clkbuf_2_3_0_clk/Y (BUFx24_ASAP7_75t_R)
  29.15  267.71 ^ clkbuf_3_6_0_clk/Y (BUFx24_ASAP7_75t_R)
  25.39  293.10 ^ delaybuf_16_core_clock/Y (BUFx24_ASAP7_75t_R)
  22.48  315.58 ^ delaybuf_17_core_clock/Y (BUFx24_ASAP7_75t_R)
  22.22  337.80 ^ delaybuf_18_core_clock/Y (BUFx24_ASAP7_75t_R)
  22.21  360.01 ^ delaybuf_19_core_clock/Y (BUFx24_ASAP7_75t_R)
  22.25  382.26 ^ delaybuf_20_core_clock/Y (BUFx24_ASAP7_75t_R)
  22.50  404.76 ^ delaybuf_21_core_clock/Y (BUFx24_ASAP7_75t_R)
  22.27  427.03 ^ delaybuf_22_core_clock/Y (BUFx24_ASAP7_75t_R)
  22.53  449.56 ^ delaybuf_23_core_clock/Y (BUFx24_ASAP7_75t_R)
  22.27  471.82 ^ delaybuf_24_core_clock/Y (BUFx24_ASAP7_75t_R)
  22.36  494.18 ^ delaybuf_25_core_clock/Y (BUFx24_ASAP7_75t_R)
  23.28  517.46 ^ clkbuf_leaf_8_clk/Y (BUFx24_ASAP7_75t_R)
  22.01  539.47 ^ _792307_/GCLK (ICGx1_ASAP7_75t_R)
  29.55  569.02 ^ clkbuf_0__476580_/Y (BUFx24_ASAP7_75t_R)
  28.77  597.79 ^ clkbuf_1_0_0__476580_/Y (BUFx24_ASAP7_75t_R)
  31.38  629.17 ^ clkbuf_2_1_0__476580_/Y (BUFx24_ASAP7_75t_R)
  35.22  664.39 ^ clkbuf_4_5_0__476580_/Y (BUFx24_ASAP7_75t_R)
   5.92  670.32 ^ out_pix_data[150]$_DFFE_PN0P_/CLK (DFFASRHQNx1_ASAP7_75t_R)
  59.47  729.79 v out_pix_data[150]$_DFFE_PN0P_/QN (DFFASRHQNx1_ASAP7_75t_R)
  51.85  781.64 ^ _773102_/Y (INVx1_ASAP7_75t_R)
  79.04  860.68 ^ place62160/Y (BUFx3_ASAP7_75t_R)
 118.00  978.68 ^ wire55401/Y (BUFx12_ASAP7_75t_R)
  33.87 1012.54 ^ out_pix_data[150] (out)
        1012.54   data arrival time

1000.00 1000.00   clock vclk_core_clock (rise edge)
 800.00 1800.00   clock network delay (ideal)
   0.00 1800.00   clock reconvergence pessimism
-200.00 1600.00   output external delay
        1600.00   data required time
---------------------------------------------------------
        1600.00   data required time
        -1012.54   data arrival time
---------------------------------------------------------
         587.46   slack (MET)


Startpoint: m_1h[4]$_DFFE_PN0P_
            (rising edge-triggered flip-flop clocked by core_clock)
Endpoint: mem_wdata[668] (output port clocked by vclk_mem)
Path Group: vclk_mem
Path Type: max

  Delay    Time   Description
---------------------------------------------------------
   0.00    0.00   clock core_clock (rise edge)
   0.00    0.00   clock source latency
   0.00    0.00 ^ clk (in)
  43.13   43.13 ^ wire77954/Y (BUFx16f_ASAP7_75t_R)
  47.66   90.80 ^ wire77953/Y (BUFx10_ASAP7_75t_R)
  42.80  133.60 ^ clkbuf_0_clk/Y (BUFx24_ASAP7_75t_R)
  27.05  160.65 ^ clkbuf_1_1_0_clk/Y (BUFx24_ASAP7_75t_R)
  27.87  188.53 ^ clkbuf_1_1_1_clk/Y (BUFx24_ASAP7_75t_R)
  26.49  215.02 ^ clkbuf_2_2_0_clk/Y (BUFx24_ASAP7_75t_R)
  27.69  242.71 ^ clkbuf_3_5_0_clk/Y (BUFx24_ASAP7_75t_R)
  29.89  272.60 ^ clkbuf_leaf_6_clk/Y (BUFx24_ASAP7_75t_R)
  23.54  296.15 ^ delaybuf_40_core_clock/Y (BUFx24_ASAP7_75t_R)
  24.10  320.25 ^ delaybuf_41_core_clock/Y (BUFx24_ASAP7_75t_R)
  26.72  346.97 ^ delaybuf_38_core_clock/Y (BUFx24_ASAP7_75t_R)
  24.23  371.21 ^ delaybuf_39_core_clock/Y (BUFx24_ASAP7_75t_R)
  23.94  395.14 ^ _792316_/GCLK (ICGx1_ASAP7_75t_R)
  30.50  425.64 ^ clkbuf_0__476589_/Y (BUFx24_ASAP7_75t_R)
  28.24  453.88 ^ clkbuf_1_0_0__476589_/Y (BUFx24_ASAP7_75t_R)
  30.43  484.31 ^ clkbuf_1_0_1__476589_/Y (BUFx24_ASAP7_75t_R)
  30.55  514.86 ^ clkbuf_2_0_0__476589_/Y (BUFx24_ASAP7_75t_R)
  29.38  544.24 ^ clkbuf_2_0_1__476589_/Y (BUFx24_ASAP7_75t_R)
  29.39  573.63 ^ clkbuf_3_0_0__476589_/Y (BUFx24_ASAP7_75t_R)
  30.29  603.91 ^ clkbuf_4_1_0__476589_/Y (BUFx24_ASAP7_75t_R)
  31.63  635.54 ^ clkbuf_leaf_28__476589_/Y (BUFx24_ASAP7_75t_R)
   1.84  637.38 ^ m_1h[4]$_DFFE_PN0P_/CLK (DFFASRHQNx1_ASAP7_75t_R)
 120.11  757.49 ^ m_1h[4]$_DFFE_PN0P_/QN (DFFASRHQNx1_ASAP7_75t_R)
  77.07  834.56 ^ place67158/Y (BUFx6f_ASAP7_75t_R)
  43.13  877.69 ^ place67157/Y (BUFx6f_ASAP7_75t_R)
  55.32  933.01 ^ place67156/Y (BUFx6f_ASAP7_75t_R)
  45.22  978.23 ^ place67155/Y (BUFx6f_ASAP7_75t_R)
  61.59 1039.82 ^ place67154/Y (BUFx3_ASAP7_75t_R)
  87.13 1126.95 ^ place67153/Y (BUFx3_ASAP7_75t_R)
  82.61 1209.56 ^ place67152/Y (BUFx3_ASAP7_75t_R)
  89.93 1299.49 ^ place67151/Y (BUFx3_ASAP7_75t_R)
 159.35 1458.84 ^ place67150/Y (BUFx3_ASAP7_75t_R)
 103.70 1562.54 ^ place67149/Y (BUFx3_ASAP7_75t_R)
  94.40 1656.94 ^ place67148/Y (BUFx3_ASAP7_75t_R)
  84.72 1741.66 v _750481_/Y (NOR2x1_ASAP7_75t_R)
  29.39 1771.06 v output16377/Y (BUFx2_ASAP7_75t_R)
   0.25 1771.31 v mem_wdata[668] (out)
        1771.31   data arrival time

1000.00 1000.00   clock vclk_mem (rise edge)
 800.00 1800.00   clock network delay (ideal)
   0.00 1800.00   clock reconvergence pessimism
-100.00 1700.00   output external delay
        1700.00   data required time
---------------------------------------------------------
        1700.00   data required time
        -1771.31   data arrival time
---------------------------------------------------------
         -71.31   slack (VIOLATED)


Startpoint: m_1h[4]$_DFFE_PN0P_
            (rising edge-triggered flip-flop clocked by core_clock)
Endpoint: mem_wdata[676] (output port clocked by vclk_mem)
Path Group: vclk_mem
Path Type: max

  Delay    Time   Description
---------------------------------------------------------
   0.00    0.00   clock core_clock (rise edge)
   0.00    0.00   clock source latency
   0.00    0.00 ^ clk (in)
  43.13   43.13 ^ wire77954/Y (BUFx16f_ASAP7_75t_R)
  47.66   90.80 ^ wire77953/Y (BUFx10_ASAP7_75t_R)
  42.80  133.60 ^ clkbuf_0_clk/Y (BUFx24_ASAP7_75t_R)
  27.05  160.65 ^ clkbuf_1_1_0_clk/Y (BUFx24_ASAP7_75t_R)
  27.87  188.53 ^ clkbuf_1_1_1_clk/Y (BUFx24_ASAP7_75t_R)
  26.49  215.02 ^ clkbuf_2_2_0_clk/Y (BUFx24_ASAP7_75t_R)
  27.69  242.71 ^ clkbuf_3_5_0_clk/Y (BUFx24_ASAP7_75t_R)
  29.89  272.60 ^ clkbuf_leaf_6_clk/Y (BUFx24_ASAP7_75t_R)
  23.54  296.15 ^ delaybuf_40_core_clock/Y (BUFx24_ASAP7_75t_R)
  24.10  320.25 ^ delaybuf_41_core_clock/Y (BUFx24_ASAP7_75t_R)
  26.72  346.97 ^ delaybuf_38_core_clock/Y (BUFx24_ASAP7_75t_R)
  24.23  371.21 ^ delaybuf_39_core_clock/Y (BUFx24_ASAP7_75t_R)
  23.94  395.14 ^ _792316_/GCLK (ICGx1_ASAP7_75t_R)
  30.50  425.64 ^ clkbuf_0__476589_/Y (BUFx24_ASAP7_75t_R)
  28.24  453.88 ^ clkbuf_1_0_0__476589_/Y (BUFx24_ASAP7_75t_R)
  30.43  484.31 ^ clkbuf_1_0_1__476589_/Y (BUFx24_ASAP7_75t_R)
  30.55  514.86 ^ clkbuf_2_0_0__476589_/Y (BUFx24_ASAP7_75t_R)
  29.38  544.24 ^ clkbuf_2_0_1__476589_/Y (BUFx24_ASAP7_75t_R)
  29.39  573.63 ^ clkbuf_3_0_0__476589_/Y (BUFx24_ASAP7_75t_R)
  30.29  603.91 ^ clkbuf_4_1_0__476589_/Y (BUFx24_ASAP7_75t_R)
  31.63  635.54 ^ clkbuf_leaf_28__476589_/Y (BUFx24_ASAP7_75t_R)
   1.84  637.38 ^ m_1h[4]$_DFFE_PN0P_/CLK (DFFASRHQNx1_ASAP7_75t_R)
 120.11  757.49 ^ m_1h[4]$_DFFE_PN0P_/QN (DFFASRHQNx1_ASAP7_75t_R)
  77.07  834.56 ^ place67158/Y (BUFx6f_ASAP7_75t_R)
  43.13  877.69 ^ place67157/Y (BUFx6f_ASAP7_75t_R)
  55.32  933.01 ^ place67156/Y (BUFx6f_ASAP7_75t_R)
  45.22  978.23 ^ place67155/Y (BUFx6f_ASAP7_75t_R)
  61.59 1039.82 ^ place67154/Y (BUFx3_ASAP7_75t_R)
  87.13 1126.95 ^ place67153/Y (BUFx3_ASAP7_75t_R)
  82.61 1209.56 ^ place67152/Y (BUFx3_ASAP7_75t_R)
  89.93 1299.49 ^ place67151/Y (BUFx3_ASAP7_75t_R)
 159.35 1458.84 ^ place67150/Y (BUFx3_ASAP7_75t_R)
 103.70 1562.54 ^ place67149/Y (BUFx3_ASAP7_75t_R)
  94.40 1656.94 ^ place67148/Y (BUFx3_ASAP7_75t_R)
  84.88 1741.82 v _750472_/Y (NOR2x1_ASAP7_75t_R)
  28.65 1770.47 v output16466/Y (BUFx2_ASAP7_75t_R)
   0.14 1770.61 v mem_wdata[676] (out)
        1770.61   data arrival time

1000.00 1000.00   clock vclk_mem (rise edge)
 800.00 1800.00   clock network delay (ideal)
   0.00 1800.00   clock reconvergence pessimism
-100.00 1700.00   output external delay
        1700.00   data required time
---------------------------------------------------------
        1700.00   data required time
        -1770.61   data arrival time
---------------------------------------------------------
         -70.61   slack (VIOLATED)


Startpoint: m_1h[4]$_DFFE_PN0P_
            (rising edge-triggered flip-flop clocked by core_clock)
Endpoint: mem_wdata[640] (output port clocked by vclk_mem)
Path Group: vclk_mem
Path Type: max

  Delay    Time   Description
---------------------------------------------------------
   0.00    0.00   clock core_clock (rise edge)
   0.00    0.00   clock source latency
   0.00    0.00 ^ clk (in)
  43.13   43.13 ^ wire77954/Y (BUFx16f_ASAP7_75t_R)
  47.66   90.80 ^ wire77953/Y (BUFx10_ASAP7_75t_R)
  42.80  133.60 ^ clkbuf_0_clk/Y (BUFx24_ASAP7_75t_R)
  27.05  160.65 ^ clkbuf_1_1_0_clk/Y (BUFx24_ASAP7_75t_R)
  27.87  188.53 ^ clkbuf_1_1_1_clk/Y (BUFx24_ASAP7_75t_R)
  26.49  215.02 ^ clkbuf_2_2_0_clk/Y (BUFx24_ASAP7_75t_R)
  27.69  242.71 ^ clkbuf_3_5_0_clk/Y (BUFx24_ASAP7_75t_R)
  29.89  272.60 ^ clkbuf_leaf_6_clk/Y (BUFx24_ASAP7_75t_R)
  23.54  296.15 ^ delaybuf_40_core_clock/Y (BUFx24_ASAP7_75t_R)
  24.10  320.25 ^ delaybuf_41_core_clock/Y (BUFx24_ASAP7_75t_R)
  26.72  346.97 ^ delaybuf_38_core_clock/Y (BUFx24_ASAP7_75t_R)
  24.23  371.21 ^ delaybuf_39_core_clock/Y (BUFx24_ASAP7_75t_R)
  23.94  395.14 ^ _792316_/GCLK (ICGx1_ASAP7_75t_R)
  30.50  425.64 ^ clkbuf_0__476589_/Y (BUFx24_ASAP7_75t_R)
  28.24  453.88 ^ clkbuf_1_0_0__476589_/Y (BUFx24_ASAP7_75t_R)
  30.43  484.31 ^ clkbuf_1_0_1__476589_/Y (BUFx24_ASAP7_75t_R)
  30.55  514.86 ^ clkbuf_2_0_0__476589_/Y (BUFx24_ASAP7_75t_R)
  29.38  544.24 ^ clkbuf_2_0_1__476589_/Y (BUFx24_ASAP7_75t_R)
  29.39  573.63 ^ clkbuf_3_0_0__476589_/Y (BUFx24_ASAP7_75t_R)
  30.29  603.91 ^ clkbuf_4_1_0__476589_/Y (BUFx24_ASAP7_75t_R)
  31.63  635.54 ^ clkbuf_leaf_28__476589_/Y (BUFx24_ASAP7_75t_R)
   1.84  637.38 ^ m_1h[4]$_DFFE_PN0P_/CLK (DFFASRHQNx1_ASAP7_75t_R)
 120.11  757.49 ^ m_1h[4]$_DFFE_PN0P_/QN (DFFASRHQNx1_ASAP7_75t_R)
  77.07  834.56 ^ place67158/Y (BUFx6f_ASAP7_75t_R)
  43.13  877.69 ^ place67157/Y (BUFx6f_ASAP7_75t_R)
  55.32  933.01 ^ place67156/Y (BUFx6f_ASAP7_75t_R)
  45.22  978.23 ^ place67155/Y (BUFx6f_ASAP7_75t_R)
  61.59 1039.82 ^ place67154/Y (BUFx3_ASAP7_75t_R)
  87.13 1126.95 ^ place67153/Y (BUFx3_ASAP7_75t_R)
  82.61 1209.56 ^ place67152/Y (BUFx3_ASAP7_75t_R)
  89.93 1299.49 ^ place67151/Y (BUFx3_ASAP7_75t_R)
 159.35 1458.84 ^ place67150/Y (BUFx3_ASAP7_75t_R)
 103.70 1562.54 ^ place67149/Y (BUFx3_ASAP7_75t_R)
  94.40 1656.94 ^ place67148/Y (BUFx3_ASAP7_75t_R)
  85.50 1742.44 v _750511_/Y (NOR2x1_ASAP7_75t_R)
  27.99 1770.42 v output16067/Y (BUFx2_ASAP7_75t_R)
   0.06 1770.49 v mem_wdata[640] (out)
        1770.49   data arrival time

1000.00 1000.00   clock vclk_mem (rise edge)
 800.00 1800.00   clock network delay (ideal)
   0.00 1800.00   clock reconvergence pessimism
-100.00 1700.00   output external delay
        1700.00   data required time
---------------------------------------------------------
        1700.00   data required time
        -1770.49   data arrival time
---------------------------------------------------------
         -70.49   slack (VIOLATED)


max slew

Pin                                    Limit    Slew   Slack
------------------------------------------------------------
place67700/A                          320.00  510.40 -190.40 (VIOLATED)
_747094_/B                            320.00  510.29 -190.29 (VIOLATED)
place67709/A                          320.00  479.08 -159.08 (VIOLATED)
_747095_/B                            320.00  478.99 -158.99 (VIOLATED)
place67878/A                          320.00  462.91 -142.91 (VIOLATED)
_741828_/A                            320.00  462.69 -142.69 (VIOLATED)
place77874/A                          320.00  430.94 -110.94 (VIOLATED)
m_ce[9]$_DFFE_PN0P_/RESETN            320.00  426.90 -106.90 (VIOLATED)
m_ce[8]$_DFFE_PN0P_/RESETN            320.00  417.90  -97.90 (VIOLATED)
place67472/A                          320.00  411.04  -91.04 (VIOLATED)
m_ce[2]$_DFFE_PN0P_/RESETN            320.00  410.91  -90.91 (VIOLATED)
place67427/A                          320.00  409.78  -89.78 (VIOLATED)
m_ce[3]$_DFFE_PN0P_/RESETN            320.00  407.18  -87.18 (VIOLATED)
place66912/A                          320.00  405.52  -85.52 (VIOLATED)
_746099_/B                            320.00  404.62  -84.62 (VIOLATED)
_746453_/B                            320.00  402.93  -82.93 (VIOLATED)
_744744_/B                            320.00  401.76  -81.76 (VIOLATED)
place68632/A                          320.00  401.75  -81.75 (VIOLATED)
_746630_/B                            320.00  401.38  -81.38 (VIOLATED)
m_ce[1]$_DFFE_PN0P_/RESETN            320.00  400.36  -80.36 (VIOLATED)
_746276_/B                            320.00  399.12  -79.12 (VIOLATED)
m_ce[6]$_DFFE_PN0P_/RESETN            320.00  395.65  -75.65 (VIOLATED)
place68568/A                          320.00  394.90  -74.90 (VIOLATED)
_742603_/B                            320.00  394.29  -74.29 (VIOLATED)
place68435/A                          320.00  391.71  -71.71 (VIOLATED)
place67123/A                          320.00  390.98  -70.98 (VIOLATED)
place67465/A                          320.00  389.14  -69.14 (VIOLATED)
_744699_/B                            320.00  388.35  -68.35 (VIOLATED)
place68388/A                          320.00  388.26  -68.26 (VIOLATED)
place68743/A                          320.00  388.15  -68.15 (VIOLATED)
_744755_/B                            320.00  387.82  -67.82 (VIOLATED)
_500299_/A                            320.00  386.83  -66.83 (VIOLATED)
_745922_/B                            320.00  380.06  -60.06 (VIOLATED)
_749765_/B                            320.00  379.65  -59.65 (VIOLATED)
place68264/A                          320.00  379.61  -59.61 (VIOLATED)
place67599/A                          320.00  378.65  -58.65 (VIOLATED)
_741959_/A                            320.00  377.82  -57.82 (VIOLATED)
m_ce[7]$_DFFE_PN0P_/RESETN            320.00  377.02  -57.02 (VIOLATED)
_741709_/A                            320.00  376.30  -56.30 (VIOLATED)
place69026/A                          320.00  376.26  -56.26 (VIOLATED)
_744867_/B                            320.00  375.76  -55.76 (VIOLATED)
place68245/A                          320.00  375.41  -55.41 (VIOLATED)
_744685_/B                            320.00  375.37  -55.37 (VIOLATED)
_750748_/B                            320.00  375.27  -55.27 (VIOLATED)
_746182_/B                            320.00  375.16  -55.16 (VIOLATED)
_477467_/A                            320.00  374.67  -54.67 (VIOLATED)
place68439/A                          320.00  374.24  -54.24 (VIOLATED)
_744553_/B                            320.00  374.19  -54.19 (VIOLATED)
place68520/A                          320.00  374.13  -54.13 (VIOLATED)
_744350_/B                            320.00  373.94  -53.94 (VIOLATED)
place67691/A                          320.00  373.88  -53.88 (VIOLATED)
_747093_/B                            320.00  373.79  -53.79 (VIOLATED)
_744784_/B                            320.00  373.14  -53.14 (VIOLATED)
place68543/A                          320.00  371.97  -51.97 (VIOLATED)
_744733_/B                            320.00  371.17  -51.17 (VIOLATED)
_745828_/B                            320.00  368.96  -48.96 (VIOLATED)
place68566/A                          320.00  366.66  -46.66 (VIOLATED)
_771622_/A                            320.00  363.83  -43.83 (VIOLATED)
_750665_/B                            320.00  363.03  -43.03 (VIOLATED)
m_ce[11]$_DFFE_PN0P_/RESETN           320.00  362.92  -42.92 (VIOLATED)
place68551/A                          320.00  362.80  -42.80 (VIOLATED)
_744734_/B                            320.00  362.63  -42.63 (VIOLATED)
ce_d1[11]$_DFFE_PN0P_/RESETN          320.00  362.54  -42.54 (VIOLATED)
m_ce[0]$_DFFE_PN0P_/RESETN            320.00  362.30  -42.30 (VIOLATED)
ce_d1[19]$_DFFE_PN0P_/RESETN          320.00  361.96  -41.96 (VIOLATED)
_557627_/A                            320.00  361.82  -41.82 (VIOLATED)
_557628_/A1                           320.00  361.81  -41.81 (VIOLATED)
place77866/A                          320.00  361.56  -41.56 (VIOLATED)
place68784/A                          320.00  361.54  -41.54 (VIOLATED)
_526179_/A1                           320.00  361.52  -41.52 (VIOLATED)
_526178_/A                            320.00  361.51  -41.51 (VIOLATED)
_547373_/A1                           320.00  361.41  -41.41 (VIOLATED)
_771623_/A                            320.00  361.32  -41.32 (VIOLATED)
_596666_/A                            320.00  360.79  -40.79 (VIOLATED)
_536352_/A                            320.00  360.60  -40.60 (VIOLATED)
place68260/A                          320.00  360.58  -40.58 (VIOLATED)
m_ce[48]$_DFFE_PN0P_/RESETN           320.00  360.37  -40.37 (VIOLATED)
m_ce[40]$_DFFE_PN0P_/RESETN           320.00  360.26  -40.26 (VIOLATED)
_536353_/A1                           320.00  360.25  -40.25 (VIOLATED)
m_ce[22]$_DFFE_PN0P_/RESETN           320.00  360.00  -40.00 (VIOLATED)
_746005_/B                            320.00  359.96  -39.96 (VIOLATED)
_744711_/B                            320.00  359.85  -39.85 (VIOLATED)
m_ce[24]$_DFFE_PN0P_/RESETN           320.00  359.80  -39.80 (VIOLATED)
_741812_/A                            320.00  359.73  -39.73 (VIOLATED)
place67840/A                          320.00  359.66  -39.66 (VIOLATED)
_509058_/A                            320.00  359.38  -39.38 (VIOLATED)
_509059_/A1                           320.00  359.31  -39.31 (VIOLATED)
_498594_/A                            320.00  359.20  -39.20 (VIOLATED)
m_ce[47]$_DFFE_PN0P_/RESETN           320.00  359.12  -39.12 (VIOLATED)
_498595_/A1                           320.00  359.11  -39.11 (VIOLATED)
_492301_/A                            320.00  359.07  -39.07 (VIOLATED)
place68370/A                          320.00  359.03  -39.03 (VIOLATED)
in_data_q[35]$_DFFE_PN0P_/QN          320.00  358.35  -38.35 (VIOLATED)
m_ce[23]$_DFFE_PN0P_/RESETN           320.00  358.00  -38.00 (VIOLATED)
_744697_/B                            320.00  357.23  -37.23 (VIOLATED)
clone_4__792305_/SE                   320.00  357.19  -37.19 (VIOLATED)
place68233/A                          320.00  357.06  -37.06 (VIOLATED)
_519451_/A                            320.00  356.96  -36.96 (VIOLATED)
_519452_/A1                           320.00  356.94  -36.94 (VIOLATED)
_744684_/B                            320.00  356.90  -36.90 (VIOLATED)
_746512_/B                            320.00  356.77  -36.77 (VIOLATED)
_746158_/B                            320.00  356.68  -36.68 (VIOLATED)
place68890/A                          320.00  356.66  -36.66 (VIOLATED)
_746689_/B                            320.00  356.40  -36.40 (VIOLATED)
_744535_/B                            320.00  356.34  -36.34 (VIOLATED)
_746335_/B                            320.00  356.00  -36.00 (VIOLATED)
place68483/A                          320.00  354.82  -34.82 (VIOLATED)
_755688_/A                            320.00  353.99  -33.99 (VIOLATED)
_755689_/A1                           320.00  353.66  -33.66 (VIOLATED)
_745138_/B                            320.00  353.07  -33.07 (VIOLATED)
place67622/A                          320.00  351.01  -31.01 (VIOLATED)
_745070_/B                            320.00  350.43  -30.43 (VIOLATED)
place68530/A                          320.00  349.43  -29.43 (VIOLATED)
_757258_/A1                           320.00  349.41  -29.41 (VIOLATED)
_744554_/B                            320.00  349.28  -29.28 (VIOLATED)
_755416_/A1                           320.00  346.90  -26.90 (VIOLATED)
_741947_/A                            320.00  346.81  -26.81 (VIOLATED)
m_ce[4]$_DFFE_PN0P_/RESETN            320.00  346.74  -26.74 (VIOLATED)
_745012_/A                            320.00  345.99  -25.99 (VIOLATED)
place67305/A                          320.00  345.86  -25.86 (VIOLATED)
_745025_/A                            320.00  345.68  -25.68 (VIOLATED)
_774810_/A                            320.00  345.53  -25.53 (VIOLATED)
_744972_/A                            320.00  345.33  -25.33 (VIOLATED)
_744864_/B                            320.00  345.18  -25.18 (VIOLATED)
_744990_/A                            320.00  344.83  -24.83 (VIOLATED)
_744976_/A                            320.00  344.60  -24.60 (VIOLATED)
_744933_/A                            320.00  344.58  -24.58 (VIOLATED)
_745981_/B                            320.00  343.89  -23.89 (VIOLATED)
_744532_/B                            320.00  343.51  -23.51 (VIOLATED)
_744915_/A                            320.00  343.40  -23.40 (VIOLATED)
_744916_/A                            320.00  343.40  -23.40 (VIOLATED)
_745001_/A                            320.00  343.25  -23.25 (VIOLATED)
_745051_/A                            320.00  343.23  -23.23 (VIOLATED)
_744988_/A                            320.00  343.17  -23.17 (VIOLATED)
_744930_/A                            320.00  343.15  -23.15 (VIOLATED)
_744994_/A                            320.00  343.08  -23.08 (VIOLATED)
_744993_/A                            320.00  342.99  -22.99 (VIOLATED)
place67294/A                          320.00  342.91  -22.91 (VIOLATED)
_745232_/B                            320.00  342.61  -22.61 (VIOLATED)
_745032_/A                            320.00  342.48  -22.48 (VIOLATED)
_757171_/A1                           320.00  341.78  -21.78 (VIOLATED)
_741824_/A                            320.00  341.71  -21.71 (VIOLATED)
_744995_/A                            320.00  341.58  -21.58 (VIOLATED)
_741857_/A                            320.00  341.37  -21.37 (VIOLATED)
_744997_/A                            320.00  341.30  -21.30 (VIOLATED)
_744923_/A                            320.00  341.08  -21.08 (VIOLATED)
_700063_/A                            320.00  340.87  -20.87 (VIOLATED)
_700066_/A                            320.00  340.75  -20.75 (VIOLATED)
_750724_/B                            320.00  340.66  -20.66 (VIOLATED)
place67821/A                          320.00  340.65  -20.65 (VIOLATED)
place68276/A                          320.00  340.21  -20.21 (VIOLATED)
_700069_/A                            320.00  340.21  -20.21 (VIOLATED)
_749766_/B                            320.00  340.21  -20.21 (VIOLATED)
_766341_/A2                           320.00  340.17  -20.17 (VIOLATED)
_700072_/A                            320.00  340.04  -20.04 (VIOLATED)
_745053_/A                            320.00  339.15  -19.15 (VIOLATED)
_700075_/A                            320.00  339.14  -19.14 (VIOLATED)
part_q[63][1]$_DFFE_PP_/D             320.00  339.13  -19.13 (VIOLATED)
place68096/A                          320.00  338.98  -18.98 (VIOLATED)
_743994_/B                            320.00  338.74  -18.74 (VIOLATED)
m_ce[15]$_DFFE_PN0P_/RESETN           320.00  338.57  -18.57 (VIOLATED)
_755139_/A1                           320.00  338.51  -18.51 (VIOLATED)
_744934_/A                            320.00  338.10  -18.10 (VIOLATED)
_747098_/B                            320.00  338.05  -18.05 (VIOLATED)
place67735/A                          320.00  338.04  -18.04 (VIOLATED)
place67975/A                          320.00  337.94  -17.94 (VIOLATED)
_760156_/A1                           320.00  337.89  -17.89 (VIOLATED)
_759924_/A1                           320.00  337.83  -17.83 (VIOLATED)
_700078_/A                            320.00  337.81  -17.81 (VIOLATED)
_759985_/A1                           320.00  337.67  -17.67 (VIOLATED)
_648892_/B                            320.00  337.67  -17.67 (VIOLATED)
_759750_/A1                           320.00  337.65  -17.65 (VIOLATED)
_744922_/A                            320.00  337.53  -17.53 (VIOLATED)
_760049_/A1                           320.00  337.47  -17.47 (VIOLATED)
_759925_/A1                           320.00  337.43  -17.43 (VIOLATED)
_700081_/A                            320.00  337.40  -17.40 (VIOLATED)
_759690_/A1                           320.00  337.19  -17.19 (VIOLATED)
place68225/A                          320.00  337.03  -17.03 (VIOLATED)
_759806_/A1                           320.00  336.98  -16.98 (VIOLATED)
_744938_/A                            320.00  336.89  -16.89 (VIOLATED)
_744683_/B                            320.00  336.85  -16.85 (VIOLATED)
_750489_/B                            320.00  336.72  -16.72 (VIOLATED)
_743481_/B                            320.00  335.67  -15.67 (VIOLATED)
_700084_/A                            320.00  335.57  -15.57 (VIOLATED)
_743304_/B                            320.00  335.55  -15.55 (VIOLATED)
_753457_/A1                           320.00  335.50  -15.50 (VIOLATED)
m_ce[17]$_DFFE_PN0P_/RESETN           320.00  335.48  -15.48 (VIOLATED)
_753124_/A1                           320.00  335.47  -15.47 (VIOLATED)
_744713_/B                            320.00  335.39  -15.39 (VIOLATED)
place68996/A                          320.00  335.34  -15.34 (VIOLATED)
_752806_/A1                           320.00  335.33  -15.33 (VIOLATED)
_759757_/A1                           320.00  335.30  -15.30 (VIOLATED)
_745045_/A                            320.00  335.25  -15.25 (VIOLATED)
_759993_/A1                           320.00  335.20  -15.20 (VIOLATED)
_754135_/B                            320.00  335.17  -15.17 (VIOLATED)
_754136_/A2                           320.00  335.14  -15.14 (VIOLATED)
_753115_/A1                           320.00  335.13  -15.13 (VIOLATED)
_751618_/B                            320.00  334.98  -14.98 (VIOLATED)
_751619_/A2                           320.00  334.90  -14.90 (VIOLATED)
_744732_/B                            320.00  334.85  -14.85 (VIOLATED)
_754138_/B                            320.00  334.84  -14.84 (VIOLATED)
_754139_/A2                           320.00  334.81  -14.81 (VIOLATED)
place68538/A                          320.00  334.79  -14.79 (VIOLATED)
_751623_/A2                           320.00  334.69  -14.69 (VIOLATED)
_759696_/A1                           320.00  334.38  -14.38 (VIOLATED)
_744970_/A                            320.00  334.34  -14.34 (VIOLATED)
_751622_/B                            320.00  334.33  -14.33 (VIOLATED)
_754422_/A2                           320.00  334.17  -14.17 (VIOLATED)
_759812_/A1                           320.00  334.03  -14.03 (VIOLATED)
_745995_/B                            320.00  334.01  -14.01 (VIOLATED)
_760056_/A1                           320.00  334.01  -14.01 (VIOLATED)
_750738_/B                            320.00  333.85  -13.85 (VIOLATED)
_760694_/A1                           320.00  333.79  -13.79 (VIOLATED)
_754421_/B                            320.00  333.78  -13.78 (VIOLATED)
_751998_/A2                           320.00  333.77  -13.77 (VIOLATED)
_760641_/A1                           320.00  333.74  -13.74 (VIOLATED)
place68259/A                          320.00  333.72  -13.72 (VIOLATED)
_751997_/B                            320.00  333.54  -13.54 (VIOLATED)
_747080_/B                            320.00  333.48  -13.48 (VIOLATED)
_760516_/A1                           320.00  333.48  -13.48 (VIOLATED)
place67576/A                          320.00  333.45  -13.45 (VIOLATED)
_614510_/B                            320.00  333.41  -13.41 (VIOLATED)
_745695_/B                            320.00  333.13  -13.13 (VIOLATED)
_759250_/A1                           320.00  333.03  -13.03 (VIOLATED)
_759505_/A1                           320.00  332.96  -12.96 (VIOLATED)
_760344_/A1                           320.00  332.92  -12.92 (VIOLATED)
_746349_/B                            320.00  332.49  -12.49 (VIOLATED)
_746526_/B                            320.00  332.47  -12.47 (VIOLATED)
_754414_/A2                           320.00  332.36  -12.36 (VIOLATED)
_746172_/B                            320.00  332.34  -12.34 (VIOLATED)
_700087_/A                            320.00  332.32  -12.32 (VIOLATED)
place68846/A                          320.00  332.31  -12.31 (VIOLATED)
_751633_/B                            320.00  332.26  -12.26 (VIOLATED)
_644238_/A                            320.00  332.23  -12.23 (VIOLATED)
_759930_/A1                           320.00  332.18  -12.18 (VIOLATED)
place68839/A                          320.00  332.16  -12.16 (VIOLATED)
_754413_/B                            320.00  332.14  -12.14 (VIOLATED)
_744878_/B                            320.00  332.09  -12.09 (VIOLATED)
_751634_/A2                           320.00  332.09  -12.09 (VIOLATED)
_754143_/B                            320.00  332.03  -12.03 (VIOLATED)
_754144_/A2                           320.00  331.95  -11.95 (VIOLATED)
_700090_/A                            320.00  331.85  -11.85 (VIOLATED)
_745027_/A                            320.00  331.83  -11.83 (VIOLATED)
_744931_/A                            320.00  331.79  -11.79 (VIOLATED)
_745315_/B                            320.00  331.77  -11.77 (VIOLATED)
_760163_/A1                           320.00  331.70  -11.70 (VIOLATED)
place69002/A                          320.00  331.69  -11.69 (VIOLATED)
_744928_/A                            320.00  331.63  -11.63 (VIOLATED)
place68382/A                          320.00  331.58  -11.58 (VIOLATED)
_760750_/A1                           320.00  331.58  -11.58 (VIOLATED)
_759113_/A1                           320.00  331.57  -11.57 (VIOLATED)
_760646_/A1                           320.00  331.55  -11.55 (VIOLATED)
_760701_/A1                           320.00  331.42  -11.42 (VIOLATED)
_744536_/B                            320.00  331.40  -11.40 (VIOLATED)
_751630_/B                            320.00  331.34  -11.34 (VIOLATED)
_759112_/B                            320.00  331.33  -11.33 (VIOLATED)
_751631_/A2                           320.00  331.31  -11.31 (VIOLATED)
_745055_/A                            320.00  331.25  -11.25 (VIOLATED)
m_ce[14]$_DFFE_PN0P_/RESETN           320.00  331.06  -11.06 (VIOLATED)
place68473/A                          320.00  331.03  -11.03 (VIOLATED)
_760522_/A1                           320.00  331.02  -11.02 (VIOLATED)
_760466_/A1                           320.00  330.80  -10.80 (VIOLATED)
_746928_/A                            320.00  330.65  -10.65 (VIOLATED)
_746962_/A                            320.00  330.63  -10.63 (VIOLATED)
_746921_/A                            320.00  330.55  -10.55 (VIOLATED)
_751989_/A2                           320.00  330.50  -10.50 (VIOLATED)
_746911_/A                            320.00  330.37  -10.37 (VIOLATED)
_746882_/A                            320.00  330.33  -10.33 (VIOLATED)
_746907_/A                            320.00  330.32  -10.32 (VIOLATED)
_746954_/A                            320.00  330.30  -10.30 (VIOLATED)
_746862_/A                            320.00  330.27  -10.27 (VIOLATED)
_760351_/A1                           320.00  330.25  -10.25 (VIOLATED)
place68348/A                          320.00  330.17  -10.17 (VIOLATED)
_747154_/B                            320.00  330.13  -10.13 (VIOLATED)
_746946_/A                            320.00  330.06  -10.06 (VIOLATED)
_751988_/B                            320.00  329.96   -9.96 (VIOLATED)
_746961_/A                            320.00  329.94   -9.94 (VIOLATED)
_749844_/B                            320.00  329.60   -9.60 (VIOLATED)
_746894_/A                            320.00  329.24   -9.24 (VIOLATED)
_538181_/A1                           320.00  329.14   -9.14 (VIOLATED)
_566794_/A1                           320.00  329.12   -9.12 (VIOLATED)
_535903_/A1                           320.00  329.01   -9.01 (VIOLATED)
_535902_/A                            320.00  329.01   -9.01 (VIOLATED)
place68199/A                          320.00  328.89   -8.89 (VIOLATED)
_559527_/A                            320.00  328.86   -8.86 (VIOLATED)
_746849_/A                            320.00  328.67   -8.67 (VIOLATED)
_559528_/A1                           320.00  328.64   -8.64 (VIOLATED)
_759388_/A                            320.00  328.61   -8.61 (VIOLATED)
_746878_/A                            320.00  328.47   -8.47 (VIOLATED)
place68273/A                          320.00  328.36   -8.36 (VIOLATED)
_759389_/A1                           320.00  328.08   -8.08 (VIOLATED)
_759512_/A1                           320.00  328.07   -8.07 (VIOLATED)
_752809_/A1                           320.00  328.00   -8.00 (VIOLATED)
_774045_/B                            320.00  327.97   -7.97 (VIOLATED)
m_ce[16]$_DFFE_PN0P_/RESETN           320.00  327.95   -7.95 (VIOLATED)
_742390_/B                            320.00  327.87   -7.87 (VIOLATED)
place69101/A                          320.00  327.58   -7.58 (VIOLATED)
_746915_/A                            320.00  327.24   -7.24 (VIOLATED)
_746848_/A                            320.00  327.19   -7.19 (VIOLATED)
_481914_/A1                           320.00  327.06   -7.06 (VIOLATED)
_750021_/B                            320.00  326.88   -6.88 (VIOLATED)
_752494_/A1                           320.00  326.82   -6.82 (VIOLATED)
_759257_/A1                           320.00  326.80   -6.80 (VIOLATED)
place68319/A                          320.00  326.73   -6.73 (VIOLATED)
_754416_/B                            320.00  326.68   -6.68 (VIOLATED)
_744975_/A                            320.00  326.43   -6.43 (VIOLATED)
_538222_/A1                           320.00  326.39   -6.39 (VIOLATED)
_744691_/B                            320.00  326.33   -6.33 (VIOLATED)
_538221_/A                            320.00  326.30   -6.30 (VIOLATED)
_742567_/B                            320.00  326.29   -6.29 (VIOLATED)
_746884_/A                            320.00  326.14   -6.14 (VIOLATED)
_863160_/A                            320.00  326.05   -6.05 (VIOLATED)
_744721_/B                            320.00  326.00   -6.00 (VIOLATED)
_759186_/A1                           320.00  325.91   -5.91 (VIOLATED)
_481920_/B                            320.00  325.89   -5.89 (VIOLATED)
place68344/A                          320.00  325.75   -5.75 (VIOLATED)
place67868/A                          320.00  325.59   -5.59 (VIOLATED)
_532334_/A1                           320.00  325.54   -5.54 (VIOLATED)
_743936_/B                            320.00  325.45   -5.45 (VIOLATED)
_744113_/B                            320.00  325.40   -5.40 (VIOLATED)
_648886_/B                            320.00  325.39   -5.39 (VIOLATED)
place68773/A                          320.00  325.36   -5.36 (VIOLATED)
in_data_q[34]$_DFFE_PN0P_/QN          320.00  325.33   -5.33 (VIOLATED)
_748262_/B                            320.00  325.29   -5.29 (VIOLATED)
_532333_/A                            320.00  325.22   -5.22 (VIOLATED)
_746919_/A                            320.00  324.93   -4.93 (VIOLATED)
m_ce[12]$_DFFE_PN0P_/RESETN           320.00  324.87   -4.87 (VIOLATED)
_742773_/B                            320.00  324.85   -4.85 (VIOLATED)
_766301_/A                            320.00  324.78   -4.78 (VIOLATED)
_555362_/A1                           320.00  324.75   -4.75 (VIOLATED)
_745026_/A                            320.00  324.69   -4.69 (VIOLATED)
_555361_/A                            320.00  324.67   -4.67 (VIOLATED)
place67994/A                          320.00  324.64   -4.64 (VIOLATED)
_759120_/A1                           320.00  324.64   -4.64 (VIOLATED)
_746703_/B                            320.00  324.45   -4.45 (VIOLATED)
_754417_/A2                           320.00  324.24   -4.24 (VIOLATED)
_744724_/B                            320.00  324.23   -4.23 (VIOLATED)
_742744_/B                            320.00  324.20   -4.20 (VIOLATED)
_746160_/B                            320.00  324.18   -4.18 (VIOLATED)
_750753_/B                            320.00  323.94   -3.94 (VIOLATED)
_744871_/B                            320.00  323.92   -3.92 (VIOLATED)
place68477/A                          320.00  323.90   -3.90 (VIOLATED)
_758150_/B                            320.00  323.88   -3.88 (VIOLATED)
_792262_/B                            320.00  323.64   -3.64 (VIOLATED)
_751991_/B                            320.00  323.58   -3.58 (VIOLATED)
_751992_/A2                           320.00  323.58   -3.58 (VIOLATED)
place66374/A                          320.00  323.54   -3.54 (VIOLATED)
_746857_/A                            320.00  323.52   -3.52 (VIOLATED)
_754707_/A2                           320.00  323.42   -3.42 (VIOLATED)
_792261_/B                            320.00  323.42   -3.42 (VIOLATED)
_792260_/B                            320.00  323.26   -3.26 (VIOLATED)
_746514_/B                            320.00  323.23   -3.23 (VIOLATED)
_746691_/B                            320.00  323.22   -3.22 (VIOLATED)
_755967_/A1                           320.00  323.20   -3.20 (VIOLATED)
_746337_/B                            320.00  323.08   -3.08 (VIOLATED)
_744531_/B                            320.00  323.05   -3.05 (VIOLATED)
_744961_/B                            320.00  322.95   -2.95 (VIOLATED)
_754706_/B                            320.00  322.80   -2.80 (VIOLATED)
_746963_/A                            320.00  322.73   -2.73 (VIOLATED)
m_ce[13]$_DFFE_PN0P_/RESETN           320.00  322.54   -2.54 (VIOLATED)
_746010_/B                            320.00  322.38   -2.38 (VIOLATED)
_752336_/A2                           320.00  322.12   -2.12 (VIOLATED)
_756171_/A1                           320.00  321.96   -1.96 (VIOLATED)
_746943_/A                            320.00  321.88   -1.88 (VIOLATED)
place68512/A                          320.00  321.36   -1.36 (VIOLATED)
_744552_/B                            320.00  321.28   -1.28 (VIOLATED)
_747176_/B                            320.00  321.25   -1.25 (VIOLATED)
_751391_/A1                           320.00  321.14   -1.14 (VIOLATED)
_751822_/A1                           320.00  321.11   -1.11 (VIOLATED)
_754296_/A1                           320.00  321.07   -1.07 (VIOLATED)
_722112_/B                            320.00  320.97   -0.97 (VIOLATED)
_792259_/B                            320.00  320.94   -0.94 (VIOLATED)
_751817_/A1                           320.00  320.92   -0.92 (VIOLATED)
_753461_/B2                           320.00  320.91   -0.91 (VIOLATED)
_752177_/A1                           320.00  320.88   -0.88 (VIOLATED)
_756903_/A1                           320.00  320.85   -0.85 (VIOLATED)
place66834/A                          320.00  320.52   -0.52 (VIOLATED)
place68578/A                          320.00  320.27   -0.27 (VIOLATED)
_749965_/B                            320.00  320.27   -0.27 (VIOLATED)

CLOCK_CHECK_BEGIN
Group                                  Slack
--------------------------------------------
No paths found.

CLOCK_CHECK_END
CLOSURE_AUDIT_DONE
