OpenROAD 26Q3-1499-g46ab99414e 
Features included (+) or not (-): +GPU +GUI +Python
This program is licensed under the BSD-3 license. See the LICENSE file for details.
Components of this program may be licensed under more restrictive licenses which must be honored.
[INFO ORD-0030] Using 2 thread(s).
source /root/ORFS/flow/platforms/asap7/liberty_suppressions.tcl
read_liberty /root/ORFS/flow/platforms/asap7/lib/NLDM/asap7sc7p5t_AO_RVT_FF_nldm_211120.lib.gz
read_liberty /root/ORFS/flow/platforms/asap7/lib/NLDM/asap7sc7p5t_INVBUF_RVT_FF_nldm_220122.lib.gz
read_liberty /root/ORFS/flow/platforms/asap7/lib/NLDM/asap7sc7p5t_OA_RVT_FF_nldm_211120.lib.gz
read_liberty /root/ORFS/flow/platforms/asap7/lib/NLDM/asap7sc7p5t_SIMPLE_RVT_FF_nldm_211120.lib.gz
read_liberty /root/ORFS/flow/platforms/asap7/lib/NLDM/asap7sc7p5t_SEQ_RVT_FF_nldm_220123.lib
read_db ./results/asap7/int8_dw3x1/cnn_guarded_20260911/5_1_grt.odb
read_sdc ./results/asap7/int8_dw3x1/cnn_guarded_20260911/5_1_grt.sdc
source /root/ORFS/flow/platforms/asap7/setRC.tcl
detailed_route -output_drc ./reports/asap7/int8_dw3x1/cnn_guarded_20260911/5_route_drc.rpt -output_maze ./results/asap7/int8_dw3x1/cnn_guarded_20260911/maze.log -droute_end_iter 64 -verbose 1 -drc_report_iter_step 5
[INFO DRT-0149] Reading tech and libs.

Units:                1000
Number of layers:     21
Number of macros:     212
Number of vias:       14
Number of viarulegen: 11

[INFO DRT-0150] Reading design.
[WARNING DRT-0120] Large net net321 has 136 pins which may impact routing performance. Consider optimization.
[WARNING DRT-0120] Large net net316 has 113 pins which may impact routing performance. Consider optimization.
[WARNING DRT-0120] Large net _04322_ has 129 pins which may impact routing performance. Consider optimization.

Design:                   int8_dw3x1
Die area:                 ( 0 0 ) ( 50585 50585 )
Number of track patterns: 32
Number of DEF vias:       0
Number of components:     6484
Number of terminals:      152
Number of snets:          2
Number of nets:           6896

[INFO DRT-0167] List of default vias:
  Layer V2
    default via: VIA23
  Layer V3
    default via: VIA34
  Layer V4
    default via: VIA45
  Layer V5
    default via: VIA56
  Layer V6
    default via: VIA67
  Layer V7
    default via: VIA78
  Layer V8
    default via: VIA89
  Layer V9
    default via: VIA9Pad
[INFO DRT-0162] Library cell analysis.
[INFO DRT-0163] Instance analysis.
[INFO DRT-0164] Number of unique instances = 164.
[INFO DRT-0168] Init region query.
[INFO DRT-0024]   Complete Active.
[INFO DRT-0024]   Complete V0.
[INFO DRT-0024]   Complete M1.
[INFO DRT-0024]   Complete V1.
[INFO DRT-0024]   Complete M2.
[INFO DRT-0024]   Complete V2.
[INFO DRT-0024]   Complete M3.
[INFO DRT-0024]   Complete V3.
[INFO DRT-0024]   Complete M4.
[INFO DRT-0024]   Complete V4.
[INFO DRT-0024]   Complete M5.
[INFO DRT-0024]   Complete V5.
[INFO DRT-0024]   Complete M6.
[INFO DRT-0024]   Complete V6.
[INFO DRT-0024]   Complete M7.
[INFO DRT-0024]   Complete V7.
[INFO DRT-0024]   Complete M8.
[INFO DRT-0024]   Complete V8.
[INFO DRT-0024]   Complete M9.
[INFO DRT-0024]   Complete V9.
[INFO DRT-0024]   Complete Pad.
[INFO DRT-0033] Active shape region query size = 0.
[INFO DRT-0033] V0 shape region query size = 0.
[INFO DRT-0033] M1 shape region query size = 108221.
[INFO DRT-0033] V1 shape region query size = 232908.
[INFO DRT-0033] M2 shape region query size = 5739.
[INFO DRT-0033] V2 shape region query size = 4644.
[INFO DRT-0033] M3 shape region query size = 4644.
[INFO DRT-0033] V3 shape region query size = 3096.
[INFO DRT-0033] M4 shape region query size = 3167.
[INFO DRT-0033] V4 shape region query size = 3096.
[INFO DRT-0033] M5 shape region query size = 1807.
[INFO DRT-0033] V5 shape region query size = 324.
[INFO DRT-0033] M6 shape region query size = 198.
[INFO DRT-0033] V6 shape region query size = 0.
[INFO DRT-0033] M7 shape region query size = 0.
[INFO DRT-0033] V7 shape region query size = 0.
[INFO DRT-0033] M8 shape region query size = 0.
[INFO DRT-0033] V8 shape region query size = 0.
[INFO DRT-0033] M9 shape region query size = 0.
[INFO DRT-0033] V9 shape region query size = 0.
[INFO DRT-0033] Pad shape region query size = 0.
[INFO DRT-0165] Start pin access.
[INFO DRT-0078]   Complete 941 pins.
[INFO DRT-0079]   Complete 100 unique inst patterns.
[INFO DRT-0081]   Complete 164 unique inst patterns.
[INFO DRT-0084]   Complete 4258 groups.
#scanned instances     = 6484
#unique  instances     = 164
#stdCellGenAp          = 4556
#stdCellValidPlanarAp  = 70
#stdCellValidViaAp     = 3831
#stdCellPinNoAp        = 0
#stdCellPinCnt         = 19316
#instTermValidViaApCnt = 0
#macroGenAp            = 0
#macroValidPlanarAp    = 0
#macroValidViaAp       = 0
#macroNoAp             = 0
[INFO DRT-0166] Complete pin access.
[INFO DRT-0267] cpu time = 00:00:52, elapsed time = 00:00:26, memory = 358.36 (MB), peak = 362.53 (MB)

[INFO DRT-0157] Number of guides:     46545

[INFO DRT-0169] Post process guides.
[INFO DRT-0176] GCELLGRID X 0 DO 88 STEP 570 ;
[INFO DRT-0177] GCELLGRID Y 0 DO 88 STEP 570 ;
[INFO DRT-0028]   Complete Active.
[INFO DRT-0028]   Complete V0.
[INFO DRT-0028]   Complete M1.
[INFO DRT-0028]   Complete V1.
[INFO DRT-0028]   Complete M2.
[INFO DRT-0028]   Complete V2.
[INFO DRT-0028]   Complete M3.
[INFO DRT-0028]   Complete V3.
[INFO DRT-0028]   Complete M4.
[INFO DRT-0028]   Complete V4.
[INFO DRT-0028]   Complete M5.
[INFO DRT-0028]   Complete V5.
[INFO DRT-0028]   Complete M6.
[INFO DRT-0028]   Complete V6.
[INFO DRT-0028]   Complete M7.
[INFO DRT-0028]   Complete V7.
[INFO DRT-0028]   Complete M8.
[INFO DRT-0028]   Complete V8.
[INFO DRT-0028]   Complete M9.
[INFO DRT-0028]   Complete V9.
[INFO DRT-0028]   Complete Pad.
[INFO DRT-0178] Init guide query.
[INFO DRT-0035]   Complete Active (guide).
[INFO DRT-0035]   Complete V0 (guide).
[INFO DRT-0035]   Complete M1 (guide).
[INFO DRT-0035]   Complete V1 (guide).
[INFO DRT-0035]   Complete M2 (guide).
[INFO DRT-0035]   Complete V2 (guide).
[INFO DRT-0035]   Complete M3 (guide).
[INFO DRT-0035]   Complete V3 (guide).
[INFO DRT-0035]   Complete M4 (guide).
[INFO DRT-0035]   Complete V4 (guide).
[INFO DRT-0035]   Complete M5 (guide).
[INFO DRT-0035]   Complete V5 (guide).
[INFO DRT-0035]   Complete M6 (guide).
[INFO DRT-0035]   Complete V6 (guide).
[INFO DRT-0035]   Complete M7 (guide).
[INFO DRT-0035]   Complete V7 (guide).
[INFO DRT-0035]   Complete M8 (guide).
[INFO DRT-0035]   Complete V8 (guide).
[INFO DRT-0035]   Complete M9 (guide).
[INFO DRT-0035]   Complete V9 (guide).
[INFO DRT-0035]   Complete Pad (guide).
[INFO DRT-0036] Active guide region query size = 0.
[INFO DRT-0036] V0 guide region query size = 0.
[INFO DRT-0036] M1 guide region query size = 15058.
[INFO DRT-0036] V1 guide region query size = 0.
[INFO DRT-0036] M2 guide region query size = 13510.
[INFO DRT-0036] V2 guide region query size = 0.
[INFO DRT-0036] M3 guide region query size = 6578.
[INFO DRT-0036] V3 guide region query size = 0.
[INFO DRT-0036] M4 guide region query size = 742.
[INFO DRT-0036] V4 guide region query size = 0.
[INFO DRT-0036] M5 guide region query size = 591.
[INFO DRT-0036] V5 guide region query size = 0.
[INFO DRT-0036] M6 guide region query size = 360.
[INFO DRT-0036] V6 guide region query size = 0.
[INFO DRT-0036] M7 guide region query size = 149.
[INFO DRT-0036] V7 guide region query size = 0.
[INFO DRT-0036] M8 guide region query size = 0.
[INFO DRT-0036] V8 guide region query size = 0.
[INFO DRT-0036] M9 guide region query size = 0.
[INFO DRT-0036] V9 guide region query size = 0.
[INFO DRT-0036] Pad guide region query size = 0.
[INFO DRT-0179] Init gr pin query.
[INFO DRT-0267] cpu time = 00:00:00, elapsed time = 00:00:00, memory = 374.51 (MB), peak = 373.89 (MB)
[INFO DRT-0245] skipped writing guide updates to database.
[INFO DRT-0181] Start track assignment.
[INFO DRT-0184] Done with 22376 vertical wires in 2 frboxes and 14612 horizontal wires in 2 frboxes.
[INFO DRT-0186] Done with 1716 vertical wires in 2 frboxes and 2797 horizontal wires in 2 frboxes.
[INFO DRT-0182] Complete track assignment.
[INFO DRT-0267] cpu time = 00:00:01, elapsed time = 00:00:00, memory = 450.54 (MB), peak = 450.04 (MB)
[INFO DRT-0187] Start routing data preparation.
[INFO DRT-0267] cpu time = 00:00:00, elapsed time = 00:00:00, memory = 450.54 (MB), peak = 450.04 (MB)
[INFO DRT-0194] Start detail routing.
[INFO DRT-0195] Start 0th optimization iteration.
    Completing 10% with 0 violations.
    elapsed time = 00:00:02, memory = 574.81 (MB).
    Completing 20% with 0 violations.
    elapsed time = 00:00:07, memory = 854.20 (MB).
    Completing 30% with 161 violations.
    elapsed time = 00:00:09, memory = 955.77 (MB).
    Completing 40% with 161 violations.
    elapsed time = 00:00:12, memory = 1025.44 (MB).
    Completing 50% with 161 violations.
    elapsed time = 00:00:17, memory = 1089.82 (MB).
    Completing 60% with 386 violations.
    elapsed time = 00:00:19, memory = 1115.64 (MB).
    Completing 70% with 386 violations.
    elapsed time = 00:00:24, memory = 1121.93 (MB).
    Completing 80% with 524 violations.
    elapsed time = 00:00:27, memory = 1116.13 (MB).
    Completing 90% with 524 violations.
    elapsed time = 00:00:32, memory = 1124.83 (MB).
    Completing 100% with 704 violations.
    elapsed time = 00:00:38, memory = 1078.02 (MB).
[INFO DRT-0199]   Number of violations = 1016.
Viol/Layer          M1     M2     M3     V3     M4     M5     V5     M6     V6
CutSpcTbl            0      0      0      1      0      0      3      0      2
EOL                  0     29      1      0      1      0      0      0      0
Metal Spacing      280     13     30      0      0      1      0      2      0
Recheck              0    196     86      0     10     15      0      5      0
Short               76     23      4      0      0      3      0     10      0
eolKeepOut           0    213      9      0      3      0      0      0      0
[INFO DRT-0267] cpu time = 00:01:14, elapsed time = 00:00:38, memory = 1295.13 (MB), peak = 1294.55 (MB)
Total wire length = 14982 um.
Total wire length on LAYER M1 = 0 um.
Total wire length on LAYER M2 = 5931 um.
Total wire length on LAYER M3 = 7521 um.
Total wire length on LAYER M4 = 742 um.
Total wire length on LAYER M5 = 322 um.
Total wire length on LAYER M6 = 273 um.
Total wire length on LAYER M7 = 190 um.
Total wire length on LAYER M8 = 0 um.
Total wire length on LAYER M9 = 0 um.
Total wire length on LAYER Pad = 0 um.
Total number of vias = 47518.
Up-via summary (total 47518):

----------------
 Active        0
     M1    17506
     M2    26921
     M3     2074
     M4      536
     M5      296
     M6      185
     M7        0
     M8        0
     M9        0
----------------
       47518


[INFO DRT-0195] Start 1st optimization iteration.
    Completing 10% with 1016 violations.
    elapsed time = 00:00:01, memory = 1300.44 (MB).
    Completing 20% with 1016 violations.
    elapsed time = 00:00:06, memory = 1305.57 (MB).
    Completing 30% with 814 violations.
    elapsed time = 00:00:08, memory = 1315.12 (MB).
    Completing 40% with 814 violations.
    elapsed time = 00:00:11, memory = 1315.23 (MB).
    Completing 50% with 814 violations.
    elapsed time = 00:00:16, memory = 1315.23 (MB).
    Completing 60% with 580 violations.
    elapsed time = 00:00:19, memory = 1320.53 (MB).
    Completing 70% with 580 violations.
    elapsed time = 00:00:23, memory = 1320.53 (MB).
    Completing 80% with 319 violations.
    elapsed time = 00:00:27, memory = 1320.53 (MB).
    Completing 90% with 319 violations.
    elapsed time = 00:00:32, memory = 1368.92 (MB).
    Completing 100% with 81 violations.
    elapsed time = 00:00:37, memory = 1320.53 (MB).
[INFO DRT-0199]   Number of violations = 81.
Viol/Layer          M1     M2     M3
EOL                  0      4      0
Metal Spacing       41      0      2
Short               12      3      1
eolKeepOut           0     18      0
[INFO DRT-0267] cpu time = 00:01:13, elapsed time = 00:00:37, memory = 1320.59 (MB), peak = 1368.98 (MB)
Total wire length = 14820 um.
Total wire length on LAYER M1 = 0 um.
Total wire length on LAYER M2 = 5892 um.
Total wire length on LAYER M3 = 7453 um.
Total wire length on LAYER M4 = 757 um.
Total wire length on LAYER M5 = 309 um.
Total wire length on LAYER M6 = 236 um.
Total wire length on LAYER M7 = 170 um.
Total wire length on LAYER M8 = 0 um.
Total wire length on LAYER M9 = 0 um.
Total wire length on LAYER Pad = 0 um.
Total number of vias = 45470.
Up-via summary (total 45470):

----------------
 Active        0
     M1    17501
     M2    25317
     M3     1872
     M4      447
     M5      202
     M6      131
     M7        0
     M8        0
     M9        0
----------------
       45470


[INFO DRT-0195] Start 2nd optimization iteration.
    Completing 10% with 81 violations.
    elapsed time = 00:00:00, memory = 1320.59 (MB).
    Completing 20% with 81 violations.
    elapsed time = 00:00:02, memory = 1366.42 (MB).
    Completing 30% with 72 violations.
    elapsed time = 00:00:02, memory = 1320.59 (MB).
    Completing 40% with 72 violations.
    elapsed time = 00:00:04, memory = 1368.84 (MB).
    Completing 50% with 72 violations.
    elapsed time = 00:00:05, memory = 1320.59 (MB).
    Completing 60% with 65 violations.
    elapsed time = 00:00:05, memory = 1320.59 (MB).
    Completing 70% with 65 violations.
    elapsed time = 00:00:07, memory = 1320.59 (MB).
    Completing 80% with 40 violations.
    elapsed time = 00:00:08, memory = 1320.59 (MB).
    Completing 90% with 40 violations.
    elapsed time = 00:00:10, memory = 1320.59 (MB).
    Completing 100% with 29 violations.
    elapsed time = 00:00:10, memory = 1320.59 (MB).
[INFO DRT-0199]   Number of violations = 29.
Viol/Layer          M1     M2     M3
EOL                  0      4      0
Metal Spacing        7      1      3
Short                2      0      0
eolKeepOut           0     12      0
[INFO DRT-0267] cpu time = 00:00:21, elapsed time = 00:00:11, memory = 1320.59 (MB), peak = 1369.23 (MB)
Total wire length = 14817 um.
Total wire length on LAYER M1 = 0 um.
Total wire length on LAYER M2 = 5897 um.
Total wire length on LAYER M3 = 7449 um.
Total wire length on LAYER M4 = 752 um.
Total wire length on LAYER M5 = 315 um.
Total wire length on LAYER M6 = 233 um.
Total wire length on LAYER M7 = 169 um.
Total wire length on LAYER M8 = 0 um.
Total wire length on LAYER M9 = 0 um.
Total wire length on LAYER Pad = 0 um.
Total number of vias = 45364.
Up-via summary (total 45364):

----------------
 Active        0
     M1    17502
     M2    25247
     M3     1836
     M4      447
     M5      199
     M6      133
     M7        0
     M8        0
     M9        0
----------------
       45364


[INFO DRT-0195] Start 3rd guides tiles iteration.
    Completing 10% with 29 violations.
    elapsed time = 00:00:00, memory = 1320.59 (MB).
    Completing 20% with 29 violations.
    elapsed time = 00:00:00, memory = 1320.59 (MB).
    Completing 30% with 29 violations.
    elapsed time = 00:00:00, memory = 1320.59 (MB).
    Completing 40% with 29 violations.
    elapsed time = 00:00:00, memory = 1320.59 (MB).
    Completing 50% with 16 violations.
    elapsed time = 00:00:00, memory = 1320.59 (MB).
    Completing 60% with 16 violations.
    elapsed time = 00:00:00, memory = 1320.59 (MB).
    Completing 70% with 12 violations.
    elapsed time = 00:00:01, memory = 1320.59 (MB).
    Completing 80% with 4 violations.
    elapsed time = 00:00:01, memory = 1320.59 (MB).
    Completing 90% with 4 violations.
    elapsed time = 00:00:01, memory = 1320.59 (MB).
    Completing 100% with 0 violations.
    elapsed time = 00:00:01, memory = 1320.59 (MB).
[INFO DRT-0199]   Number of violations = 0.
[INFO DRT-0267] cpu time = 00:00:02, elapsed time = 00:00:01, memory = 1320.59 (MB), peak = 1369.23 (MB)
Total wire length = 14817 um.
Total wire length on LAYER M1 = 0 um.
Total wire length on LAYER M2 = 5890 um.
Total wire length on LAYER M3 = 7449 um.
Total wire length on LAYER M4 = 759 um.
Total wire length on LAYER M5 = 315 um.
Total wire length on LAYER M6 = 233 um.
Total wire length on LAYER M7 = 169 um.
Total wire length on LAYER M8 = 0 um.
Total wire length on LAYER M9 = 0 um.
Total wire length on LAYER Pad = 0 um.
Total number of vias = 45393.
Up-via summary (total 45393):

----------------
 Active        0
     M1    17502
     M2    25247
     M3     1865
     M4      447
     M5      199
     M6      133
     M7        0
     M8        0
     M9        0
----------------
       45393


[INFO DRT-0198] Complete detail routing.
Total wire length = 14817 um.
Total wire length on LAYER M1 = 0 um.
Total wire length on LAYER M2 = 5890 um.
Total wire length on LAYER M3 = 7449 um.
Total wire length on LAYER M4 = 759 um.
Total wire length on LAYER M5 = 315 um.
Total wire length on LAYER M6 = 233 um.
Total wire length on LAYER M7 = 169 um.
Total wire length on LAYER M8 = 0 um.
Total wire length on LAYER M9 = 0 um.
Total wire length on LAYER Pad = 0 um.
Total number of vias = 45393.
Up-via summary (total 45393):

----------------
 Active        0
     M1    17502
     M2    25247
     M3     1865
     M4      447
     M5      199
     M6      133
     M7        0
     M8        0
     M9        0
----------------
       45393


[INFO DRT-0267] cpu time = 00:02:52, elapsed time = 00:01:28, memory = 1320.65 (MB), peak = 1369.23 (MB)

[INFO DRT-0180] Post processing.
[INFO DRT-0501] Runtime: 116.43s
Took 117 seconds: detailed_route -output_drc ./reports/asap7/int8_dw3x1/cnn_guarded_20260911/5_route_drc.rpt -output_maze ./results/asap7/int8_dw3x1/cnn_guarded_20260911/maze.log -droute_end_iter 64 -verbose 1 -drc_report_iter_step 5
[WARNING GRT-0246] No diode with LEF class CORE ANTENNACELL found.
[INFO ANT-0002] Found 0 net violations.
[INFO ANT-0001] Found 0 pin violations.
[INFO ANT-0002] Found 0 net violations.
[INFO ANT-0001] Found 0 pin violations.
Design area 718 um^2 33% utilization.
write_db ./results/asap7/int8_dw3x1/cnn_guarded_20260911/5_2_route.odb
Elapsed time: 2:00.70[h:]min:sec. CPU time: user 230.25 sys 3.02 (193%). Peak memory: 1402092KB.
Log                       Ext     Elapsed/s Peak Memory/MB sha1sum result [0:20)
5_2_route                 .odb          120           1369 df9c74ffd1272075070c
