OpenROAD 26Q3-1499-g46ab99414e 
Features included (+) or not (-): +GPU +GUI +Python
This program is licensed under the BSD-3 license. See the LICENSE file for details.
Components of this program may be licensed under more restrictive licenses which must be honored.
[INFO ORD-0030] Using 2 thread(s).
source /root/ORFS/flow/platforms/asap7/liberty_suppressions.tcl
read_liberty /root/ORFS/flow/platforms/asap7/lib/NLDM/asap7sc7p5t_AO_RVT_FF_nldm_211120.lib.gz
read_liberty /root/ORFS/flow/platforms/asap7/lib/NLDM/asap7sc7p5t_INVBUF_RVT_FF_nldm_220122.lib.gz
read_liberty /root/ORFS/flow/platforms/asap7/lib/NLDM/asap7sc7p5t_OA_RVT_FF_nldm_211120.lib.gz
read_liberty /root/ORFS/flow/platforms/asap7/lib/NLDM/asap7sc7p5t_SIMPLE_RVT_FF_nldm_211120.lib.gz
read_liberty /root/ORFS/flow/platforms/asap7/lib/NLDM/asap7sc7p5t_SEQ_RVT_FF_nldm_220123.lib
read_db ./results/asap7/int8_dw3x1/cnn_pilot_20260910/3_4_place_resized.odb
read_sdc ./results/asap7/int8_dw3x1/cnn_pilot_20260910/2_floorplan.sdc
source /root/ORFS/flow/platforms/asap7/setRC.tcl
detailed_placement
[INFO DPL-0006] Core area: 2194.44 um^2
[INFO DPL-0007] Movable instances area: 770.09 um^2
[INFO DPL-0008] Fixed instances area within core: 12.63 um^2
[INFO DPL-0009] Utilization: 35.7%
[INFO DPL-0005] Diamond search max displacement: +/- 500 sites horizontally, +/- 100 rows vertically.
[INFO DPL-1102] Legalizing using negotiation legalizer.
[INFO DPL-1103] Negotiation base search window: +/-20 sites horizontally, +/-5 rows vertically 
	Automatic search window extension enabled.
	Search window extendable up to the max displacement cap of +/-500 sites, +/-100 rows near walls.
[INFO DPL-1104] NegotiationLegalizer DRC penalty: 5.
[INFO DPL-0392] Negotiation cell height distribution (1 unique row-count(s)):
[INFO DPL-0393]   height 1 row(s): 7689 cells
          |      Total |  Illegal |  Illegal
Iteration | Violations |    Cells |    Sites
---------------------------------------------
        0 |         24 |         6 |        18
        1 |          0 |         0 |         0
Negotiation phase 1 converged at iteration 1.
[INFO DPL-0500] Runtime: 0.06s
Placement Analysis
---------------------------------
total displacement       2126.8 u
average displacement        0.3 u
max displacement            1.7 u
original HPWL           14787.0 u
legalized HPWL          16466.3 u
delta HPWL                   11 %

improve_placement -max_displacement "5 1"
Detailed placement improvement.
[INFO DPL-0401] Setting random seed to 1.
[INFO DPL-0402] Setting maximum displacement 5 1 to 1350 270 units.
[INFO DPL-0320] Collected 583 fixed cells.
[INFO DPL-0318] Collected 7256 single height cells.
[INFO DPL-0321] Collected 0 wide cells.
[INFO DPL-0322] Image (2052, 2160) - (49032, 48870)
[INFO DPL-0310] Assigned 7256 cells into segments.  Movement in X-direction is 0.000000, movement in Y-direction is 0.000000.
[INFO DPL-0313] Found 0 cells in wrong regions.
[INFO DPL-0315] Found 0 row alignment problems.
[INFO DPL-0314] Found 0 site alignment problems.
[INFO DPL-0311] Found 0 overlaps between adjacent cells.
[INFO DPL-0312] Found 0 edge spacing violations and 0 padding violations.
[INFO DPL-0303] Running algorithm for independent set matching.
[INFO DPL-0300] Set matching objective is wirelength.
[INFO DPL-0301] Pass   1 of matching; objective is 1.648990e+07.
[INFO DPL-0302] End of matching; objective is 1.643282e+07, improvement is 0.35 percent.
[INFO DPL-0303] Running algorithm for global swaps.
[INFO DPL-0306] Pass   1 of global swaps; hpwl is 1.612551e+07.
[INFO DPL-0306] Pass   2 of global swaps; hpwl is 1.606365e+07.
[INFO DPL-0307] End of global swaps; objective is 1.606365e+07, improvement is 2.25 percent.
[INFO DPL-0303] Running algorithm for vertical swaps.
[INFO DPL-0308] Pass   1 of vertical swaps; hpwl is 1.597553e+07.
[INFO DPL-0309] End of vertical swaps; objective is 1.597553e+07, improvement is 0.55 percent.
[INFO DPL-0303] Running algorithm for reordering.
[INFO DPL-0304] Pass   1 of reordering; objective is 1.594557e+07.
[INFO DPL-0305] End of reordering; objective is 1.594557e+07, improvement is 0.19 percent.
[INFO DPL-0303] Running algorithm for random improvement.
[INFO DPL-0324] Random improver is using random generator.
[INFO DPL-0325] Random improver is using hpwl objective.
[INFO DPL-0326] Random improver cost string is (a).
[INFO DPL-0332] End of pass, Generator random called 145120 times.
[INFO DPL-0335] Generator random, Cumulative attempts 145120, swaps 17004, moves 47230 since last reset.
[INFO DPL-0333] End of pass, Objective hpwl, Initial cost 1.586178e+07, Scratch cost 1.564624e+07, Incremental cost 1.564624e+07, Mismatch? N
[INFO DPL-0338] End of pass, Total cost is 1.564624e+07.
[INFO DPL-0327] Pass   1 of random improver; improvement in cost is 1.36 percent.
[INFO DPL-0332] End of pass, Generator random called 145120 times.
[INFO DPL-0335] Generator random, Cumulative attempts 290240, swaps 33362, moves 94419 since last reset.
[INFO DPL-0333] End of pass, Objective hpwl, Initial cost 1.564624e+07, Scratch cost 1.555627e+07, Incremental cost 1.555627e+07, Mismatch? N
[INFO DPL-0338] End of pass, Total cost is 1.555627e+07.
[INFO DPL-0327] Pass   2 of random improver; improvement in cost is 0.58 percent.
[INFO DPL-0328] End of random improver; improvement is 1.926070 percent.
[INFO DPL-0380] Cell flipping.
[INFO DPL-0382] Changed 0 cell orientations for row compatibility.
[INFO DPL-0383] Performed 1852 cell flips.
[INFO DPL-0384] End of flipping; objective is 1.532757e+07, improvement is 2.00 percent.
[INFO DPL-0313] Found 0 cells in wrong regions.
[INFO DPL-0315] Found 0 row alignment problems.
[INFO DPL-0314] Found 0 site alignment problems.
[INFO DPL-0311] Found 0 overlaps between adjacent cells.
[INFO DPL-0312] Found 0 edge spacing violations and 0 padding violations.
Detailed Improvement Results
------------------------------------------
Original HPWL            16466.3 u (    7082.2,     9384.2)
Final HPWL               15293.3 u (    6744.1,     8549.1)
Delta HPWL                  -7.1 % (      -4.8,       -8.9)

optimize_mirroring
[INFO DPL-0020] Mirrored 745 instances
[INFO DPL-0021] HPWL before           15293.3 u
[INFO DPL-0022] HPWL after            15260.3 u
[INFO DPL-0023] HPWL delta               -0.2 %
[INFO FLW-0012] Placement violations .
estimate_parasitics -placement
Report metrics stage 3, detailed place...

==========================================================================
detailed place report_design_area
--------------------------------------------------------------------------
Design area 783 um^2 36% utilization.
write_db ./results/asap7/int8_dw3x1/cnn_pilot_20260910/3_5_place_dp.odb
write_sdc -no_timestamp ./results/asap7/int8_dw3x1/cnn_pilot_20260910/3_place.sdc
Elapsed time: 0:05.12[h:]min:sec. CPU time: user 4.81 sys 0.21 (98%). Peak memory: 254516KB.
Log                       Ext     Elapsed/s Peak Memory/MB sha1sum result [0:20)
3_5_place_dp              .odb            5            248 ced8f89a5b5c033cf3b3
